Archive member included to satisfy reference by file (symbol)

c:/nxp/lpcxpresso_8.2.2_650/lpcxpresso/tools/bin/../lib/gcc/arm-none-eabi/5.4.1/armv7-m\libgcc.a(_arm_addsubdf3.o)
                              ./Walk/ForwardKinematics.o (__aeabi_dsub)
c:/nxp/lpcxpresso_8.2.2_650/lpcxpresso/tools/bin/../lib/gcc/arm-none-eabi/5.4.1/armv7-m\libgcc.a(_arm_muldivdf3.o)
                              ./Walk/ForwardKinematics.o (__aeabi_dmul)
c:/nxp/lpcxpresso_8.2.2_650/lpcxpresso/tools/bin/../lib/gcc/arm-none-eabi/5.4.1/armv7-m\libgcc.a(_arm_cmpdf2.o)
                              ./Walk/ParallelLeg.o (__aeabi_dcmpeq)
c:/nxp/lpcxpresso_8.2.2_650/lpcxpresso/tools/bin/../lib/gcc/arm-none-eabi/5.4.1/armv7-m\libgcc.a(_arm_fixdfsi.o)
                              ./mbed-src/targets/hal/TARGET_NXP/TARGET_LPC176X/spi_api.o (__aeabi_d2iz)
c:/nxp/lpcxpresso_8.2.2_650/lpcxpresso/tools/bin/../lib/gcc/arm-none-eabi/5.4.1/armv7-m\libgcc.a(_arm_truncdfsf2.o)
                              ./mbed-src/targets/hal/TARGET_NXP/TARGET_LPC176X/serial_api.o (__aeabi_d2f)
c:/nxp/lpcxpresso_8.2.2_650/lpcxpresso/tools/bin/../lib/gcc/arm-none-eabi/5.4.1/armv7-m\libgcc.a(_arm_addsubsf3.o)
                              ./mbed-src/targets/hal/TARGET_NXP/TARGET_LPC176X/serial_api.o (__aeabi_fsub)
c:/nxp/lpcxpresso_8.2.2_650/lpcxpresso/tools/bin/../lib/gcc/arm-none-eabi/5.4.1/armv7-m\libgcc.a(_arm_muldivsf3.o)
                              ./mbed-src/targets/hal/TARGET_NXP/TARGET_LPC176X/analogin_api.o (__aeabi_fmul)
c:/nxp/lpcxpresso_8.2.2_650/lpcxpresso/tools/bin/../lib/gcc/arm-none-eabi/5.4.1/armv7-m\libgcc.a(_arm_cmpsf2.o)
                              ./PID.o (__aeabi_fcmpeq)
c:/nxp/lpcxpresso_8.2.2_650/lpcxpresso/tools/bin/../lib/gcc/arm-none-eabi/5.4.1/armv7-m\libgcc.a(_arm_fixsfsi.o)
                              ./mbed-src/targets/hal/TARGET_NXP/TARGET_LPC176X/analogout_api.o (__aeabi_f2iz)
c:/nxp/lpcxpresso_8.2.2_650/lpcxpresso/tools/bin/../lib/gcc/arm-none-eabi/5.4.1/armv7-m\libgcc.a(_arm_fixunssfsi.o)
                              ./mbed-src/targets/hal/TARGET_NXP/TARGET_LPC176X/pwmout_api.o (__aeabi_f2uiz)
c:/nxp/lpcxpresso_8.2.2_650/lpcxpresso/tools/bin/../lib/gcc/arm-none-eabi/5.4.1/armv7-m\libgcc.a(_aeabi_uldivmod.o)
                              ./mbed-src/targets/cmsis/TARGET_NXP/TARGET_LPC176X/system_LPC17xx.o (__aeabi_uldivmod)
c:/nxp/lpcxpresso_8.2.2_650/lpcxpresso/tools/bin/../lib/gcc/arm-none-eabi/5.4.1/armv7-m\libgcc.a(_udivmoddi4.o)
                              c:/nxp/lpcxpresso_8.2.2_650/lpcxpresso/tools/bin/../lib/gcc/arm-none-eabi/5.4.1/armv7-m\libgcc.a(_aeabi_uldivmod.o) (__udivmoddi4)
c:/nxp/lpcxpresso_8.2.2_650/lpcxpresso/tools/bin/../lib/gcc/arm-none-eabi/5.4.1/armv7-m\libgcc.a(_dvmd_tls.o)
                              c:/nxp/lpcxpresso_8.2.2_650/lpcxpresso/tools/bin/../lib/gcc/arm-none-eabi/5.4.1/armv7-m\libgcc.a(_aeabi_uldivmod.o) (__aeabi_ldiv0)
c:/nxp/lpcxpresso_8.2.2_650/lpcxpresso/tools/bin/../lib/gcc/arm-none-eabi/5.4.1/../../../../arm-none-eabi/lib/armv7-m\libc.a(lib_a-errno.o)
                              ./mbed-src/common/retarget.o (__errno)
c:/nxp/lpcxpresso_8.2.2_650/lpcxpresso/tools/bin/../lib/gcc/arm-none-eabi/5.4.1/../../../../arm-none-eabi/lib/armv7-m\libc.a(lib_a-fclose.o)
                              ./mbed-src/common/Stream.o (fclose)
c:/nxp/lpcxpresso_8.2.2_650/lpcxpresso/tools/bin/../lib/gcc/arm-none-eabi/5.4.1/../../../../arm-none-eabi/lib/armv7-m\libc.a(lib_a-fflush.o)
                              c:/nxp/lpcxpresso_8.2.2_650/lpcxpresso/tools/bin/../lib/gcc/arm-none-eabi/5.4.1/../../../../arm-none-eabi/lib/armv7-m\libc.a(lib_a-fclose.o) (__sflush_r)
c:/nxp/lpcxpresso_8.2.2_650/lpcxpresso/tools/bin/../lib/gcc/arm-none-eabi/5.4.1/../../../../arm-none-eabi/lib/armv7-m\libc.a(lib_a-fgetc.o)
                              ./mbed-src/common/Stream.o (fgetc)
c:/nxp/lpcxpresso_8.2.2_650/lpcxpresso/tools/bin/../lib/gcc/arm-none-eabi/5.4.1/../../../../arm-none-eabi/lib/armv7-m\libc.a(lib_a-fgets.o)
                              ./mbed-src/common/Stream.o (fgets)
c:/nxp/lpcxpresso_8.2.2_650/lpcxpresso/tools/bin/../lib/gcc/arm-none-eabi/5.4.1/../../../../arm-none-eabi/lib/armv7-m\libc.a(lib_a-findfp.o)
                              c:/nxp/lpcxpresso_8.2.2_650/lpcxpresso/tools/bin/../lib/gcc/arm-none-eabi/5.4.1/../../../../arm-none-eabi/lib/armv7-m\libc.a(lib_a-fclose.o) (__sinit)
c:/nxp/lpcxpresso_8.2.2_650/lpcxpresso/tools/bin/../lib/gcc/arm-none-eabi/5.4.1/../../../../arm-none-eabi/lib/armv7-m\libc.a(lib_a-fopen.o)
                              ./mbed-src/common/Stream.o (fopen)
c:/nxp/lpcxpresso_8.2.2_650/lpcxpresso/tools/bin/../lib/gcc/arm-none-eabi/5.4.1/../../../../arm-none-eabi/lib/armv7-m\libc.a(lib_a-fprintf.o)
                              ./mbed-src/targets/hal/TARGET_NXP/TARGET_LPC176X/analogin_api.o (fprintf)
[...]
Memory Configuration

Name             Origin             Length             Attributes
MFlash512        0x00000000         0x00080000         xr
RamLoc32         0x100000c8         0x00007f38         xrw
RamAHB32         0x2007c000         0x00008000         xrw
*default*        0x00000000         0xffffffff

Linker script and memory map

LOAD ./mbed-src/targets/hal/TARGET_NXP/TARGET_LPC176X/analogin_api.o
LOAD ./mbed-src/targets/hal/TARGET_NXP/TARGET_LPC176X/analogout_api.o
LOAD ./mbed-src/targets/hal/TARGET_NXP/TARGET_LPC176X/can_api.o
LOAD ./mbed-src/targets/hal/TARGET_NXP/TARGET_LPC176X/ethernet_api.o
LOAD ./mbed-src/targets/hal/TARGET_NXP/TARGET_LPC176X/gpio_api.o
LOAD ./mbed-src/targets/hal/TARGET_NXP/TARGET_LPC176X/gpio_irq_api.o
LOAD ./mbed-src/targets/hal/TARGET_NXP/TARGET_LPC176X/i2c_api.o
LOAD ./mbed-src/targets/hal/TARGET_NXP/TARGET_LPC176X/pinmap.o
LOAD ./mbed-src/targets/hal/TARGET_NXP/TARGET_LPC176X/port_api.o
LOAD ./mbed-src/targets/hal/TARGET_NXP/TARGET_LPC176X/pwmout_api.o
LOAD ./mbed-src/targets/hal/TARGET_NXP/TARGET_LPC176X/rtc_api.o
LOAD ./mbed-src/targets/hal/TARGET_NXP/TARGET_LPC176X/serial_api.o
LOAD ./mbed-src/targets/hal/TARGET_NXP/TARGET_LPC176X/sleep.o
LOAD ./mbed-src/targets/hal/TARGET_NXP/TARGET_LPC176X/spi_api.o
LOAD ./mbed-src/targets/hal/TARGET_NXP/TARGET_LPC176X/us_ticker.o
LOAD ./mbed-src/targets/cmsis/TARGET_NXP/TARGET_LPC176X/TOOLCHAIN_GCC_CR/startup_LPC17xx.o
LOAD ./mbed-src/targets/cmsis/TARGET_NXP/TARGET_LPC176X/cmsis_nvic.o
LOAD ./mbed-src/targets/cmsis/TARGET_NXP/TARGET_LPC176X/system_LPC17xx.o
LOAD ./mbed-src/common/BusIn.o
LOAD ./mbed-src/common/BusInOut.o
LOAD ./mbed-src/common/BusOut.o
LOAD ./mbed-src/common/CAN.o
LOAD ./mbed-src/common/CallChain.o
LOAD ./mbed-src/common/Ethernet.o
LOAD ./mbed-src/common/FileBase.o
LOAD ./mbed-src/common/FileLike.o
LOAD ./mbed-src/common/FilePath.o
LOAD ./mbed-src/common/FileSystemLike.o
LOAD ./mbed-src/common/FunctionPointer.o
LOAD ./mbed-src/common/I2C.o
LOAD ./mbed-src/common/I2CSlave.o
LOAD ./mbed-src/common/InterruptIn.o
LOAD ./mbed-src/common/InterruptManager.o
LOAD ./mbed-src/common/LocalFileSystem.o
LOAD ./mbed-src/common/RawSerial.o
LOAD ./mbed-src/common/SPI.o
LOAD ./mbed-src/common/SPISlave.o
LOAD ./mbed-src/common/Serial.o
LOAD ./mbed-src/common/SerialBase.o
LOAD ./mbed-src/common/Stream.o
LOAD ./mbed-src/common/Ticker.o
LOAD ./mbed-src/common/Timeout.o
LOAD ./mbed-src/common/Timer.o
LOAD ./mbed-src/common/TimerEvent.o
LOAD ./mbed-src/common/board.o
LOAD ./mbed-src/common/exit.o
LOAD ./mbed-src/common/mbed_interface.o
LOAD ./mbed-src/common/pinmap_common.o
LOAD ./mbed-src/common/retarget.o
LOAD ./mbed-src/common/rtc_time.o
LOAD ./mbed-src/common/semihost_api.o
LOAD ./mbed-src/common/us_ticker_api.o
LOAD ./mbed-src/common/wait_api.o
LOAD ./Walk/CANCommand.o
LOAD ./Walk/ForwardKinematics.o
LOAD ./Walk/InverseKinematics.o
LOAD ./Walk/LegPID.o
LOAD ./Walk/MRMode.o
LOAD ./Walk/ParallelLeg.o
LOAD ./Walk/SingleLeg.o
LOAD ./QEI/QEI.o
LOAD ./QEI/QEI_freePin.o
LOAD ./QEI/SingleLegQEI.o
LOAD ./PID.o
LOAD ./Pins.o
LOAD ./functions.o
LOAD ./main.o
START GROUP
LOAD c:/nxp/lpcxpresso_8.2.2_650/lpcxpresso/tools/bin/../lib/gcc/arm-none-eabi/5.4.1/armv7-m\libgcc.a
LOAD c:/nxp/lpcxpresso_8.2.2_650/lpcxpresso/tools/bin/../lib/gcc/arm-none-eabi/5.4.1/../../../../arm-none-eabi/lib/armv7-m\libc.a
LOAD c:/nxp/lpcxpresso_8.2.2_650/lpcxpresso/tools/bin/../lib/gcc/arm-none-eabi/5.4.1/../../../../arm-none-eabi/lib/armv7-m\libstdc++.a
LOAD c:/nxp/lpcxpresso_8.2.2_650/lpcxpresso/tools/bin/../lib/gcc/arm-none-eabi/5.4.1/../../../../arm-none-eabi/lib/armv7-m\libm.a
LOAD c:/nxp/lpcxpresso_8.2.2_650/lpcxpresso/tools/bin/../lib/gcc/arm-none-eabi/5.4.1/../../../../arm-none-eabi/lib/armv7-m\libcr_newlib_nohost.a
LOAD c:/nxp/lpcxpresso_8.2.2_650/lpcxpresso/tools/bin/../lib/gcc/arm-none-eabi/5.4.1/armv7-m\crti.o
LOAD c:/nxp/lpcxpresso_8.2.2_650/lpcxpresso/tools/bin/../lib/gcc/arm-none-eabi/5.4.1/armv7-m\crtn.o
LOAD c:/nxp/lpcxpresso_8.2.2_650/lpcxpresso/tools/bin/../lib/gcc/arm-none-eabi/5.4.1/armv7-m\crtbegin.o
LOAD c:/nxp/lpcxpresso_8.2.2_650/lpcxpresso/tools/bin/../lib/gcc/arm-none-eabi/5.4.1/armv7-m\crtend.o
END GROUP
                0x00080000                __top_MFlash512 = 0x80000
                0x10008000                __top_RamLoc32 = 0x10008000
                0x20084000                __top_RamAHB32 = 0x20084000

.text           0x00000000    0x156cc
 FILL mask 0xff
 *(.isr_vector)
 .isr_vector    0x00000000       0xcc ./mbed-src/targets/cmsis/TARGET_NXP/TARGET_LPC176X/TOOLCHAIN_GCC_CR/startup_LPC17xx.o
                0x00000000                g_pfnVectors
                0x000000cc                . = ALIGN (0x4)
                0x000000cc                __section_table_start = .
                0x000000cc                __data_section_table = .
                0x000000cc        0x4 LONG 0x1581c LOADADDR (.data)
                0x000000d0        0x4 LONG 0x100000c8 ADDR (.data)
                0x000000d4        0x4 LONG 0x8cc SIZEOF (.data)
                0x000000d8        0x4 LONG 0x1581c LOADADDR (.data_RAM2)
                0x000000dc        0x4 LONG 0x2007c000 ADDR (.data_RAM2)
                0x000000e0        0x4 LONG 0x0 SIZEOF (.data_RAM2)
                0x000000e4                __data_section_table_end = .
                0x000000e4                __bss_section_table = .
                0x000000e4        0x4 LONG 0x10000998 ADDR (.bss)
                0x000000e8        0x4 LONG 0x10fc SIZEOF (.bss)
                0x000000ec        0x4 LONG 0x2007c000 ADDR (.bss_RAM2)
                0x000000f0        0x4 LONG 0x0 SIZEOF (.bss_RAM2)
                0x000000f4                __bss_section_table_end = .
                0x000000f4                __section_table_end = .
 *(.after_vectors*)
 .after_vectors
                0x000000f4      0x170 ./mbed-src/targets/cmsis/TARGET_NXP/TARGET_LPC176X/TOOLCHAIN_GCC_CR/startup_LPC17xx.o
                0x000000f4                data_init
                0x00000138                bss_init
                0x00000170                ResetISR
                0x000001ec                NMI_Handler
                0x000001f8                HardFault_Handler
                0x00000204                MemManage_Handler
                0x00000210                BusFault_Handler
                0x0000021c                UsageFault_Handler
                0x00000228                SVCall_Handler
                0x00000234                DebugMon_Handler
                0x00000240                PendSV_Handler
                0x0000024c                SysTick_Handler
                0x00000258                EINT2_IRQHandler
                0x00000258                UART1_IRQHandler
                0x00000258                EINT3_IRQHandler
                0x00000258                CANActivity_IRQHandler
                0x00000258                TIMER3_IRQHandler
                0x00000258                UART0_IRQHandler
                0x00000258                USBActivity_IRQHandler
                0x00000258                I2C1_IRQHandler
                0x00000258                IntDefaultHandler
                0x00000258                PLL0_IRQHandler
                0x00000258                I2C0_IRQHandler
                0x00000258                PLL1_IRQHandler
                0x00000258                PWM1_IRQHandler
                0x00000258                I2S_IRQHandler
                0x00000258                I2C2_IRQHandler
                0x00000258                RTC_IRQHandler
                0x00000258                TIMER0_IRQHandler
                0x00000258                SPI_IRQHandler
                0x00000258                RIT_IRQHandler
                0x00000258                EINT1_IRQHandler
                0x00000258                TIMER1_IRQHandler
                0x00000258                UART2_IRQHandler
                0x00000258                ADC_IRQHandler
                0x00000258                SSP1_IRQHandler
                0x00000258                USB_IRQHandler
                0x00000258                BOD_IRQHandler
                0x00000258                SSP0_IRQHandler
                0x00000258                WDT_IRQHandler
                0x00000258                QEI_IRQHandler
                0x00000258                EINT0_IRQHandler
                0x00000258                TIMER2_IRQHandler
                0x00000258                DMA_IRQHandler
                0x00000258                CAN_IRQHandler
                0x00000258                UART3_IRQHandler
                0x00000258                MCPWM_IRQHandler
                0x00000258                ENET_IRQHandler
 *(.text*)
 .text.NVIC_DisableIRQ
                0x00000264       0x34 ./mbed-src/targets/hal/TARGET_NXP/TARGET_LPC176X/can_api.o
 .text.can_disable
                0x00000298       0x2c ./mbed-src/targets/hal/TARGET_NXP/TARGET_LPC176X/can_api.o
 .text.can_irq_init
                0x000002c4       0x30 ./mbed-src/targets/hal/TARGET_NXP/TARGET_LPC176X/can_api.o
                0x000002c4                can_irq_init
 .text.can_irq_free
                0x000002f4       0x48 ./mbed-src/targets/hal/TARGET_NXP/TARGET_LPC176X/can_api.o
                0x000002f4                can_irq_free
 .text.can_pclk
                0x0000033c       0x70 ./mbed-src/targets/hal/TARGET_NXP/TARGET_LPC176X/can_api.o
 .text.can_speed
                0x000003ac       0xcc ./mbed-src/targets/hal/TARGET_NXP/TARGET_LPC176X/can_api.o
 .text.can_init
                0x00000478      0x100 ./mbed-src/targets/hal/TARGET_NXP/TARGET_LPC176X/can_api.o
                0x00000478                can_init
 .text.can_free
                0x00000578       0x54 ./mbed-src/targets/hal/TARGET_NXP/TARGET_LPC176X/can_api.o
                0x00000578                can_free
 .text.can_frequency
                0x000005cc       0x54 ./mbed-src/targets/hal/TARGET_NXP/TARGET_LPC176X/can_api.o
                0x000005cc                can_frequency
 .text.can_reset
                0x00000620       0x20 ./mbed-src/targets/hal/TARGET_NXP/TARGET_LPC176X/can_api.o
                0x00000620                can_reset
 .text.gpio_set
                0x00000640       0x24 ./mbed-src/targets/hal/TARGET_NXP/TARGET_LPC176X/gpio_api.o
                0x00000640                gpio_set
 .text.gpio_init
                0x00000664       0x88 ./mbed-src/targets/hal/TARGET_NXP/TARGET_LPC176X/gpio_api.o
                0x00000664                gpio_init
 .text.gpio_mode
                0x000006ec       0x24 ./mbed-src/targets/hal/TARGET_NXP/TARGET_LPC176X/gpio_api.o
                0x000006ec                gpio_mode
 .text.gpio_dir
                0x00000710       0x4c ./mbed-src/targets/hal/TARGET_NXP/TARGET_LPC176X/gpio_api.o
                0x00000710                gpio_dir
 .text.NVIC_EnableIRQ
                0x0000075c       0x30 ./mbed-src/targets/hal/TARGET_NXP/TARGET_LPC176X/gpio_irq_api.o
 .text.handle_interrupt_in
                0x0000078c      0x1d4 ./mbed-src/targets/hal/TARGET_NXP/TARGET_LPC176X/gpio_irq_api.o
 .text.gpio_irq_init
                0x00000960       0xbc ./mbed-src/targets/hal/TARGET_NXP/TARGET_LPC176X/gpio_irq_api.o
                0x00000960                gpio_irq_init
 .text.gpio_irq_free
                0x00000a1c       0x24 ./mbed-src/targets/hal/TARGET_NXP/TARGET_LPC176X/gpio_irq_api.o
                0x00000a1c                gpio_irq_free
 .text.gpio_irq_set
                0x00000a40      0x154 ./mbed-src/targets/hal/TARGET_NXP/TARGET_LPC176X/gpio_irq_api.o
                0x00000a40                gpio_irq_set
 .text.pin_function
                0x00000b94       0x74 ./mbed-src/targets/hal/TARGET_NXP/TARGET_LPC176X/pinmap.o
                0x00000b94                pin_function
 .text.pin_mode
                0x00000c08       0xdc ./mbed-src/targets/hal/TARGET_NXP/TARGET_LPC176X/pinmap.o
                0x00000c08                pin_mode
 .text.pwmout_init
                0x00000ce4       0xd8 ./mbed-src/targets/hal/TARGET_NXP/TARGET_LPC176X/pwmout_api.o
                0x00000ce4                pwmout_init
 .text.pwmout_write
                0x00000dbc       0x90 ./mbed-src/targets/hal/TARGET_NXP/TARGET_LPC176X/pwmout_api.o
                0x00000dbc                pwmout_write
 .text.pwmout_period_ms
                0x00000e4c       0x24 ./mbed-src/targets/hal/TARGET_NXP/TARGET_LPC176X/pwmout_api.o
                0x00000e4c                pwmout_period_ms
 .text.pwmout_period_us
                0x00000e70       0x68 ./mbed-src/targets/hal/TARGET_NXP/TARGET_LPC176X/pwmout_api.o
                0x00000e70                pwmout_period_us
 .text.serial_init
                0x00000ed8      0x1a8 ./mbed-src/targets/hal/TARGET_NXP/TARGET_LPC176X/serial_api.o
                0x00000ed8                serial_init
 .text.serial_baud
                0x00001080      0x2d8 ./mbed-src/targets/hal/TARGET_NXP/TARGET_LPC176X/serial_api.o
                0x00001080                serial_baud
 .text.serial_format
                0x00001358      0x108 ./mbed-src/targets/hal/TARGET_NXP/TARGET_LPC176X/serial_api.o
                0x00001358                serial_format
 .text.serial_irq_handler
                0x00001460       0x30 ./mbed-src/targets/hal/TARGET_NXP/TARGET_LPC176X/serial_api.o
                0x00001460                serial_irq_handler
 .text.serial_getc
                0x00001490       0x28 ./mbed-src/targets/hal/TARGET_NXP/TARGET_LPC176X/serial_api.o
                0x00001490                serial_getc
 .text.serial_putc
                0x000014b8       0x38 ./mbed-src/targets/hal/TARGET_NXP/TARGET_LPC176X/serial_api.o
                0x000014b8                serial_putc
 .text.serial_readable
                0x000014f0       0x20 ./mbed-src/targets/hal/TARGET_NXP/TARGET_LPC176X/serial_api.o
                0x000014f0                serial_readable
 .text.serial_writable
                0x00001510       0x3c ./mbed-src/targets/hal/TARGET_NXP/TARGET_LPC176X/serial_api.o
                0x00001510                serial_writable
 .text.NVIC_EnableIRQ
                0x0000154c       0x30 ./mbed-src/targets/hal/TARGET_NXP/TARGET_LPC176X/us_ticker.o
 .text.us_ticker_init
                0x0000157c       0x84 ./mbed-src/targets/hal/TARGET_NXP/TARGET_LPC176X/us_ticker.o
                0x0000157c                us_ticker_init
 .text.us_ticker_read
                0x00001600       0x20 ./mbed-src/targets/hal/TARGET_NXP/TARGET_LPC176X/us_ticker.o
                0x00001600                us_ticker_read
 .text.us_ticker_set_interrupt
                0x00001620       0x28 ./mbed-src/targets/hal/TARGET_NXP/TARGET_LPC176X/us_ticker.o
                0x00001620                us_ticker_set_interrupt
 .text.us_ticker_disable_interrupt
                0x00001648       0x1c ./mbed-src/targets/hal/TARGET_NXP/TARGET_LPC176X/us_ticker.o
                0x00001648                us_ticker_disable_interrupt
 .text.us_ticker_clear_interrupt
                0x00001664       0x18 ./mbed-src/targets/hal/TARGET_NXP/TARGET_LPC176X/us_ticker.o
                0x00001664                us_ticker_clear_interrupt
 .text.__aeabi_atexit
                0x0000167c       0x18 ./mbed-src/targets/cmsis/TARGET_NXP/TARGET_LPC176X/TOOLCHAIN_GCC_CR/startup_LPC17xx.o
                0x0000167c                __aeabi_atexit
 .text._Znwj    0x00001694       0x18 ./mbed-src/targets/cmsis/TARGET_NXP/TARGET_LPC176X/TOOLCHAIN_GCC_CR/startup_LPC17xx.o
                0x00001694                operator new(unsigned int)
 .text._ZdlPv   0x000016ac       0x18 ./mbed-src/targets/cmsis/TARGET_NXP/TARGET_LPC176X/TOOLCHAIN_GCC_CR/startup_LPC17xx.o
                0x000016ac                operator delete(void*)
 .text.NVIC_SetVector
                0x000016c4       0x70 ./mbed-src/targets/cmsis/TARGET_NXP/TARGET_LPC176X/cmsis_nvic.o
                0x000016c4                NVIC_SetVector
 .text.SystemInit
                0x00001734       0xf4 ./mbed-src/targets/cmsis/TARGET_NXP/TARGET_LPC176X/system_LPC17xx.o
                0x00001734                SystemInit
 .text.gpio_read
                0x00001828       0x28 ./mbed-src/common/BusIn.o
 .text._ZN4mbed9DigitalInC2E7PinName
                0x00001850       0x20 ./mbed-src/common/BusIn.o
                0x00001850                mbed::DigitalIn::DigitalIn(PinName)
                0x00001850                mbed::DigitalIn::DigitalIn(PinName)
 .text._ZN4mbed9DigitalIn4readEv
                0x00001870       0x1c ./mbed-src/common/BusIn.o
                0x00001870                mbed::DigitalIn::read()
 .text.gpio_write
                0x0000188c       0x30 ./mbed-src/common/BusOut.o
 .text._ZN4mbed10DigitalOutC2E7PinName
                0x000018bc       0x20 ./mbed-src/common/BusOut.o
                0x000018bc                mbed::DigitalOut::DigitalOut(PinName)
                0x000018bc                mbed::DigitalOut::DigitalOut(PinName)
 .text._ZN4mbed10DigitalOut5writeEi
                0x000018dc       0x1c ./mbed-src/common/BusOut.o
                0x000018dc                mbed::DigitalOut::write(int)
 .text._ZN4mbed3CANC2E7PinNameS1_
                0x000018f8       0x5c ./mbed-src/common/CAN.o
                0x000018f8                mbed::CAN::CAN(PinName, PinName)
                0x000018f8                mbed::CAN::CAN(PinName, PinName)
 .text._ZN4mbed3CAND2Ev
                0x00001954       0x3c ./mbed-src/common/CAN.o
                0x00001954                mbed::CAN::~CAN()
                0x00001954                mbed::CAN::~CAN()
 .text._ZN4mbed3CAND0Ev
                0x00001990       0x20 ./mbed-src/common/CAN.o
                0x00001990                mbed::CAN::~CAN()
 .text._ZN4mbed3CAN9frequencyEi
                0x000019b0       0x20 ./mbed-src/common/CAN.o
                0x000019b0                mbed::CAN::frequency(int)
 .text._ZN4mbed3CAN12_irq_handlerEm10CanIrqType
                0x000019d0       0x30 ./mbed-src/common/CAN.o
                0x000019d0                mbed::CAN::_irq_handler(unsigned long, CanIrqType)
 .text._ZN4mbed8FileBaseC2EPKcNS_8PathTypeE
                0x00001a00       0x50 ./mbed-src/common/FileBase.o
                0x00001a00                mbed::FileBase::FileBase(char const*, mbed::PathType)
                0x00001a00                mbed::FileBase::FileBase(char const*, mbed::PathType)
 .text._ZN4mbed8FileBaseD2Ev
                0x00001a50       0x68 ./mbed-src/common/FileBase.o
                0x00001a50                mbed::FileBase::~FileBase()
                0x00001a50                mbed::FileBase::~FileBase()
 .text._ZN4mbed8FileBaseD0Ev
                0x00001ab8       0x20 ./mbed-src/common/FileBase.o
                0x00001ab8                mbed::FileBase::~FileBase()
 .text._ZN4mbed8FileBase6lookupEPKcj
                0x00001ad8       0x68 ./mbed-src/common/FileBase.o
                0x00001ad8                mbed::FileBase::lookup(char const*, unsigned int)
 .text._ZN4mbed8FileBase11getPathTypeEv
                0x00001b40       0x18 ./mbed-src/common/FileBase.o
                0x00001b40                mbed::FileBase::getPathType()
 .text._ZN4mbed10FileHandle4flenEv
                0x00001b58       0x54 ./mbed-src/common/FileLike.o
                0x00001b58                mbed::FileHandle::flen()
 .text._ZN4mbed10FileHandleC2Ev
                0x00001bac       0x20 ./mbed-src/common/FileLike.o
                0x00001bac                mbed::FileHandle::FileHandle()
                0x00001bac                mbed::FileHandle::FileHandle()
 .text._ZN4mbed8FileLikeC2EPKc
                0x00001bcc       0x40 ./mbed-src/common/FileLike.o
                0x00001bcc                mbed::FileLike::FileLike(char const*)
                0x00001bcc                mbed::FileLike::FileLike(char const*)
 .text._ZN4mbed8FileLikeD2Ev
                0x00001c0c       0x44 ./mbed-src/common/FileLike.o
                0x00001c0c                mbed::FileLike::~FileLike()
                0x00001c0c                mbed::FileLike::~FileLike()
 .text._ZN4mbed8FilePathC2EPKc
                0x00001c50       0x88 ./mbed-src/common/FilePath.o
                0x00001c50                mbed::FilePath::FilePath(char const*)
                0x00001c50                mbed::FilePath::FilePath(char const*)
 .text._ZN4mbed8FilePath8fileNameEv
                0x00001cd8       0x18 ./mbed-src/common/FilePath.o
                0x00001cd8                mbed::FilePath::fileName()
 .text._ZN4mbed8FilePath12isFileSystemEv
                0x00001cf0       0x34 ./mbed-src/common/FilePath.o
                0x00001cf0                mbed::FilePath::isFileSystem()
 .text._ZN4mbed8FilePath10fileSystemEv
                0x00001d24       0x24 ./mbed-src/common/FilePath.o
                0x00001d24                mbed::FilePath::fileSystem()
 .text._ZN4mbed8FilePath6isFileEv
                0x00001d48       0x34 ./mbed-src/common/FilePath.o
                0x00001d48                mbed::FilePath::isFile()
 .text._ZN4mbed8FilePath4fileEv
                0x00001d7c       0x34 ./mbed-src/common/FilePath.o
                0x00001d7c                mbed::FilePath::file()
 .text._ZN4mbed8FilePath6existsEv
                0x00001db0       0x20 ./mbed-src/common/FilePath.o
                0x00001db0                mbed::FilePath::exists()
 .text._ZN4mbed9DirHandle7telldirEv
                0x00001dd0       0x18 ./mbed-src/common/FileSystemLike.o
                0x00001dd0                mbed::DirHandle::telldir()
 .text._ZN4mbed9DirHandle7seekdirEl
                0x00001de8       0x14 ./mbed-src/common/FileSystemLike.o
                0x00001de8                mbed::DirHandle::seekdir(long)
 .text._ZN4mbed9DirHandleD2Ev
                0x00001dfc       0x28 ./mbed-src/common/FileSystemLike.o
                0x00001dfc                mbed::DirHandle::~DirHandle()
                0x00001dfc                mbed::DirHandle::~DirHandle()
 .text._ZN4mbed9DirHandleD0Ev
                0x00001e24       0x20 ./mbed-src/common/FileSystemLike.o
                0x00001e24                mbed::DirHandle::~DirHandle()
 .text._ZN4mbed14FileSystemLike6removeEPKc
                0x00001e44       0x18 ./mbed-src/common/FileSystemLike.o
                0x00001e44                mbed::FileSystemLike::remove(char const*)
 .text._ZN4mbed14FileSystemLike6renameEPKcS2_
                0x00001e5c       0x1c ./mbed-src/common/FileSystemLike.o
                0x00001e5c                mbed::FileSystemLike::rename(char const*, char const*)
 .text._ZN4mbed14FileSystemLike7opendirEPKc
                0x00001e78       0x18 ./mbed-src/common/FileSystemLike.o
                0x00001e78                mbed::FileSystemLike::opendir(char const*)
 .text._ZN4mbed14FileSystemLike5mkdirEPKcm
                0x00001e90       0x1c ./mbed-src/common/FileSystemLike.o
                0x00001e90                mbed::FileSystemLike::mkdir(char const*, unsigned long)
 .text._ZN4mbed9DirHandleC2Ev
                0x00001eac       0x20 ./mbed-src/common/FileSystemLike.o
                0x00001eac                mbed::DirHandle::DirHandle()
                0x00001eac                mbed::DirHandle::DirHandle()
 .text._ZN4mbed14FileSystemLikeC2EPKc
                0x00001ecc       0x2c ./mbed-src/common/FileSystemLike.o
                0x00001ecc                mbed::FileSystemLike::FileSystemLike(char const*)
                0x00001ecc                mbed::FileSystemLike::FileSystemLike(char const*)
 .text._ZN4mbed14FileSystemLikeD2Ev
                0x00001ef8       0x30 ./mbed-src/common/FileSystemLike.o
                0x00001ef8                mbed::FileSystemLike::~FileSystemLike()
                0x00001ef8                mbed::FileSystemLike::~FileSystemLike()
 .text._ZN4mbed15FunctionPointerC2EPFvvE
                0x00001f28       0x1c ./mbed-src/common/FunctionPointer.o
                0x00001f28                mbed::FunctionPointer::FunctionPointer(void (*)())
                0x00001f28                mbed::FunctionPointer::FunctionPointer(void (*)())
 .text._ZN4mbed15FunctionPointer6attachEPFvvE
                0x00001f44       0x20 ./mbed-src/common/FunctionPointer.o
                0x00001f44                mbed::FunctionPointer::attach(void (*)())
 .text._ZN4mbed15FunctionPointer4callEv
                0x00001f64       0x38 ./mbed-src/common/FunctionPointer.o
                0x00001f64                mbed::FunctionPointer::call()
 .text.gpio_read
                0x00001f9c       0x28 ./mbed-src/common/InterruptIn.o
 .text._ZN4mbed11InterruptInC2E7PinName
                0x00001fc4       0x58 ./mbed-src/common/InterruptIn.o
                0x00001fc4                mbed::InterruptIn::InterruptIn(PinName)
                0x00001fc4                mbed::InterruptIn::InterruptIn(PinName)
 .text._ZN4mbed11InterruptInD2Ev
                0x0000201c       0x34 ./mbed-src/common/InterruptIn.o
                0x0000201c                mbed::InterruptIn::~InterruptIn()
                0x0000201c                mbed::InterruptIn::~InterruptIn()
 .text._ZN4mbed11InterruptInD0Ev
                0x00002050       0x20 ./mbed-src/common/InterruptIn.o
                0x00002050                mbed::InterruptIn::~InterruptIn()
 .text._ZN4mbed11InterruptIn4readEv
                0x00002070       0x1c ./mbed-src/common/InterruptIn.o
                0x00002070                mbed::InterruptIn::read()
 .text._ZN4mbed11InterruptIn12_irq_handlerEm14gpio_irq_event
                0x0000208c       0x40 ./mbed-src/common/InterruptIn.o
                0x0000208c                mbed::InterruptIn::_irq_handler(unsigned long, gpio_irq_event)
 .text.__semihost
                0x000020cc       0x24 ./mbed-src/common/LocalFileSystem.o
 .text._ZN4mbedL6xffindEPKcPNS_6XFINFOE
                0x000020f0       0x38 ./mbed-src/common/LocalFileSystem.o
 .text._ZN4mbed28posix_to_semihost_open_flagsEi
                0x00002128       0x7c ./mbed-src/common/LocalFileSystem.o
                0x00002128                mbed::posix_to_semihost_open_flags(int)
 .text._ZN4mbed15LocalFileHandleC2Ei
                0x000021a4       0x34 ./mbed-src/common/LocalFileSystem.o
                0x000021a4                mbed::LocalFileHandle::LocalFileHandle(int)
                0x000021a4                mbed::LocalFileHandle::LocalFileHandle(int)
 .text._ZN4mbed15LocalFileHandle5closeEv
                0x000021d8       0x30 ./mbed-src/common/LocalFileSystem.o
                0x000021d8                mbed::LocalFileHandle::close()
 .text._ZN4mbed15LocalFileHandle5writeEPKvj
                0x00002208       0x3c ./mbed-src/common/LocalFileSystem.o
                0x00002208                mbed::LocalFileHandle::write(void const*, unsigned int)
 .text._ZN4mbed15LocalFileHandle4readEPvj
                0x00002244       0x3c ./mbed-src/common/LocalFileSystem.o
                0x00002244                mbed::LocalFileHandle::read(void*, unsigned int)
 .text._ZN4mbed15LocalFileHandle6isattyEv
                0x00002280       0x1c ./mbed-src/common/LocalFileSystem.o
                0x00002280                mbed::LocalFileHandle::isatty()
 .text._ZN4mbed15LocalFileHandle5lseekEli
                0x0000229c       0x54 ./mbed-src/common/LocalFileSystem.o
                0x0000229c                mbed::LocalFileHandle::lseek(long, int)
 .text._ZN4mbed15LocalFileHandle5fsyncEv
                0x000022f0       0x1c ./mbed-src/common/LocalFileSystem.o
                0x000022f0                mbed::LocalFileHandle::fsync()
 .text._ZN4mbed15LocalFileHandle4flenEv
                0x0000230c       0x1c ./mbed-src/common/LocalFileSystem.o
                0x0000230c                mbed::LocalFileHandle::flen()
 .text._ZN4mbed14LocalDirHandleC2Ev
                0x00002328       0x2c ./mbed-src/common/LocalFileSystem.o
                0x00002328                mbed::LocalDirHandle::LocalDirHandle()
                0x00002328                mbed::LocalDirHandle::LocalDirHandle()
 .text._ZN4mbed14LocalDirHandle8closedirEv
                0x00002354       0x24 ./mbed-src/common/LocalFileSystem.o
                0x00002354                mbed::LocalDirHandle::closedir()
 .text._ZN4mbed14LocalDirHandle7readdirEv
                0x00002378       0x4c ./mbed-src/common/LocalFileSystem.o
                0x00002378                mbed::LocalDirHandle::readdir()
 .text._ZN4mbed14LocalDirHandle9rewinddirEv
                0x000023c4       0x1c ./mbed-src/common/LocalFileSystem.o
                0x000023c4                mbed::LocalDirHandle::rewinddir()
 .text._ZN4mbed14LocalDirHandle7telldirEv
                0x000023e0       0x18 ./mbed-src/common/LocalFileSystem.o
                0x000023e0                mbed::LocalDirHandle::telldir()
 .text._ZN4mbed14LocalDirHandle7seekdirEl
                0x000023f8       0x1c ./mbed-src/common/LocalFileSystem.o
                0x000023f8                mbed::LocalDirHandle::seekdir(long)
 .text._ZN4mbed15LocalFileSystem4openEPKci
                0x00002414       0x74 ./mbed-src/common/LocalFileSystem.o
                0x00002414                mbed::LocalFileSystem::open(char const*, int)
 .text._ZN4mbed15LocalFileSystem6removeEPKc
                0x00002488       0x1c ./mbed-src/common/LocalFileSystem.o
                0x00002488                mbed::LocalFileSystem::remove(char const*)
 .text._ZN4mbed15LocalFileSystem7opendirEPKc
                0x000024a4       0x28 ./mbed-src/common/LocalFileSystem.o
                0x000024a4                mbed::LocalFileSystem::opendir(char const*)
 .text._ZN4mbed14LocalDirHandleD2Ev
                0x000024cc       0x30 ./mbed-src/common/LocalFileSystem.o
                0x000024cc                mbed::LocalDirHandle::~LocalDirHandle()
                0x000024cc                mbed::LocalDirHandle::~LocalDirHandle()
 .text._ZN4mbed14LocalDirHandleD0Ev
                0x000024fc       0x20 ./mbed-src/common/LocalFileSystem.o
                0x000024fc                mbed::LocalDirHandle::~LocalDirHandle()
 .text._ZN4mbed15LocalFileSystemD2Ev
                0x0000251c       0x30 ./mbed-src/common/LocalFileSystem.o
                0x0000251c                mbed::LocalFileSystem::~LocalFileSystem()
                0x0000251c                mbed::LocalFileSystem::~LocalFileSystem()
 .text._ZN4mbed15LocalFileSystemD0Ev
                0x0000254c       0x20 ./mbed-src/common/LocalFileSystem.o
                0x0000254c                mbed::LocalFileSystem::~LocalFileSystem()
 .text._ZN4mbed15LocalFileHandleD2Ev
                0x0000256c       0x30 ./mbed-src/common/LocalFileSystem.o
                0x0000256c                mbed::LocalFileHandle::~LocalFileHandle()
                0x0000256c                mbed::LocalFileHandle::~LocalFileHandle()
 .text._ZN4mbed15LocalFileHandleD0Ev
                0x0000259c       0x20 ./mbed-src/common/LocalFileSystem.o
                0x0000259c                mbed::LocalFileHandle::~LocalFileHandle()
 .text._ZN4mbed6SerialC2E7PinNameS1_PKc
                0x000025bc       0x44 ./mbed-src/common/Serial.o
                0x000025bc                mbed::Serial::Serial(PinName, PinName, char const*)
                0x000025bc                mbed::Serial::Serial(PinName, PinName, char const*)
 .text._ZN4mbed6Serial5_getcEv
                0x00002600       0x1c ./mbed-src/common/Serial.o
                0x00002600                mbed::Serial::_getc()
 .text._ZN4mbed6Serial5_putcEi
                0x0000261c       0x20 ./mbed-src/common/Serial.o
                0x0000261c                mbed::Serial::_putc(int)
 .text._ZN4mbed6SerialD2Ev
                0x0000263c       0x44 ./mbed-src/common/Serial.o
                0x0000263c                mbed::Serial::~Serial()
                0x0000263c                mbed::Serial::~Serial()
                0x00002678                non-virtual thunk to mbed::Serial::~Serial()
 .text._ZN4mbed6SerialD0Ev
                0x00002680       0x28 ./mbed-src/common/Serial.o
                0x00002680                mbed::Serial::~Serial()
                0x000026a0                non-virtual thunk to mbed::Serial::~Serial()
 .text._ZN4mbed10SerialBaseC2E7PinNameS1_
                0x000026a8       0x58 ./mbed-src/common/SerialBase.o
                0x000026a8                mbed::SerialBase::SerialBase(PinName, PinName)
                0x000026a8                mbed::SerialBase::SerialBase(PinName, PinName)
 .text._ZN4mbed10SerialBase4baudEi
                0x00002700       0x24 ./mbed-src/common/SerialBase.o
                0x00002700                mbed::SerialBase::baud(int)
 .text._ZN4mbed10SerialBase12_irq_handlerEm9SerialIrq
                0x00002724       0x30 ./mbed-src/common/SerialBase.o
                0x00002724                mbed::SerialBase::_irq_handler(unsigned long, SerialIrq)
 .text._ZN4mbed10SerialBase10_base_getcEv
                0x00002754       0x1c ./mbed-src/common/SerialBase.o
                0x00002754                mbed::SerialBase::_base_getc()
 .text._ZN4mbed10SerialBase10_base_putcEi
                0x00002770       0x20 ./mbed-src/common/SerialBase.o
                0x00002770                mbed::SerialBase::_base_putc(int)
 .text._ZN4mbed6StreamC2EPKc
                0x00002790       0x68 ./mbed-src/common/Stream.o
                0x00002790                mbed::Stream::Stream(char const*)
                0x00002790                mbed::Stream::Stream(char const*)
 .text._ZN4mbed6StreamD2Ev
                0x000027f8       0x44 ./mbed-src/common/Stream.o
                0x000027f8                mbed::Stream::~Stream()
                0x000027f8                mbed::Stream::~Stream()
 .text._ZN4mbed6Stream5closeEv
                0x0000283c       0x14 ./mbed-src/common/Stream.o
                0x0000283c                mbed::Stream::close()
 .text._ZN4mbed6Stream5writeEPKvj
                0x00002850       0x5c ./mbed-src/common/Stream.o
                0x00002850                mbed::Stream::write(void const*, unsigned int)
 .text._ZN4mbed6Stream4readEPvj
                0x000028ac       0x54 ./mbed-src/common/Stream.o
                0x000028ac                mbed::Stream::read(void*, unsigned int)
 .text._ZN4mbed6Stream5lseekEli
                0x00002900       0x18 ./mbed-src/common/Stream.o
                0x00002900                mbed::Stream::lseek(long, int)
 .text._ZN4mbed6Stream6isattyEv
                0x00002918       0x14 ./mbed-src/common/Stream.o
                0x00002918                mbed::Stream::isatty()
 .text._ZN4mbed6Stream5fsyncEv
                0x0000292c       0x14 ./mbed-src/common/Stream.o
                0x0000292c                mbed::Stream::fsync()
 .text._ZN4mbed6Stream4flenEv
                0x00002940       0x14 ./mbed-src/common/Stream.o
                0x00002940                mbed::Stream::flen()
 .text._ZN4mbed5TimerC2Ev
                0x00002954       0x18 ./mbed-src/common/Timer.o
                0x00002954                mbed::Timer::Timer()
                0x00002954                mbed::Timer::Timer()
 .text._ZN4mbed5Timer5startEv
                0x0000296c       0x20 ./mbed-src/common/Timer.o
                0x0000296c                mbed::Timer::start()
 .text._ZN4mbed5Timer7read_usEv
                0x0000298c       0x20 ./mbed-src/common/Timer.o
                0x0000298c                mbed::Timer::read_us()
 .text._ZN4mbed5Timer4readEv
                0x000029ac       0x30 ./mbed-src/common/Timer.o
                0x000029ac                mbed::Timer::read()
 .text._ZN4mbed5Timer9slicetimeEv
                0x000029dc       0x28 ./mbed-src/common/Timer.o
                0x000029dc                mbed::Timer::slicetime()
 .text._ZN4mbed5Timer5resetEv
                0x00002a04       0x20 ./mbed-src/common/Timer.o
                0x00002a04                mbed::Timer::reset()
 .text.gpio_write
                0x00002a24       0x30 ./mbed-src/common/board.o
 .text.mbed_die
                0x00002a54       0xb8 ./mbed-src/common/board.o
                0x00002a54                mbed_die
 .text.exit     0x00002b0c       0x24 ./mbed-src/common/exit.o
                0x00002b0c                exit
 .text.mbed_interface_connected
                0x00002b30       0x10 ./mbed-src/common/mbed_interface.o
                0x00002b30                mbed_interface_connected
 .text.pinmap_pinout
                0x00002b40       0x68 ./mbed-src/common/pinmap_common.o
                0x00002b40                pinmap_pinout
 .text.pinmap_merge
                0x00002ba8       0x54 ./mbed-src/common/pinmap_common.o
                0x00002ba8                pinmap_merge
 .text.pinmap_peripheral
                0x00002bfc       0x5c ./mbed-src/common/pinmap_common.o
                0x00002bfc                pinmap_peripheral
 .text._ZN4mbed10FileHandleD2Ev
                0x00002c58       0x58 ./mbed-src/common/retarget.o
                0x00002c58                mbed::FileHandle::~FileHandle()
                0x00002c58                mbed::FileHandle::~FileHandle()
 .text._ZL11init_serialv
                0x00002cb0       0x2c ./mbed-src/common/retarget.o
 .text._ZL17openmode_to_posixi
                0x00002cdc       0x18 ./mbed-src/common/retarget.o
 .text._open    0x00002cf4      0x170 ./mbed-src/common/retarget.o
                0x00002cf4                _open
 .text._close   0x00002e64       0x50 ./mbed-src/common/retarget.o
                0x00002e64                _close
 .text._write   0x00002eb4       0x88 ./mbed-src/common/retarget.o
                0x00002eb4                _write
 .text._read    0x00002f3c       0x64 ./mbed-src/common/retarget.o
                0x00002f3c                _read
 .text._isatty  0x00002fa0       0x44 ./mbed-src/common/retarget.o
                0x00002fa0                _isatty
 .text._lseek   0x00002fe4       0x4c ./mbed-src/common/retarget.o
                0x00002fe4                _lseek
 .text._fstat   0x00003030       0x40 ./mbed-src/common/retarget.o
                0x00003030                _fstat
 .text.__cxa_pure_virtual
                0x00003070        0xc ./mbed-src/common/retarget.o
                0x00003070                __cxa_pure_virtual
 .text.__semihost
                0x0000307c       0x24 ./mbed-src/common/semihost_api.o
 .text.semihost_open
                0x000030a0       0x34 ./mbed-src/common/semihost_api.o
                0x000030a0                semihost_open
 .text.semihost_close
                0x000030d4       0x1c ./mbed-src/common/semihost_api.o
                0x000030d4                semihost_close
 .text.semihost_write
                0x000030f0       0x3c ./mbed-src/common/semihost_api.o
                0x000030f0                semihost_write
 .text.semihost_read
                0x0000312c       0x30 ./mbed-src/common/semihost_api.o
                0x0000312c                semihost_read
 .text.semihost_istty
                0x0000315c       0x1c ./mbed-src/common/semihost_api.o
                0x0000315c                semihost_istty
 .text.semihost_seek
                0x00003178       0x28 ./mbed-src/common/semihost_api.o
                0x00003178                semihost_seek
 .text.semihost_ensure
                0x000031a0       0x1c ./mbed-src/common/semihost_api.o
                0x000031a0                semihost_ensure
 .text.semihost_flen
                0x000031bc       0x1c ./mbed-src/common/semihost_api.o
                0x000031bc                semihost_flen
 .text.semihost_remove
                0x000031d8       0x2c ./mbed-src/common/semihost_api.o
                0x000031d8                semihost_remove
 .text.semihost_exit
                0x00003204       0x1c ./mbed-src/common/semihost_api.o
                0x00003204                semihost_exit
 .text.semihost_connected
                0x00003220       0x24 ./mbed-src/common/semihost_api.o
                0x00003220                semihost_connected
 .text.us_ticker_irq_handler
                0x00003244       0x6c ./mbed-src/common/us_ticker_api.o
                0x00003244                us_ticker_irq_handler
 .text.wait_ms  0x000032b0       0x20 ./mbed-src/common/wait_api.o
                0x000032b0                wait_ms
 .text.wait_us  0x000032d0       0x28 ./mbed-src/common/wait_api.o
                0x000032d0                wait_us
 .text._ZN10CANCommandC2EPN4mbed3CANE
                0x000032f8       0x1c ./Walk/CANCommand.o
                0x000032f8                CANCommand::CANCommand(mbed::CAN*)
                0x000032f8                CANCommand::CANCommand(mbed::CAN*)
 .text._ZN17InverseKinematicsC2Eff
                0x00003314       0x24 ./Walk/InverseKinematics.o
                0x00003314                InverseKinematics::InverseKinematics(float, float)
                0x00003314                InverseKinematics::InverseKinematics(float, float)
 .text._ZN17InverseKinematics15set_angle_limitEff
                0x00003338       0x24 ./Walk/InverseKinematics.o
                0x00003338                InverseKinematics::set_angle_limit(float, float)
 .text._ZN17InverseKinematics7lengthsEff
                0x0000335c       0x24 ./Walk/InverseKinematics.o
                0x0000335c                InverseKinematics::lengths(float, float)
 .text._ZN17InverseKinematics7move_toEff
                0x00003380       0x2c ./Walk/InverseKinematics.o
                0x00003380                InverseKinematics::move_to(float, float)
 .text._ZN17InverseKinematics15calc_angle_baseEv
                0x000033ac       0xb4 ./Walk/InverseKinematics.o
                0x000033ac                InverseKinematics::calc_angle_base()
 .text._ZN17InverseKinematics11calc_l_handEv
                0x00003460       0x44 ./Walk/InverseKinematics.o
                0x00003460                InverseKinematics::calc_l_hand()
 .text._ZN17InverseKinematics15calc_angle_foreEv
                0x000034a4       0x68 ./Walk/InverseKinematics.o
                0x000034a4                InverseKinematics::calc_angle_fore()
 .text._ZN17InverseKinematics15calc_angle_handEv
                0x0000350c       0x7c ./Walk/InverseKinematics.o
                0x0000350c                InverseKinematics::calc_angle_hand()
 .text._ZN17InverseKinematics12calc_x_elbowEv
                0x00003588       0x80 ./Walk/InverseKinematics.o
                0x00003588                InverseKinematics::calc_x_elbow()
 .text._ZN17InverseKinematics12calc_y_elbowEv
                0x00003608       0x80 ./Walk/InverseKinematics.o
                0x00003608                InverseKinematics::calc_y_elbow()
 .text._ZN6LegPIDC2Ev
                0x00003688       0x1c ./Walk/LegPID.o
                0x00003688                LegPID::LegPID()
                0x00003688                LegPID::LegPID()
 .text._ZN6LegPID7set_PIDEP12SingleLegQEIfff
                0x000036a4       0x40 ./Walk/LegPID.o
                0x000036a4                LegPID::set_PID(SingleLegQEI*, float, float, float)
 .text._ZN6LegPID9calc_dutyEf
                0x000036e4       0x38 ./Walk/LegPID.o
                0x000036e4                LegPID::calc_duty(float)
 .text._ZN6MRModeC2EP10CANCommand
                0x0000371c       0x20 ./Walk/MRMode.o
                0x0000371c                MRMode::MRMode(CANCommand*)
                0x0000371c                MRMode::MRMode(CANCommand*)
 .text._ZN11ParallelLegC2Eff
                0x0000373c       0x80 ./Walk/ParallelLeg.o
                0x0000373c                ParallelLeg::ParallelLeg(float, float)
                0x0000373c                ParallelLeg::ParallelLeg(float, float)
 .text._ZN11ParallelLeg16set_dependenciesEP6MRModeP10CANCommand
                0x000037bc       0x24 ./Walk/ParallelLeg.o
                0x000037bc                ParallelLeg::set_dependencies(MRMode*, CANCommand*)
 .text._ZN11ParallelLeg5get_xEv
                0x000037e0       0x18 ./Walk/ParallelLeg.o
                0x000037e0                ParallelLeg::get_x()
 .text._ZN11ParallelLeg5get_yEv
                0x000037f8       0x18 ./Walk/ParallelLeg.o
                0x000037f8                ParallelLeg::get_y()
 .text._ZN4mbed6PwmOut5writeEf
                0x00003810       0x1c ./Walk/SingleLeg.o
                0x00003810                mbed::PwmOut::write(float)
 .text._ZN10InitSwitch4readEv
                0x0000382c       0x28 ./Walk/SingleLeg.o
                0x0000382c                InitSwitch::read()
 *fill*         0x00003854        0x4 ff
 .text._Z13rad_to_degreef
                0x00003858       0x4c ./Walk/SingleLeg.o
                0x00003858                rad_to_degree(float)
 .text._ZN9SingleLegC2E11LegPositionS0_ff
                0x000038a4       0x90 ./Walk/SingleLeg.o
                0x000038a4                SingleLeg::SingleLeg(LegPosition, LegPosition, float, float)
                0x000038a4                SingleLeg::SingleLeg(LegPosition, LegPosition, float, float)
 .text._ZN9SingleLeg7unitizeEPN4mbed6PwmOutEP12SingleLegQEIP10InitSwitch
                0x00003934       0x2c ./Walk/SingleLeg.o
                0x00003934                SingleLeg::unitize(mbed::PwmOut*, SingleLegQEI*, InitSwitch*)
 .text._ZN9SingleLeg7move_toEff
                0x00003960       0x88 ./Walk/SingleLeg.o
                0x00003960                SingleLeg::move_to(float, float)
 .text._ZN9SingleLeg12state_updateEv
                0x000039e8       0x54 ./Walk/SingleLeg.o
                0x000039e8                SingleLeg::state_update()
 .text._ZN9SingleLeg17set_PID_from_fileEPKc
                0x00003a3c       0x74 ./Walk/SingleLeg.o
                0x00003a3c                SingleLeg::set_PID_from_file(char const*)
 .text._ZN9SingleLeg7set_PIDEfff
                0x00003ab0       0x2c ./Walk/SingleLeg.o
                0x00003ab0                SingleLeg::set_PID(float, float, float)
 .text._ZN3QEIC2E7PinNameS0_S0_iNS_8EncodingE
                0x00003adc      0x154 ./QEI/QEI.o
                0x00003adc                QEI::QEI(PinName, PinName, PinName, int, QEI::Encoding)
                0x00003adc                QEI::QEI(PinName, PinName, PinName, int, QEI::Encoding)
 .text._ZN3QEI5resetEv
                0x00003c30       0x24 ./QEI/QEI.o
                0x00003c30                QEI::reset()
 .text._ZN3QEI9getPulsesEv
                0x00003c54       0x18 ./QEI/QEI.o
                0x00003c54                QEI::getPulses()
 .text._ZN3QEI6encodeEv
                0x00003c6c      0x14c ./QEI/QEI.o
                0x00003c6c                QEI::encode()
 .text._ZN3QEI5indexEv
                0x00003db8       0x20 ./QEI/QEI.o
                0x00003db8                QEI::index()
 .text._ZN4mbed11InterruptIn4riseI3QEIEEvPT_MS3_FvvE
                0x00003dd8       0x38 ./QEI/QEI.o
                0x00003dd8                void mbed::InterruptIn::rise<QEI>(QEI*, void (QEI::*)())
 .text._ZN4mbed11InterruptIn4fallI3QEIEEvPT_MS3_FvvE
                0x00003e10       0x38 ./QEI/QEI.o
                0x00003e10                void mbed::InterruptIn::fall<QEI>(QEI*, void (QEI::*)())
 .text._ZN4mbed15FunctionPointer6attachI3QEIEEvPT_MS3_FvvE
                0x00003e48       0x3c ./QEI/QEI.o
                0x00003e48                void mbed::FunctionPointer::attach<QEI>(QEI*, void (QEI::*)())
 .text._ZN4mbed15FunctionPointer12membercallerI3QEIEEvPvPc
                0x00003e84       0x54 ./QEI/QEI.o
                0x00003e84                void mbed::FunctionPointer::membercaller<QEI>(void*, char*)
 .text._ZN4mbed9DigitalIn4modeE7PinMode
                0x00003ed8       0x20 ./QEI/QEI_freePin.o
                0x00003ed8                mbed::DigitalIn::mode(PinMode)
 .text._Z15pulse_to_degreef
                0x00003ef8       0x38 ./QEI/QEI_freePin.o
                0x00003ef8                pulse_to_degree(float)
 .text._ZN11QEI_freePinC2E7PinNameS0_f
                0x00003f30       0x84 ./QEI/QEI_freePin.o
                0x00003f30                QEI_freePin::QEI_freePin(PinName, PinName, float)
                0x00003f30                QEI_freePin::QEI_freePin(PinName, PinName, float)
 .text._ZN11QEI_freePin9getPulsesEv
                0x00003fb4       0x34 ./QEI/QEI_freePin.o
                0x00003fb4                QEI_freePin::getPulses()
 .text._ZN12SingleLegQEIC2E7PinNameS0_
                0x00003fe8       0x28 ./QEI/SingleLegQEI.o
                0x00003fe8                SingleLegQEI::SingleLegQEI(PinName, PinName)
                0x00003fe8                SingleLegQEI::SingleLegQEI(PinName, PinName)
 .text._ZN12SingleLegQEI8getAngleEv
                0x00004010       0x24 ./QEI/SingleLegQEI.o
                0x00004010                SingleLegQEI::getAngle()
 .text._ZN3PIDC2Ev
                0x00004034       0x1c ./PID.o
                0x00004034                PID::PID()
                0x00004034                PID::PID()
 .text._ZN3PIDD2Ev
                0x00004050       0x14 ./PID.o
                0x00004050                PID::~PID()
                0x00004050                PID::~PID()
 .text._ZN3PID7set_PIDEfff
                0x00004064       0x38 ./PID.o
                0x00004064                PID::set_PID(float, float, float)
 .text._ZN3PID5startEff
                0x0000409c       0x70 ./PID.o
                0x0000409c                PID::start(float, float)
 .text._ZN3PID12param_updateEff
                0x0000410c       0xbc ./PID.o
                0x0000410c                PID::param_update(float, float)
 .text._ZN3PID4calcEff
                0x000041c8       0xe4 ./PID.o
                0x000041c8                PID::calc(float, float)
 .text._ZN3PID6calc_PEv
                0x000042ac       0x24 ./PID.o
                0x000042ac                PID::calc_P()
 .text._ZN3PID6calc_IEv
                0x000042d0       0x8c ./PID.o
                0x000042d0                PID::calc_I()
 .text._ZN3PID6calc_DEv
                0x0000435c       0x88 ./PID.o
                0x0000435c                PID::calc_D()
 .text._ZN3PID15param_set_limitEff
                0x000043e4       0x24 ./PID.o
                0x000043e4                PID::param_set_limit(float, float)
 .text._ZN3PID11param_limitEv
                0x00004408       0x50 ./PID.o
                0x00004408                PID::param_limit()
 .text._ZN3PID11get_opr_nxtEv
                0x00004458       0x18 ./PID.o
                0x00004458                PID::get_opr_nxt()
 .text._ZN4mbed10DigitalOutaSEi
                0x00004470       0x1c ./Pins.o
                0x00004470                mbed::DigitalOut::operator=(int)
 .text._ZN4mbed6PwmOutC2E7PinName
                0x0000448c       0x20 ./Pins.o
                0x0000448c                mbed::PwmOut::PwmOut(PinName)
                0x0000448c                mbed::PwmOut::PwmOut(PinName)
 .text._ZN4mbed6PwmOut9period_usEi
                0x000044ac       0x1c ./Pins.o
                0x000044ac                mbed::PwmOut::period_us(int)
 .text._ZN10InitSwitchC2E7PinNameb
                0x000044c8       0x28 ./Pins.o
                0x000044c8                InitSwitch::InitSwitch(PinName, bool)
                0x000044c8                InitSwitch::InitSwitch(PinName, bool)
 .text._Z11AdjustCyclei
                0x000044f0       0x80 ./Pins.o
                0x000044f0                AdjustCycle(int)
 .text._Z9initPartsv
                0x00004570       0x90 ./Pins.o
                0x00004570                initParts()
 .text._ZN3QEID2Ev
                0x00004600       0x30 ./Pins.o
                0x00004600                QEI::~QEI()
                0x00004600                QEI::~QEI()
 .text._ZN11QEI_freePinD2Ev
                0x00004630       0x1c ./Pins.o
                0x00004630                QEI_freePin::~QEI_freePin()
                0x00004630                QEI_freePin::~QEI_freePin()
 .text._ZN12SingleLegQEID2Ev
                0x0000464c       0x1c ./Pins.o
                0x0000464c                SingleLegQEI::~SingleLegQEI()
                0x0000464c                SingleLegQEI::~SingleLegQEI()
 .text._Z41__static_initialization_and_destruction_0ii
                0x00004668      0x1c8 ./Pins.o
 .text._GLOBAL__sub_I_can
                0x00004830       0x10 ./Pins.o
 .text._Z5limitddd
                0x00004840       0x4c ./functions.o
                0x00004840                limit(double, double, double)
 .text._Z5sqrt2ff
                0x0000488c       0x54 ./functions.o
                0x0000488c                sqrt2(float, float)
 .text._Z11cos_formulafff
                0x000048e0       0x6c ./functions.o
                0x000048e0                cos_formula(float, float, float)
 .text._ZN11CAN_MessageC2Ev
                0x0000494c       0x14 ./main.o
                0x0000494c                CAN_Message::CAN_Message()
                0x0000494c                CAN_Message::CAN_Message()
 .text._ZN4mbed10CANMessageC2Ev
                0x00004960       0x40 ./main.o
                0x00004960                mbed::CANMessage::CANMessage()
                0x00004960                mbed::CANMessage::CANMessage()
 .text._ZN4mbed15LocalFileSystemC2EPKc
                0x000049a0       0x28 ./main.o
                0x000049a0                mbed::LocalFileSystem::LocalFileSystem(char const*)
                0x000049a0                mbed::LocalFileSystem::LocalFileSystem(char const*)
 .text.main     0x000049c8       0xd4 ./main.o
                0x000049c8                main
 .text._Z8initLegsv
                0x00004a9c       0xfc ./main.o
                0x00004a9c                initLegs()
 .text._ZN6LegPIDD2Ev
                0x00004b98       0x1c ./main.o
                0x00004b98                LegPID::~LegPID()
                0x00004b98                LegPID::~LegPID()
 .text._ZN9SingleLegD2Ev
                0x00004bb4       0x1c ./main.o
                0x00004bb4                SingleLeg::~SingleLeg()
                0x00004bb4                SingleLeg::~SingleLeg()
 .text._Z41__static_initialization_and_destruction_0ii
                0x00004bd0      0x124 ./main.o
 .text._GLOBAL__sub_I_local
                0x00004cf4       0x10 ./main.o
 .text          0x00004d04      0x370 c:/nxp/lpcxpresso_8.2.2_650/lpcxpresso/tools/bin/../lib/gcc/arm-none-eabi/5.4.1/armv7-m\libgcc.a(_arm_addsubdf3.o)
                0x00004d04                __aeabi_drsub
                0x00004d0c                __aeabi_dsub
                0x00004d0c                __subdf3
                0x00004d10                __aeabi_dadd
                0x00004d10                __adddf3
                0x00004f88                __floatunsidf
                0x00004f88                __aeabi_ui2d
                0x00004fa8                __floatsidf
                0x00004fa8                __aeabi_i2d
                0x00004fcc                __aeabi_f2d
                0x00004fcc                __extendsfdf2
                0x00005008                __floatundidf
                0x00005008                __aeabi_ul2d
                0x00005018                __floatdidf
                0x00005018                __aeabi_l2d
 .text          0x00005074      0x424 c:/nxp/lpcxpresso_8.2.2_650/lpcxpresso/tools/bin/../lib/gcc/arm-none-eabi/5.4.1/armv7-m\libgcc.a(_arm_muldivdf3.o)
                0x00005074                __aeabi_dmul
                0x00005074                __muldf3
                0x000052c8                __divdf3
                0x000052c8                __aeabi_ddiv
 .text          0x00005498      0x110 c:/nxp/lpcxpresso_8.2.2_650/lpcxpresso/tools/bin/../lib/gcc/arm-none-eabi/5.4.1/armv7-m\libgcc.a(_arm_cmpdf2.o)
                0x00005498                __gtdf2
                0x00005498                __gedf2
                0x000054a0                __ltdf2
                0x000054a0                __ledf2
                0x000054a8                __nedf2
                0x000054a8                __eqdf2
                0x000054a8                __cmpdf2
                0x00005524                __aeabi_cdrcmple
                0x00005534                __aeabi_cdcmpeq
                0x00005534                __aeabi_cdcmple
                0x00005544                __aeabi_dcmpeq
                0x00005558                __aeabi_dcmplt
                0x0000556c                __aeabi_dcmple
                0x00005580                __aeabi_dcmpge
                0x00005594                __aeabi_dcmpgt
 .text          0x000055a8       0x50 c:/nxp/lpcxpresso_8.2.2_650/lpcxpresso/tools/bin/../lib/gcc/arm-none-eabi/5.4.1/armv7-m\libgcc.a(_arm_fixdfsi.o)
                0x000055a8                __aeabi_d2iz
                0x000055a8                __fixdfsi
 .text          0x000055f8       0xa0 c:/nxp/lpcxpresso_8.2.2_650/lpcxpresso/tools/bin/../lib/gcc/arm-none-eabi/5.4.1/armv7-m\libgcc.a(_arm_truncdfsf2.o)
                0x000055f8                __truncdfsf2
                0x000055f8                __aeabi_d2f
 .text          0x00005698      0x21c c:/nxp/lpcxpresso_8.2.2_650/lpcxpresso/tools/bin/../lib/gcc/arm-none-eabi/5.4.1/armv7-m\libgcc.a(_arm_addsubsf3.o)
                0x00005698                __aeabi_frsub
                0x000056a0                __subsf3
                0x000056a0                __aeabi_fsub
                0x000056a4                __aeabi_fadd
                0x000056a4                __addsf3
                0x00005804                __aeabi_ui2f
                0x00005804                __floatunsisf
                0x0000580c                __aeabi_i2f
                0x0000580c                __floatsisf
                0x00005828                __aeabi_ul2f
                0x00005828                __floatundisf
                0x00005838                __aeabi_l2f
                0x00005838                __floatdisf
 .text          0x000058b4      0x2a0 c:/nxp/lpcxpresso_8.2.2_650/lpcxpresso/tools/bin/../lib/gcc/arm-none-eabi/5.4.1/armv7-m\libgcc.a(_arm_muldivsf3.o)
                0x000058b4                __mulsf3
                0x000058b4                __aeabi_fmul
                0x00005a1c                __aeabi_fdiv
                0x00005a1c                __divsf3
 .text          0x00005b54       0xec c:/nxp/lpcxpresso_8.2.2_650/lpcxpresso/tools/bin/../lib/gcc/arm-none-eabi/5.4.1/armv7-m\libgcc.a(_arm_cmpsf2.o)
                0x00005b54                __gesf2
                0x00005b54                __gtsf2
                0x00005b5c                __lesf2
                0x00005b5c                __ltsf2
                0x00005b64                __nesf2
                0x00005b64                __eqsf2
                0x00005b64                __cmpsf2
                0x00005bc4                __aeabi_cfrcmple
                0x00005bcc                __aeabi_cfcmpeq
                0x00005bcc                __aeabi_cfcmple
                0x00005bdc                __aeabi_fcmpeq
                0x00005bf0                __aeabi_fcmplt
                0x00005c04                __aeabi_fcmple
                0x00005c18                __aeabi_fcmpge
                0x00005c2c                __aeabi_fcmpgt
 .text          0x00005c40       0x40 c:/nxp/lpcxpresso_8.2.2_650/lpcxpresso/tools/bin/../lib/gcc/arm-none-eabi/5.4.1/armv7-m\libgcc.a(_arm_fixunssfsi.o)
                0x00005c40                __fixunssfsi
                0x00005c40                __aeabi_f2uiz
 .text          0x00005c80       0x30 c:/nxp/lpcxpresso_8.2.2_650/lpcxpresso/tools/bin/../lib/gcc/arm-none-eabi/5.4.1/armv7-m\libgcc.a(_aeabi_uldivmod.o)
                0x00005c80                __aeabi_uldivmod
 .text          0x00005cb0      0x2ec c:/nxp/lpcxpresso_8.2.2_650/lpcxpresso/tools/bin/../lib/gcc/arm-none-eabi/5.4.1/armv7-m\libgcc.a(_udivmoddi4.o)
                0x00005cb0                __udivmoddi4
 .text          0x00005f9c        0x4 c:/nxp/lpcxpresso_8.2.2_650/lpcxpresso/tools/bin/../lib/gcc/arm-none-eabi/5.4.1/armv7-m\libgcc.a(_dvmd_tls.o)
                0x00005f9c                __aeabi_idiv0
                0x00005f9c                __aeabi_ldiv0
 .text.__errno  0x00005fa0        0xc c:/nxp/lpcxpresso_8.2.2_650/lpcxpresso/tools/bin/../lib/gcc/arm-none-eabi/5.4.1/../../../../arm-none-eabi/lib/armv7-m\libc.a(lib_a-errno.o)
                0x00005fa0                __errno
 .text._fclose_r
                0x00005fac       0x84 c:/nxp/lpcxpresso_8.2.2_650/lpcxpresso/tools/bin/../lib/gcc/arm-none-eabi/5.4.1/../../../../arm-none-eabi/lib/armv7-m\libc.a(lib_a-fclose.o)
                0x00005fac                _fclose_r
 .text.fclose   0x00006030       0x10 c:/nxp/lpcxpresso_8.2.2_650/lpcxpresso/tools/bin/../lib/gcc/arm-none-eabi/5.4.1/../../../../arm-none-eabi/lib/armv7-m\libc.a(lib_a-fclose.o)
                0x00006030                fclose
 .text.__sflush_r
                0x00006040      0x148 c:/nxp/lpcxpresso_8.2.2_650/lpcxpresso/tools/bin/../lib/gcc/arm-none-eabi/5.4.1/../../../../arm-none-eabi/lib/armv7-m\libc.a(lib_a-fflush.o)
                0x00006040                __sflush_r
 .text._fflush_r
                0x00006188       0x2c c:/nxp/lpcxpresso_8.2.2_650/lpcxpresso/tools/bin/../lib/gcc/arm-none-eabi/5.4.1/../../../../arm-none-eabi/lib/armv7-m\libc.a(lib_a-fflush.o)
                0x00006188                _fflush_r
 .text.fflush   0x000061b4       0x24 c:/nxp/lpcxpresso_8.2.2_650/lpcxpresso/tools/bin/../lib/gcc/arm-none-eabi/5.4.1/../../../../arm-none-eabi/lib/armv7-m\libc.a(lib_a-fflush.o)
                0x000061b4                fflush
 .text._cleanup_r
                0x000061d8        0xc c:/nxp/lpcxpresso_8.2.2_650/lpcxpresso/tools/bin/../lib/gcc/arm-none-eabi/5.4.1/../../../../arm-none-eabi/lib/armv7-m\libc.a(lib_a-findfp.o)
                0x000061d8                _cleanup_r
 .text.__sinit.part.1
                0x000061e4       0xf0 c:/nxp/lpcxpresso_8.2.2_650/lpcxpresso/tools/bin/../lib/gcc/arm-none-eabi/5.4.1/../../../../arm-none-eabi/lib/armv7-m\libc.a(lib_a-findfp.o)
 .text.__sfmoreglue
                0x000062d4       0x30 c:/nxp/lpcxpresso_8.2.2_650/lpcxpresso/tools/bin/../lib/gcc/arm-none-eabi/5.4.1/../../../../arm-none-eabi/lib/armv7-m\libc.a(lib_a-findfp.o)
                0x000062d4                __sfmoreglue
 .text.__sfp    0x00006304       0x88 c:/nxp/lpcxpresso_8.2.2_650/lpcxpresso/tools/bin/../lib/gcc/arm-none-eabi/5.4.1/../../../../arm-none-eabi/lib/armv7-m\libc.a(lib_a-findfp.o)
                0x00006304                __sfp
 .text.__sinit  0x0000638c        0xc c:/nxp/lpcxpresso_8.2.2_650/lpcxpresso/tools/bin/../lib/gcc/arm-none-eabi/5.4.1/../../../../arm-none-eabi/lib/armv7-m\libc.a(lib_a-findfp.o)
                0x0000638c                __sinit
 .text.__sfp_lock_acquire
                0x00006398        0x4 c:/nxp/lpcxpresso_8.2.2_650/lpcxpresso/tools/bin/../lib/gcc/arm-none-eabi/5.4.1/../../../../arm-none-eabi/lib/armv7-m\libc.a(lib_a-findfp.o)
                0x00006398                __sfp_lock_acquire
 .text.__sfp_lock_release
                0x0000639c        0x4 c:/nxp/lpcxpresso_8.2.2_650/lpcxpresso/tools/bin/../lib/gcc/arm-none-eabi/5.4.1/../../../../arm-none-eabi/lib/armv7-m\libc.a(lib_a-findfp.o)
                0x0000639c                __sfp_lock_release
 .text._fopen_r
                0x000063a0       0x8c c:/nxp/lpcxpresso_8.2.2_650/lpcxpresso/tools/bin/../lib/gcc/arm-none-eabi/5.4.1/../../../../arm-none-eabi/lib/armv7-m\libc.a(lib_a-fopen.o)
                0x000063a0                _fopen_r
 .text.fopen    0x0000642c       0x10 c:/nxp/lpcxpresso_8.2.2_650/lpcxpresso/tools/bin/../lib/gcc/arm-none-eabi/5.4.1/../../../../arm-none-eabi/lib/armv7-m\libc.a(lib_a-fopen.o)
                0x0000642c                fopen
 .text.fprintf  0x0000643c       0x28 c:/nxp/lpcxpresso_8.2.2_650/lpcxpresso/tools/bin/../lib/gcc/arm-none-eabi/5.4.1/../../../../arm-none-eabi/lib/armv7-m\libc.a(lib_a-fprintf.o)
                0x0000643c                fprintf
 .text._malloc_trim_r
                0x00006464       0x9c c:/nxp/lpcxpresso_8.2.2_650/lpcxpresso/tools/bin/../lib/gcc/arm-none-eabi/5.4.1/../../../../arm-none-eabi/lib/armv7-m\libc.a(lib_a-freer.o)
                0x00006464                _malloc_trim_r
 .text._free_r  0x00006500      0x1d0 c:/nxp/lpcxpresso_8.2.2_650/lpcxpresso/tools/bin/../lib/gcc/arm-none-eabi/5.4.1/../../../../arm-none-eabi/lib/armv7-m\libc.a(lib_a-freer.o)
                0x00006500                _free_r
 .text.fscanf   0x000066d0       0x28 c:/nxp/lpcxpresso_8.2.2_650/lpcxpresso/tools/bin/../lib/gcc/arm-none-eabi/5.4.1/../../../../arm-none-eabi/lib/armv7-m\libc.a(lib_a-fscanf.o)
                0x000066d0                fscanf
 .text._fseek_r
                0x000066f8        0x4 c:/nxp/lpcxpresso_8.2.2_650/lpcxpresso/tools/bin/../lib/gcc/arm-none-eabi/5.4.1/../../../../arm-none-eabi/lib/armv7-m\libc.a(lib_a-fseek.o)
                0x000066f8                _fseek_r
 .text._fseeko_r
                0x000066fc      0x2c4 c:/nxp/lpcxpresso_8.2.2_650/lpcxpresso/tools/bin/../lib/gcc/arm-none-eabi/5.4.1/../../../../arm-none-eabi/lib/armv7-m\libc.a(lib_a-fseeko.o)
                0x000066fc                _fseeko_r
 .text._fstat_r
                0x000069c0       0x28 c:/nxp/lpcxpresso_8.2.2_650/lpcxpresso/tools/bin/../lib/gcc/arm-none-eabi/5.4.1/../../../../arm-none-eabi/lib/armv7-m\libc.a(lib_a-fstatr.o)
                0x000069c0                _fstat_r
 .text.__sfvwrite_r
                0x000069e8      0x308 c:/nxp/lpcxpresso_8.2.2_650/lpcxpresso/tools/bin/../lib/gcc/arm-none-eabi/5.4.1/../../../../arm-none-eabi/lib/armv7-m\libc.a(lib_a-fvwrite.o)
                0x000069e8                __sfvwrite_r
 .text._fwalk   0x00006cf0       0x48 c:/nxp/lpcxpresso_8.2.2_650/lpcxpresso/tools/bin/../lib/gcc/arm-none-eabi/5.4.1/../../../../arm-none-eabi/lib/armv7-m\libc.a(lib_a-fwalk.o)
                0x00006cf0                _fwalk
 .text._fwalk_reent
                0x00006d38       0x50 c:/nxp/lpcxpresso_8.2.2_650/lpcxpresso/tools/bin/../lib/gcc/arm-none-eabi/5.4.1/../../../../arm-none-eabi/lib/armv7-m\libc.a(lib_a-fwalk.o)
                0x00006d38                _fwalk_reent
 .text.__libc_init_array
                0x00006d88       0x50 c:/nxp/lpcxpresso_8.2.2_650/lpcxpresso/tools/bin/../lib/gcc/arm-none-eabi/5.4.1/../../../../arm-none-eabi/lib/armv7-m\libc.a(lib_a-init.o)
                0x00006d88                __libc_init_array
 .text.__swhatbuf_r
                0x00006dd8       0x60 c:/nxp/lpcxpresso_8.2.2_650/lpcxpresso/tools/bin/../lib/gcc/arm-none-eabi/5.4.1/../../../../arm-none-eabi/lib/armv7-m\libc.a(lib_a-makebuf.o)
                0x00006dd8                __swhatbuf_r
 .text.__smakebuf_r
                0x00006e38       0x88 c:/nxp/lpcxpresso_8.2.2_650/lpcxpresso/tools/bin/../lib/gcc/arm-none-eabi/5.4.1/../../../../arm-none-eabi/lib/armv7-m\libc.a(lib_a-makebuf.o)
                0x00006e38                __smakebuf_r
 .text.malloc   0x00006ec0       0x10 c:/nxp/lpcxpresso_8.2.2_650/lpcxpresso/tools/bin/../lib/gcc/arm-none-eabi/5.4.1/../../../../arm-none-eabi/lib/armv7-m\libc.a(lib_a-malloc.o)
                0x00006ec0                malloc
 .text.free     0x00006ed0       0x10 c:/nxp/lpcxpresso_8.2.2_650/lpcxpresso/tools/bin/../lib/gcc/arm-none-eabi/5.4.1/../../../../arm-none-eabi/lib/armv7-m\libc.a(lib_a-malloc.o)
                0x00006ed0                free
 .text._malloc_r
                0x00006ee0      0x558 c:/nxp/lpcxpresso_8.2.2_650/lpcxpresso/tools/bin/../lib/gcc/arm-none-eabi/5.4.1/../../../../arm-none-eabi/lib/armv7-m\libc.a(lib_a-mallocr.o)
                0x00006ee0                _malloc_r
 .text.memchr   0x00007438       0x8c c:/nxp/lpcxpresso_8.2.2_650/lpcxpresso/tools/bin/../lib/gcc/arm-none-eabi/5.4.1/../../../../arm-none-eabi/lib/armv7-m\libc.a(lib_a-memchr-stub.o)
                0x00007438                memchr
 .text          0x000074c4       0xec c:/nxp/lpcxpresso_8.2.2_650/lpcxpresso/tools/bin/../lib/gcc/arm-none-eabi/5.4.1/../../../../arm-none-eabi/lib/armv7-m\libc.a(lib_a-memcpy.o)
                0x000074c4                memcpy
 .text.memmove  0x000075b0       0xc8 c:/nxp/lpcxpresso_8.2.2_650/lpcxpresso/tools/bin/../lib/gcc/arm-none-eabi/5.4.1/../../../../arm-none-eabi/lib/armv7-m\libc.a(lib_a-memmove.o)
                0x000075b0                memmove
 .text.memset   0x00007678       0x9c c:/nxp/lpcxpresso_8.2.2_650/lpcxpresso/tools/bin/../lib/gcc/arm-none-eabi/5.4.1/../../../../arm-none-eabi/lib/armv7-m\libc.a(lib_a-memset.o)
                0x00007678                memset
 .text.__malloc_lock
                0x00007714        0x4 c:/nxp/lpcxpresso_8.2.2_650/lpcxpresso/tools/bin/../lib/gcc/arm-none-eabi/5.4.1/../../../../arm-none-eabi/lib/armv7-m\libc.a(lib_a-mlock.o)
                0x00007714                __malloc_lock
 .text.__malloc_unlock
                0x00007718        0x4 c:/nxp/lpcxpresso_8.2.2_650/lpcxpresso/tools/bin/../lib/gcc/arm-none-eabi/5.4.1/../../../../arm-none-eabi/lib/armv7-m\libc.a(lib_a-mlock.o)
                0x00007718                __malloc_unlock
 .text._open_r  0x0000771c       0x2c c:/nxp/lpcxpresso_8.2.2_650/lpcxpresso/tools/bin/../lib/gcc/arm-none-eabi/5.4.1/../../../../arm-none-eabi/lib/armv7-m\libc.a(lib_a-openr.o)
                0x0000771c                _open_r
 .text._realloc_r
                0x00007748      0x3d4 c:/nxp/lpcxpresso_8.2.2_650/lpcxpresso/tools/bin/../lib/gcc/arm-none-eabi/5.4.1/../../../../arm-none-eabi/lib/armv7-m\libc.a(lib_a-reallocr.o)
                0x00007748                _realloc_r
 .text.lflush   0x00007b1c       0x14 c:/nxp/lpcxpresso_8.2.2_650/lpcxpresso/tools/bin/../lib/gcc/arm-none-eabi/5.4.1/../../../../arm-none-eabi/lib/armv7-m\libc.a(lib_a-refill.o)
 .text.__srefill_r
                0x00007b30      0x114 c:/nxp/lpcxpresso_8.2.2_650/lpcxpresso/tools/bin/../lib/gcc/arm-none-eabi/5.4.1/../../../../arm-none-eabi/lib/armv7-m\libc.a(lib_a-refill.o)
                0x00007b30                __srefill_r
 .text._sbrk_r  0x00007c44       0x24 c:/nxp/lpcxpresso_8.2.2_650/lpcxpresso/tools/bin/../lib/gcc/arm-none-eabi/5.4.1/../../../../arm-none-eabi/lib/armv7-m\libc.a(lib_a-sbrkr.o)
                0x00007c44                _sbrk_r
 .text.setbuf   0x00007c68       0x10 c:/nxp/lpcxpresso_8.2.2_650/lpcxpresso/tools/bin/../lib/gcc/arm-none-eabi/5.4.1/../../../../arm-none-eabi/lib/armv7-m\libc.a(lib_a-setbuf.o)
                0x00007c68                setbuf
 .text.setvbuf  0x00007c78      0x150 c:/nxp/lpcxpresso_8.2.2_650/lpcxpresso/tools/bin/../lib/gcc/arm-none-eabi/5.4.1/../../../../arm-none-eabi/lib/armv7-m\libc.a(lib_a-setvbuf.o)
                0x00007c78                setvbuf
 .text.sprintf  0x00007dc8       0x4c c:/nxp/lpcxpresso_8.2.2_650/lpcxpresso/tools/bin/../lib/gcc/arm-none-eabi/5.4.1/../../../../arm-none-eabi/lib/armv7-m\libc.a(lib_a-sprintf.o)
                0x00007dc8                sprintf
 .text.sscanf   0x00007e14       0x58 c:/nxp/lpcxpresso_8.2.2_650/lpcxpresso/tools/bin/../lib/gcc/arm-none-eabi/5.4.1/../../../../arm-none-eabi/lib/armv7-m\libc.a(lib_a-sscanf.o)
                0x00007e14                sscanf
 .text.__sread  0x00007e6c       0x24 c:/nxp/lpcxpresso_8.2.2_650/lpcxpresso/tools/bin/../lib/gcc/arm-none-eabi/5.4.1/../../../../arm-none-eabi/lib/armv7-m\libc.a(lib_a-stdio.o)
                0x00007e6c                __sread
 .text.__seofread
                0x00007e90        0x4 c:/nxp/lpcxpresso_8.2.2_650/lpcxpresso/tools/bin/../lib/gcc/arm-none-eabi/5.4.1/../../../../arm-none-eabi/lib/armv7-m\libc.a(lib_a-stdio.o)
                0x00007e90                __seofread
 .text.__swrite
                0x00007e94       0x3c c:/nxp/lpcxpresso_8.2.2_650/lpcxpresso/tools/bin/../lib/gcc/arm-none-eabi/5.4.1/../../../../arm-none-eabi/lib/armv7-m\libc.a(lib_a-stdio.o)
                0x00007e94                __swrite
 .text.__sseek  0x00007ed0       0x20 c:/nxp/lpcxpresso_8.2.2_650/lpcxpresso/tools/bin/../lib/gcc/arm-none-eabi/5.4.1/../../../../arm-none-eabi/lib/armv7-m\libc.a(lib_a-stdio.o)
                0x00007ed0                __sseek
 .text.__sclose
                0x00007ef0        0x8 c:/nxp/lpcxpresso_8.2.2_650/lpcxpresso/tools/bin/../lib/gcc/arm-none-eabi/5.4.1/../../../../arm-none-eabi/lib/armv7-m\libc.a(lib_a-stdio.o)
                0x00007ef0                __sclose
 .text          0x00007ef8      0x1bc c:/nxp/lpcxpresso_8.2.2_650/lpcxpresso/tools/bin/../lib/gcc/arm-none-eabi/5.4.1/../../../../arm-none-eabi/lib/armv7-m\libc.a(lib_a-strcmp.o)
                0x00007ef8                strcmp
 .text.strlen   0x000080b4       0x5c c:/nxp/lpcxpresso_8.2.2_650/lpcxpresso/tools/bin/../lib/gcc/arm-none-eabi/5.4.1/../../../../arm-none-eabi/lib/armv7-m\libc.a(lib_a-strlen-stub.o)
                0x000080b4                strlen
 .text.strncmp  0x00008110       0x9c c:/nxp/lpcxpresso_8.2.2_650/lpcxpresso/tools/bin/../lib/gcc/arm-none-eabi/5.4.1/../../../../arm-none-eabi/lib/armv7-m\libc.a(lib_a-strncmp.o)
                0x00008110                strncmp
 .text._svfprintf_r
                0x000081ac     0x175c c:/nxp/lpcxpresso_8.2.2_650/lpcxpresso/tools/bin/../lib/gcc/arm-none-eabi/5.4.1/../../../../arm-none-eabi/lib/armv7-m\libc.a(lib_a-svfprintf.o)
                0x000081ac                _svfprintf_r
 .text.__ssvfscanf_r
                0x00009908      0xeac c:/nxp/lpcxpresso_8.2.2_650/lpcxpresso/tools/bin/../lib/gcc/arm-none-eabi/5.4.1/../../../../arm-none-eabi/lib/armv7-m\libc.a(lib_a-svfscanf.o)
                0x00009908                __ssvfscanf_r
 .text._vfprintf_r
                0x0000a7b4     0x1788 c:/nxp/lpcxpresso_8.2.2_650/lpcxpresso/tools/bin/../lib/gcc/arm-none-eabi/5.4.1/../../../../arm-none-eabi/lib/armv7-m\libc.a(lib_a-vfprintf.o)
                0x0000a7b4                _vfprintf_r
 .text.__sbprintf
                0x0000bf3c       0x6c c:/nxp/lpcxpresso_8.2.2_650/lpcxpresso/tools/bin/../lib/gcc/arm-none-eabi/5.4.1/../../../../arm-none-eabi/lib/armv7-m\libc.a(lib_a-vfprintf.o)
 .text.__svfscanf_r
                0x0000bfa8      0xeac c:/nxp/lpcxpresso_8.2.2_650/lpcxpresso/tools/bin/../lib/gcc/arm-none-eabi/5.4.1/../../../../arm-none-eabi/lib/armv7-m\libc.a(lib_a-vfscanf.o)
                0x0000bfa8                __svfscanf_r
 .text._vfscanf_r
                0x0000ce54       0x28 c:/nxp/lpcxpresso_8.2.2_650/lpcxpresso/tools/bin/../lib/gcc/arm-none-eabi/5.4.1/../../../../arm-none-eabi/lib/armv7-m\libc.a(lib_a-vfscanf.o)
                0x0000ce54                _vfscanf_r
 .text.__swbuf_r
                0x0000ce7c       0xac c:/nxp/lpcxpresso_8.2.2_650/lpcxpresso/tools/bin/../lib/gcc/arm-none-eabi/5.4.1/../../../../arm-none-eabi/lib/armv7-m\libc.a(lib_a-wbuf.o)
                0x0000ce7c                __swbuf_r
 .text._write_r
                0x0000cf28       0x2c c:/nxp/lpcxpresso_8.2.2_650/lpcxpresso/tools/bin/../lib/gcc/arm-none-eabi/5.4.1/../../../../arm-none-eabi/lib/armv7-m\libc.a(lib_a-writer.o)
                0x0000cf28                _write_r
 .text.__swsetup_r
                0x0000cf54       0xc8 c:/nxp/lpcxpresso_8.2.2_650/lpcxpresso/tools/bin/../lib/gcc/arm-none-eabi/5.4.1/../../../../arm-none-eabi/lib/armv7-m\libc.a(lib_a-wsetup.o)
                0x0000cf54                __swsetup_r
 .text._close_r
                0x0000d01c       0x24 c:/nxp/lpcxpresso_8.2.2_650/lpcxpresso/tools/bin/../lib/gcc/arm-none-eabi/5.4.1/../../../../arm-none-eabi/lib/armv7-m\libc.a(lib_a-closer.o)
                0x0000d01c                _close_r
 .text.quorem   0x0000d040      0x12c c:/nxp/lpcxpresso_8.2.2_650/lpcxpresso/tools/bin/../lib/gcc/arm-none-eabi/5.4.1/../../../../arm-none-eabi/lib/armv7-m\libc.a(lib_a-dtoa.o)
 *fill*         0x0000d16c        0x4 ff
 .text._dtoa_r  0x0000d170      0xe4c c:/nxp/lpcxpresso_8.2.2_650/lpcxpresso/tools/bin/../lib/gcc/arm-none-eabi/5.4.1/../../../../arm-none-eabi/lib/armv7-m\libc.a(lib_a-dtoa.o)
                0x0000d170                _dtoa_r
 .text.__sflags
                0x0000dfbc       0x74 c:/nxp/lpcxpresso_8.2.2_650/lpcxpresso/tools/bin/../lib/gcc/arm-none-eabi/5.4.1/../../../../arm-none-eabi/lib/armv7-m\libc.a(lib_a-flags.o)
                0x0000dfbc                __sflags
 .text._fread_r
                0x0000e030      0x1a0 c:/nxp/lpcxpresso_8.2.2_650/lpcxpresso/tools/bin/../lib/gcc/arm-none-eabi/5.4.1/../../../../arm-none-eabi/lib/armv7-m\libc.a(lib_a-fread.o)
                0x0000e030                _fread_r
 .text._isatty_r
                0x0000e1d0       0x24 c:/nxp/lpcxpresso_8.2.2_650/lpcxpresso/tools/bin/../lib/gcc/arm-none-eabi/5.4.1/../../../../arm-none-eabi/lib/armv7-m\libc.a(lib_a-isattyr.o)
                0x0000e1d0                _isatty_r
 .text.iswspace
                0x0000e1f4       0x1c c:/nxp/lpcxpresso_8.2.2_650/lpcxpresso/tools/bin/../lib/gcc/arm-none-eabi/5.4.1/../../../../arm-none-eabi/lib/armv7-m\libc.a(lib_a-iswspace.o)
                0x0000e1f4                iswspace
 .text.__locale_charset
                0x0000e210        0x8 c:/nxp/lpcxpresso_8.2.2_650/lpcxpresso/tools/bin/../lib/gcc/arm-none-eabi/5.4.1/../../../../arm-none-eabi/lib/armv7-m\libc.a(lib_a-locale.o)
                0x0000e210                __locale_charset
 .text.__locale_mb_cur_max
                0x0000e218        0xc c:/nxp/lpcxpresso_8.2.2_650/lpcxpresso/tools/bin/../lib/gcc/arm-none-eabi/5.4.1/../../../../arm-none-eabi/lib/armv7-m\libc.a(lib_a-locale.o)
                0x0000e218                __locale_mb_cur_max
 .text._localeconv_r
                0x0000e224        0x8 c:/nxp/lpcxpresso_8.2.2_650/lpcxpresso/tools/bin/../lib/gcc/arm-none-eabi/5.4.1/../../../../arm-none-eabi/lib/armv7-m\libc.a(lib_a-locale.o)
                0x0000e224                _localeconv_r
 .text._lseek_r
                0x0000e22c       0x2c c:/nxp/lpcxpresso_8.2.2_650/lpcxpresso/tools/bin/../lib/gcc/arm-none-eabi/5.4.1/../../../../arm-none-eabi/lib/armv7-m\libc.a(lib_a-lseekr.o)
                0x0000e22c                _lseek_r
 .text._mbrtowc_r
                0x0000e258       0x5c c:/nxp/lpcxpresso_8.2.2_650/lpcxpresso/tools/bin/../lib/gcc/arm-none-eabi/5.4.1/../../../../arm-none-eabi/lib/armv7-m\libc.a(lib_a-mbrtowc.o)
                0x0000e258                _mbrtowc_r
 .text.__ascii_mbtowc
                0x0000e2b4       0x2c c:/nxp/lpcxpresso_8.2.2_650/lpcxpresso/tools/bin/../lib/gcc/arm-none-eabi/5.4.1/../../../../arm-none-eabi/lib/armv7-m\libc.a(lib_a-mbtowc_r.o)
                0x0000e2b4                __ascii_mbtowc
 .text._Balloc  0x0000e2e0       0x50 c:/nxp/lpcxpresso_8.2.2_650/lpcxpresso/tools/bin/../lib/gcc/arm-none-eabi/5.4.1/../../../../arm-none-eabi/lib/armv7-m\libc.a(lib_a-mprec.o)
                0x0000e2e0                _Balloc
 .text._Bfree   0x0000e330       0x14 c:/nxp/lpcxpresso_8.2.2_650/lpcxpresso/tools/bin/../lib/gcc/arm-none-eabi/5.4.1/../../../../arm-none-eabi/lib/armv7-m\libc.a(lib_a-mprec.o)
                0x0000e330                _Bfree
 .text.__multadd
                0x0000e344       0x80 c:/nxp/lpcxpresso_8.2.2_650/lpcxpresso/tools/bin/../lib/gcc/arm-none-eabi/5.4.1/../../../../arm-none-eabi/lib/armv7-m\libc.a(lib_a-mprec.o)
                0x0000e344                __multadd
 .text.__s2b    0x0000e3c4       0x98 c:/nxp/lpcxpresso_8.2.2_650/lpcxpresso/tools/bin/../lib/gcc/arm-none-eabi/5.4.1/../../../../arm-none-eabi/lib/armv7-m\libc.a(lib_a-mprec.o)
                0x0000e3c4                __s2b
 .text.__hi0bits
                0x0000e45c       0x40 c:/nxp/lpcxpresso_8.2.2_650/lpcxpresso/tools/bin/../lib/gcc/arm-none-eabi/5.4.1/../../../../arm-none-eabi/lib/armv7-m\libc.a(lib_a-mprec.o)
                0x0000e45c                __hi0bits
 .text.__lo0bits
                0x0000e49c       0x5c c:/nxp/lpcxpresso_8.2.2_650/lpcxpresso/tools/bin/../lib/gcc/arm-none-eabi/5.4.1/../../../../arm-none-eabi/lib/armv7-m\libc.a(lib_a-mprec.o)
                0x0000e49c                __lo0bits
 .text.__i2b    0x0000e4f8       0x14 c:/nxp/lpcxpresso_8.2.2_650/lpcxpresso/tools/bin/../lib/gcc/arm-none-eabi/5.4.1/../../../../arm-none-eabi/lib/armv7-m\libc.a(lib_a-mprec.o)
                0x0000e4f8                __i2b
 .text.__multiply
                0x0000e50c      0x13c c:/nxp/lpcxpresso_8.2.2_650/lpcxpresso/tools/bin/../lib/gcc/arm-none-eabi/5.4.1/../../../../arm-none-eabi/lib/armv7-m\libc.a(lib_a-mprec.o)
                0x0000e50c                __multiply
 .text.__pow5mult
                0x0000e648       0xa0 c:/nxp/lpcxpresso_8.2.2_650/lpcxpresso/tools/bin/../lib/gcc/arm-none-eabi/5.4.1/../../../../arm-none-eabi/lib/armv7-m\libc.a(lib_a-mprec.o)
                0x0000e648                __pow5mult
 .text.__lshift
                0x0000e6e8       0xac c:/nxp/lpcxpresso_8.2.2_650/lpcxpresso/tools/bin/../lib/gcc/arm-none-eabi/5.4.1/../../../../arm-none-eabi/lib/armv7-m\libc.a(lib_a-mprec.o)
                0x0000e6e8                __lshift
 .text.__mcmp   0x0000e794       0x40 c:/nxp/lpcxpresso_8.2.2_650/lpcxpresso/tools/bin/../lib/gcc/arm-none-eabi/5.4.1/../../../../arm-none-eabi/lib/armv7-m\libc.a(lib_a-mprec.o)
                0x0000e794                __mcmp
 .text.__mdiff  0x0000e7d4      0x128 c:/nxp/lpcxpresso_8.2.2_650/lpcxpresso/tools/bin/../lib/gcc/arm-none-eabi/5.4.1/../../../../arm-none-eabi/lib/armv7-m\libc.a(lib_a-mprec.o)
                0x0000e7d4                __mdiff
 .text.__ulp    0x0000e8fc       0x44 c:/nxp/lpcxpresso_8.2.2_650/lpcxpresso/tools/bin/../lib/gcc/arm-none-eabi/5.4.1/../../../../arm-none-eabi/lib/armv7-m\libc.a(lib_a-mprec.o)
                0x0000e8fc                __ulp
 .text.__b2d    0x0000e940       0xd4 c:/nxp/lpcxpresso_8.2.2_650/lpcxpresso/tools/bin/../lib/gcc/arm-none-eabi/5.4.1/../../../../arm-none-eabi/lib/armv7-m\libc.a(lib_a-mprec.o)
                0x0000e940                __b2d
 .text.__d2b    0x0000ea14       0xa8 c:/nxp/lpcxpresso_8.2.2_650/lpcxpresso/tools/bin/../lib/gcc/arm-none-eabi/5.4.1/../../../../arm-none-eabi/lib/armv7-m\libc.a(lib_a-mprec.o)
                0x0000ea14                __d2b
 .text.__ratio  0x0000eabc       0x54 c:/nxp/lpcxpresso_8.2.2_650/lpcxpresso/tools/bin/../lib/gcc/arm-none-eabi/5.4.1/../../../../arm-none-eabi/lib/armv7-m\libc.a(lib_a-mprec.o)
                0x0000eabc                __ratio
 .text.__copybits
                0x0000eb10       0x48 c:/nxp/lpcxpresso_8.2.2_650/lpcxpresso/tools/bin/../lib/gcc/arm-none-eabi/5.4.1/../../../../arm-none-eabi/lib/armv7-m\libc.a(lib_a-mprec.o)
                0x0000eb10                __copybits
 .text.__any_on
                0x0000eb58       0x5c c:/nxp/lpcxpresso_8.2.2_650/lpcxpresso/tools/bin/../lib/gcc/arm-none-eabi/5.4.1/../../../../arm-none-eabi/lib/armv7-m\libc.a(lib_a-mprec.o)
                0x0000eb58                __any_on
 .text._read_r  0x0000ebb4       0x2c c:/nxp/lpcxpresso_8.2.2_650/lpcxpresso/tools/bin/../lib/gcc/arm-none-eabi/5.4.1/../../../../arm-none-eabi/lib/armv7-m\libc.a(lib_a-readr.o)
                0x0000ebb4                _read_r
 .text.__sccl   0x0000ebe0       0x74 c:/nxp/lpcxpresso_8.2.2_650/lpcxpresso/tools/bin/../lib/gcc/arm-none-eabi/5.4.1/../../../../arm-none-eabi/lib/armv7-m\libc.a(lib_a-sccl.o)
                0x0000ebe0                __sccl
 .text.nanf     0x0000ec54        0x8 c:/nxp/lpcxpresso_8.2.2_650/lpcxpresso/tools/bin/../lib/gcc/arm-none-eabi/5.4.1/../../../../arm-none-eabi/lib/armv7-m\libc.a(lib_a-sf_nan.o)
                0x0000ec54                nanf
 .text.sulp     0x0000ec5c       0x44 c:/nxp/lpcxpresso_8.2.2_650/lpcxpresso/tools/bin/../lib/gcc/arm-none-eabi/5.4.1/../../../../arm-none-eabi/lib/armv7-m\libc.a(lib_a-strtod.o)
 .text._strtod_r
                0x0000eca0      0xecc c:/nxp/lpcxpresso_8.2.2_650/lpcxpresso/tools/bin/../lib/gcc/arm-none-eabi/5.4.1/../../../../arm-none-eabi/lib/armv7-m\libc.a(lib_a-strtod.o)
                0x0000eca0                _strtod_r
 .text._strtol_r
                0x0000fb6c      0x128 c:/nxp/lpcxpresso_8.2.2_650/lpcxpresso/tools/bin/../lib/gcc/arm-none-eabi/5.4.1/../../../../arm-none-eabi/lib/armv7-m\libc.a(lib_a-strtol.o)
                0x0000fb6c                _strtol_r
 .text._strtoll_r
                0x0000fc94      0x1b4 c:/nxp/lpcxpresso_8.2.2_650/lpcxpresso/tools/bin/../lib/gcc/arm-none-eabi/5.4.1/../../../../arm-none-eabi/lib/armv7-m\libc.a(lib_a-strtoll_r.o)
                0x0000fc94                _strtoll_r
 .text._strtoul_r
                0x0000fe48      0x134 c:/nxp/lpcxpresso_8.2.2_650/lpcxpresso/tools/bin/../lib/gcc/arm-none-eabi/5.4.1/../../../../arm-none-eabi/lib/armv7-m\libc.a(lib_a-strtoul.o)
                0x0000fe48                _strtoul_r
 .text._strtoull_r
                0x0000ff7c      0x1c8 c:/nxp/lpcxpresso_8.2.2_650/lpcxpresso/tools/bin/../lib/gcc/arm-none-eabi/5.4.1/../../../../arm-none-eabi/lib/armv7-m\libc.a(lib_a-strtoull_r.o)
                0x0000ff7c                _strtoull_r
 .text.__ssprint_r
                0x00010144      0x100 c:/nxp/lpcxpresso_8.2.2_650/lpcxpresso/tools/bin/../lib/gcc/arm-none-eabi/5.4.1/../../../../arm-none-eabi/lib/armv7-m\libc.a(lib_a-svfiprintf.o)
                0x00010144                __ssprint_r
 .text._sungetc_r
                0x00010244       0x8c c:/nxp/lpcxpresso_8.2.2_650/lpcxpresso/tools/bin/../lib/gcc/arm-none-eabi/5.4.1/../../../../arm-none-eabi/lib/armv7-m\libc.a(lib_a-svfiscanf.o)
                0x00010244                _sungetc_r
 .text.__ssrefill_r
                0x000102d0       0x3c c:/nxp/lpcxpresso_8.2.2_650/lpcxpresso/tools/bin/../lib/gcc/arm-none-eabi/5.4.1/../../../../arm-none-eabi/lib/armv7-m\libc.a(lib_a-svfiscanf.o)
                0x000102d0                __ssrefill_r
 .text._sfread_r
                0x0001030c       0x84 c:/nxp/lpcxpresso_8.2.2_650/lpcxpresso/tools/bin/../lib/gcc/arm-none-eabi/5.4.1/../../../../arm-none-eabi/lib/armv7-m\libc.a(lib_a-svfiscanf.o)
                0x0001030c                _sfread_r
 .text.__submore
                0x00010390       0x7c c:/nxp/lpcxpresso_8.2.2_650/lpcxpresso/tools/bin/../lib/gcc/arm-none-eabi/5.4.1/../../../../arm-none-eabi/lib/armv7-m\libc.a(lib_a-ungetc.o)
                0x00010390                __submore
 .text._ungetc_r
                0x0001040c       0xe0 c:/nxp/lpcxpresso_8.2.2_650/lpcxpresso/tools/bin/../lib/gcc/arm-none-eabi/5.4.1/../../../../arm-none-eabi/lib/armv7-m\libc.a(lib_a-ungetc.o)
                0x0001040c                _ungetc_r
 .text.__sprint_r.part.0
                0x000104ec       0x78 c:/nxp/lpcxpresso_8.2.2_650/lpcxpresso/tools/bin/../lib/gcc/arm-none-eabi/5.4.1/../../../../arm-none-eabi/lib/armv7-m\libc.a(lib_a-vfiprintf.o)
 .text.__sprint_r
                0x00010564       0x14 c:/nxp/lpcxpresso_8.2.2_650/lpcxpresso/tools/bin/../lib/gcc/arm-none-eabi/5.4.1/../../../../arm-none-eabi/lib/armv7-m\libc.a(lib_a-vfiprintf.o)
                0x00010564                __sprint_r
 .text._calloc_r
                0x00010578       0x60 c:/nxp/lpcxpresso_8.2.2_650/lpcxpresso/tools/bin/../lib/gcc/arm-none-eabi/5.4.1/../../../../arm-none-eabi/lib/armv7-m\libc.a(lib_a-callocr.o)
                0x00010578                _calloc_r
 .text.__fputwc
                0x000105d8       0x94 c:/nxp/lpcxpresso_8.2.2_650/lpcxpresso/tools/bin/../lib/gcc/arm-none-eabi/5.4.1/../../../../arm-none-eabi/lib/armv7-m\libc.a(lib_a-fputwc.o)
                0x000105d8                __fputwc
 .text._fputwc_r
                0x0001066c       0x24 c:/nxp/lpcxpresso_8.2.2_650/lpcxpresso/tools/bin/../lib/gcc/arm-none-eabi/5.4.1/../../../../arm-none-eabi/lib/armv7-m\libc.a(lib_a-fputwc.o)
                0x0001066c                _fputwc_r
 .text.rshift   0x00010690       0xa8 c:/nxp/lpcxpresso_8.2.2_650/lpcxpresso/tools/bin/../lib/gcc/arm-none-eabi/5.4.1/../../../../arm-none-eabi/lib/armv7-m\libc.a(lib_a-gdtoa-gethex.o)
 .text.__gethex
                0x00010738      0x50c c:/nxp/lpcxpresso_8.2.2_650/lpcxpresso/tools/bin/../lib/gcc/arm-none-eabi/5.4.1/../../../../arm-none-eabi/lib/armv7-m\libc.a(lib_a-gdtoa-gethex.o)
                0x00010738                __gethex
 .text.__match  0x00010c44       0x30 c:/nxp/lpcxpresso_8.2.2_650/lpcxpresso/tools/bin/../lib/gcc/arm-none-eabi/5.4.1/../../../../arm-none-eabi/lib/armv7-m\libc.a(lib_a-gdtoa-hexnan.o)
                0x00010c44                __match
 .text.__hexnan
                0x00010c74      0x180 c:/nxp/lpcxpresso_8.2.2_650/lpcxpresso/tools/bin/../lib/gcc/arm-none-eabi/5.4.1/../../../../arm-none-eabi/lib/armv7-m\libc.a(lib_a-gdtoa-hexnan.o)
                0x00010c74                __hexnan
 .text._wcrtomb_r
                0x00010df4       0x54 c:/nxp/lpcxpresso_8.2.2_650/lpcxpresso/tools/bin/../lib/gcc/arm-none-eabi/5.4.1/../../../../arm-none-eabi/lib/armv7-m\libc.a(lib_a-wcrtomb.o)
                0x00010df4                _wcrtomb_r
 .text.__ascii_wctomb
                0x00010e48       0x1c c:/nxp/lpcxpresso_8.2.2_650/lpcxpresso/tools/bin/../lib/gcc/arm-none-eabi/5.4.1/../../../../arm-none-eabi/lib/armv7-m\libc.a(lib_a-wctomb_r.o)
                0x00010e48                __ascii_wctomb
 .text._ZN10__cxxabiv120__si_class_type_infoD2Ev
                0x00010e64       0x14 c:/nxp/lpcxpresso_8.2.2_650/lpcxpresso/tools/bin/../lib/gcc/arm-none-eabi/5.4.1/../../../../arm-none-eabi/lib/armv7-m\libstdc++.a(si_class_type_info.o)
                0x00010e64                __cxxabiv1::__si_class_type_info::~__si_class_type_info()
                0x00010e64                __cxxabiv1::__si_class_type_info::~__si_class_type_info()
 .text._ZN10__cxxabiv120__si_class_type_infoD0Ev
                0x00010e78       0x1c c:/nxp/lpcxpresso_8.2.2_650/lpcxpresso/tools/bin/../lib/gcc/arm-none-eabi/5.4.1/../../../../arm-none-eabi/lib/armv7-m\libstdc++.a(si_class_type_info.o)
                0x00010e78                __cxxabiv1::__si_class_type_info::~__si_class_type_info()
 .text._ZNK10__cxxabiv120__si_class_type_info12__do_dyncastEiNS_17__class_type_info10__sub_kindEPKS1_PKvS4_S6_RNS1_16__dyncast_resultE
                0x00010e94       0x98 c:/nxp/lpcxpresso_8.2.2_650/lpcxpresso/tools/bin/../lib/gcc/arm-none-eabi/5.4.1/../../../../arm-none-eabi/lib/armv7-m\libstdc++.a(si_class_type_info.o)
                0x00010e94                __cxxabiv1::__si_class_type_info::__do_dyncast(int, __cxxabiv1::__class_type_info::__sub_kind, __cxxabiv1::__class_type_info const*, void const*, __cxxabiv1::__class_type_info const*, void const*, __cxxabiv1::__class_type_info::__dyncast_result&) const
 .text._ZNK10__cxxabiv120__si_class_type_info20__do_find_public_srcEiPKvPKNS_17__class_type_infoES2_
                0x00010f2c       0x3c c:/nxp/lpcxpresso_8.2.2_650/lpcxpresso/tools/bin/../lib/gcc/arm-none-eabi/5.4.1/../../../../arm-none-eabi/lib/armv7-m\libstdc++.a(si_class_type_info.o)
                0x00010f2c                __cxxabiv1::__si_class_type_info::__do_find_public_src(int, void const*, __cxxabiv1::__class_type_info const*, void const*) const
 .text._ZNK10__cxxabiv120__si_class_type_info11__do_upcastEPKNS_17__class_type_infoEPKvRNS1_15__upcast_resultE
                0x00010f68       0x2c c:/nxp/lpcxpresso_8.2.2_650/lpcxpresso/tools/bin/../lib/gcc/arm-none-eabi/5.4.1/../../../../arm-none-eabi/lib/armv7-m\libstdc++.a(si_class_type_info.o)
                0x00010f68                __cxxabiv1::__si_class_type_info::__do_upcast(__cxxabiv1::__class_type_info const*, void const*, __cxxabiv1::__class_type_info::__upcast_result&) const
 .text._ZN10__cxxabiv121__vmi_class_type_infoD2Ev
                0x00010f94       0x14 c:/nxp/lpcxpresso_8.2.2_650/lpcxpresso/tools/bin/../lib/gcc/arm-none-eabi/5.4.1/../../../../arm-none-eabi/lib/armv7-m\libstdc++.a(vmi_class_type_info.o)
                0x00010f94                __cxxabiv1::__vmi_class_type_info::~__vmi_class_type_info()
                0x00010f94                __cxxabiv1::__vmi_class_type_info::~__vmi_class_type_info()
 .text._ZN10__cxxabiv121__vmi_class_type_infoD0Ev
                0x00010fa8       0x1c c:/nxp/lpcxpresso_8.2.2_650/lpcxpresso/tools/bin/../lib/gcc/arm-none-eabi/5.4.1/../../../../arm-none-eabi/lib/armv7-m\libstdc++.a(vmi_class_type_info.o)
                0x00010fa8                __cxxabiv1::__vmi_class_type_info::~__vmi_class_type_info()
 .text._ZNK10__cxxabiv121__vmi_class_type_info20__do_find_public_srcEiPKvPKNS_17__class_type_infoES2_
                0x00010fc4       0x7c c:/nxp/lpcxpresso_8.2.2_650/lpcxpresso/tools/bin/../lib/gcc/arm-none-eabi/5.4.1/../../../../arm-none-eabi/lib/armv7-m\libstdc++.a(vmi_class_type_info.o)
                0x00010fc4                __cxxabiv1::__vmi_class_type_info::__do_find_public_src(int, void const*, __cxxabiv1::__class_type_info const*, void const*) const
 .text._ZNK10__cxxabiv121__vmi_class_type_info12__do_dyncastEiNS_17__class_type_info10__sub_kindEPKS1_PKvS4_S6_RNS1_16__dyncast_resultE
                0x00011040      0x398 c:/nxp/lpcxpresso_8.2.2_650/lpcxpresso/tools/bin/../lib/gcc/arm-none-eabi/5.4.1/../../../../arm-none-eabi/lib/armv7-m\libstdc++.a(vmi_class_type_info.o)
                0x00011040                __cxxabiv1::__vmi_class_type_info::__do_dyncast(int, __cxxabiv1::__class_type_info::__sub_kind, __cxxabiv1::__class_type_info const*, void const*, __cxxabiv1::__class_type_info const*, void const*, __cxxabiv1::__class_type_info::__dyncast_result&) const
 .text._ZNK10__cxxabiv121__vmi_class_type_info11__do_upcastEPKNS_17__class_type_infoEPKvRNS1_15__upcast_resultE
                0x000113d8      0x150 c:/nxp/lpcxpresso_8.2.2_650/lpcxpresso/tools/bin/../lib/gcc/arm-none-eabi/5.4.1/../../../../arm-none-eabi/lib/armv7-m\libstdc++.a(vmi_class_type_info.o)