Archive member included to satisfy reference by file (symbol)

c:/nxp/lpcxpresso_8.2.2_650/lpcxpresso/tools/bin/../lib/gcc/arm-none-eabi/5.4.1/armv7-m\libgcc.a(_arm_addsubdf3.o)
                              ./Walk/Protected/InverseKinematics.o (__aeabi_dsub)
c:/nxp/lpcxpresso_8.2.2_650/lpcxpresso/tools/bin/../lib/gcc/arm-none-eabi/5.4.1/armv7-m\libgcc.a(_arm_muldivdf3.o)
                              ./Walk/Protected/InverseKinematics.o (__aeabi_dmul)
c:/nxp/lpcxpresso_8.2.2_650/lpcxpresso/tools/bin/../lib/gcc/arm-none-eabi/5.4.1/armv7-m\libgcc.a(_arm_cmpdf2.o)
                              ./Walk/ParallelLeg.o (__aeabi_dcmpeq)
c:/nxp/lpcxpresso_8.2.2_650/lpcxpresso/tools/bin/../lib/gcc/arm-none-eabi/5.4.1/armv7-m\libgcc.a(_arm_fixdfsi.o)
                              ./mbed-src/targets/hal/TARGET_NXP/TARGET_LPC176X/spi_api.o (__aeabi_d2iz)
c:/nxp/lpcxpresso_8.2.2_650/lpcxpresso/tools/bin/../lib/gcc/arm-none-eabi/5.4.1/armv7-m\libgcc.a(_arm_truncdfsf2.o)
                              ./mbed-src/targets/hal/TARGET_NXP/TARGET_LPC176X/serial_api.o (__aeabi_d2f)
c:/nxp/lpcxpresso_8.2.2_650/lpcxpresso/tools/bin/../lib/gcc/arm-none-eabi/5.4.1/armv7-m\libgcc.a(_arm_addsubsf3.o)
                              ./mbed-src/targets/hal/TARGET_NXP/TARGET_LPC176X/serial_api.o (__aeabi_fsub)
c:/nxp/lpcxpresso_8.2.2_650/lpcxpresso/tools/bin/../lib/gcc/arm-none-eabi/5.4.1/armv7-m\libgcc.a(_arm_muldivsf3.o)
                              ./mbed-src/targets/hal/TARGET_NXP/TARGET_LPC176X/analogin_api.o (__aeabi_fmul)
c:/nxp/lpcxpresso_8.2.2_650/lpcxpresso/tools/bin/../lib/gcc/arm-none-eabi/5.4.1/armv7-m\libgcc.a(_arm_cmpsf2.o)
                              ./PID.o (__aeabi_fcmpeq)
c:/nxp/lpcxpresso_8.2.2_650/lpcxpresso/tools/bin/../lib/gcc/arm-none-eabi/5.4.1/armv7-m\libgcc.a(_arm_fixsfsi.o)
                              ./mbed-src/targets/hal/TARGET_NXP/TARGET_LPC176X/analogout_api.o (__aeabi_f2iz)
c:/nxp/lpcxpresso_8.2.2_650/lpcxpresso/tools/bin/../lib/gcc/arm-none-eabi/5.4.1/armv7-m\libgcc.a(_arm_fixunssfsi.o)
                              ./mbed-src/targets/hal/TARGET_NXP/TARGET_LPC176X/pwmout_api.o (__aeabi_f2uiz)
c:/nxp/lpcxpresso_8.2.2_650/lpcxpresso/tools/bin/../lib/gcc/arm-none-eabi/5.4.1/armv7-m\libgcc.a(_aeabi_uldivmod.o)
                              ./mbed-src/targets/cmsis/TARGET_NXP/TARGET_LPC176X/system_LPC17xx.o (__aeabi_uldivmod)
c:/nxp/lpcxpresso_8.2.2_650/lpcxpresso/tools/bin/../lib/gcc/arm-none-eabi/5.4.1/armv7-m\libgcc.a(_udivmoddi4.o)
                              c:/nxp/lpcxpresso_8.2.2_650/lpcxpresso/tools/bin/../lib/gcc/arm-none-eabi/5.4.1/armv7-m\libgcc.a(_aeabi_uldivmod.o) (__udivmoddi4)
c:/nxp/lpcxpresso_8.2.2_650/lpcxpresso/tools/bin/../lib/gcc/arm-none-eabi/5.4.1/armv7-m\libgcc.a(_dvmd_tls.o)
                              c:/nxp/lpcxpresso_8.2.2_650/lpcxpresso/tools/bin/../lib/gcc/arm-none-eabi/5.4.1/armv7-m\libgcc.a(_aeabi_uldivmod.o) (__aeabi_ldiv0)
c:/nxp/lpcxpresso_8.2.2_650/lpcxpresso/tools/bin/../lib/gcc/arm-none-eabi/5.4.1/../../../../arm-none-eabi/lib/armv7-m\libc.a(lib_a-errno.o)
                              ./mbed-src/common/retarget.o (__errno)
c:/nxp/lpcxpresso_8.2.2_650/lpcxpresso/tools/bin/../lib/gcc/arm-none-eabi/5.4.1/../../../../arm-none-eabi/lib/armv7-m\libc.a(lib_a-fclose.o)
                              ./mbed-src/common/Stream.o (fclose)
c:/nxp/lpcxpresso_8.2.2_650/lpcxpresso/tools/bin/../lib/gcc/arm-none-eabi/5.4.1/../../../../arm-none-eabi/lib/armv7-m\libc.a(lib_a-fflush.o)
                              c:/nxp/lpcxpresso_8.2.2_650/lpcxpresso/tools/bin/../lib/gcc/arm-none-eabi/5.4.1/../../../../arm-none-eabi/lib/armv7-m\libc.a(lib_a-fclose.o) (__sflush_r)
c:/nxp/lpcxpresso_8.2.2_650/lpcxpresso/tools/bin/../lib/gcc/arm-none-eabi/5.4.1/../../../../arm-none-eabi/lib/armv7-m\libc.a(lib_a-fgetc.o)
                              ./mbed-src/common/Stream.o (fgetc)
c:/nxp/lpcxpresso_8.2.2_650/lpcxpresso/tools/bin/../lib/gcc/arm-none-eabi/5.4.1/../../../../arm-none-eabi/lib/armv7-m\libc.a(lib_a-fgets.o)
                              ./mbed-src/common/Stream.o (fgets)
c:/nxp/lpcxpresso_8.2.2_650/lpcxpresso/tools/bin/../lib/gcc/arm-none-eabi/5.4.1/../../../../arm-none-eabi/lib/armv7-m\libc.a(lib_a-findfp.o)
                              c:/nxp/lpcxpresso_8.2.2_650/lpcxpresso/tools/bin/../lib/gcc/arm-none-eabi/5.4.1/../../../../arm-none-eabi/lib/armv7-m\libc.a(lib_a-fclose.o) (__sinit)
c:/nxp/lpcxpresso_8.2.2_650/lpcxpresso/tools/bin/../lib/gcc/arm-none-eabi/5.4.1/../../../../arm-none-eabi/lib/armv7-m\libc.a(lib_a-fopen.o)
                              ./mbed-src/common/Stream.o (fopen)
c:/nxp/lpcxpresso_8.2.2_650/lpcxpresso/tools/bin/../lib/gcc/arm-none-eabi/5.4.1/../../../../arm-none-eabi/lib/armv7-m\libc.a(lib_a-fprintf.o)
                              ./mbed-src/targets/hal/TARGET_NXP/TARGET_LPC176X/analogin_api.o (fprintf)
[...]
Memory Configuration

Name             Origin             Length             Attributes
MFlash512        0x00000000         0x00080000         xr
RamLoc32         0x100000c8         0x00007f38         xrw
RamAHB32         0x2007c000         0x00008000         xrw
*default*        0x00000000         0xffffffff

Linker script and memory map

LOAD ./mbed-src/targets/hal/TARGET_NXP/TARGET_LPC176X/analogin_api.o
LOAD ./mbed-src/targets/hal/TARGET_NXP/TARGET_LPC176X/analogout_api.o
LOAD ./mbed-src/targets/hal/TARGET_NXP/TARGET_LPC176X/can_api.o
LOAD ./mbed-src/targets/hal/TARGET_NXP/TARGET_LPC176X/ethernet_api.o
LOAD ./mbed-src/targets/hal/TARGET_NXP/TARGET_LPC176X/gpio_api.o
LOAD ./mbed-src/targets/hal/TARGET_NXP/TARGET_LPC176X/gpio_irq_api.o
LOAD ./mbed-src/targets/hal/TARGET_NXP/TARGET_LPC176X/i2c_api.o
LOAD ./mbed-src/targets/hal/TARGET_NXP/TARGET_LPC176X/pinmap.o
LOAD ./mbed-src/targets/hal/TARGET_NXP/TARGET_LPC176X/port_api.o
LOAD ./mbed-src/targets/hal/TARGET_NXP/TARGET_LPC176X/pwmout_api.o
LOAD ./mbed-src/targets/hal/TARGET_NXP/TARGET_LPC176X/rtc_api.o
LOAD ./mbed-src/targets/hal/TARGET_NXP/TARGET_LPC176X/serial_api.o
LOAD ./mbed-src/targets/hal/TARGET_NXP/TARGET_LPC176X/sleep.o
LOAD ./mbed-src/targets/hal/TARGET_NXP/TARGET_LPC176X/spi_api.o
LOAD ./mbed-src/targets/hal/TARGET_NXP/TARGET_LPC176X/us_ticker.o
LOAD ./mbed-src/targets/cmsis/TARGET_NXP/TARGET_LPC176X/TOOLCHAIN_GCC_CR/startup_LPC17xx.o
LOAD ./mbed-src/targets/cmsis/TARGET_NXP/TARGET_LPC176X/cmsis_nvic.o
LOAD ./mbed-src/targets/cmsis/TARGET_NXP/TARGET_LPC176X/system_LPC17xx.o
LOAD ./mbed-src/common/BusIn.o
LOAD ./mbed-src/common/BusInOut.o
LOAD ./mbed-src/common/BusOut.o
LOAD ./mbed-src/common/CAN.o
LOAD ./mbed-src/common/CallChain.o
LOAD ./mbed-src/common/Ethernet.o
LOAD ./mbed-src/common/FileBase.o
LOAD ./mbed-src/common/FileLike.o
LOAD ./mbed-src/common/FilePath.o
LOAD ./mbed-src/common/FileSystemLike.o
LOAD ./mbed-src/common/FunctionPointer.o
LOAD ./mbed-src/common/I2C.o
LOAD ./mbed-src/common/I2CSlave.o
LOAD ./mbed-src/common/InterruptIn.o
LOAD ./mbed-src/common/InterruptManager.o
LOAD ./mbed-src/common/LocalFileSystem.o
LOAD ./mbed-src/common/RawSerial.o
LOAD ./mbed-src/common/SPI.o
LOAD ./mbed-src/common/SPISlave.o
LOAD ./mbed-src/common/Serial.o
LOAD ./mbed-src/common/SerialBase.o
LOAD ./mbed-src/common/Stream.o
LOAD ./mbed-src/common/Ticker.o
LOAD ./mbed-src/common/Timeout.o
LOAD ./mbed-src/common/Timer.o
LOAD ./mbed-src/common/TimerEvent.o
LOAD ./mbed-src/common/board.o
LOAD ./mbed-src/common/exit.o
LOAD ./mbed-src/common/mbed_interface.o
LOAD ./mbed-src/common/pinmap_common.o
LOAD ./mbed-src/common/retarget.o
LOAD ./mbed-src/common/rtc_time.o
LOAD ./mbed-src/common/semihost_api.o
LOAD ./mbed-src/common/us_ticker_api.o
LOAD ./mbed-src/common/wait_api.o
LOAD ./Walk/Protected/InverseKinematics.o
LOAD ./Walk/CANs/CANProtocol.o
LOAD ./Walk/CANs/CANReceiver.o
LOAD ./Walk/CANs/CANSender.o
LOAD ./Walk/CANs/CANSynchronizer.o
LOAD ./Walk/ClockTimer.o
LOAD ./Walk/ForwardKinematics.o
LOAD ./Walk/LegPID.o
LOAD ./Walk/MRMode.o
LOAD ./Walk/ParallelLeg.o
LOAD ./Walk/SingleLeg.o
LOAD ./QEI/QEI.o
LOAD ./QEI/QEI_freePin.o
LOAD ./QEI/SingleLegQEI.o
LOAD ./PID.o
LOAD ./Pins.o
LOAD ./functions.o
LOAD ./main.o
START GROUP
LOAD c:/nxp/lpcxpresso_8.2.2_650/lpcxpresso/tools/bin/../lib/gcc/arm-none-eabi/5.4.1/armv7-m\libgcc.a
LOAD c:/nxp/lpcxpresso_8.2.2_650/lpcxpresso/tools/bin/../lib/gcc/arm-none-eabi/5.4.1/../../../../arm-none-eabi/lib/armv7-m\libc.a
LOAD c:/nxp/lpcxpresso_8.2.2_650/lpcxpresso/tools/bin/../lib/gcc/arm-none-eabi/5.4.1/../../../../arm-none-eabi/lib/armv7-m\libstdc++.a
LOAD c:/nxp/lpcxpresso_8.2.2_650/lpcxpresso/tools/bin/../lib/gcc/arm-none-eabi/5.4.1/../../../../arm-none-eabi/lib/armv7-m\libm.a
LOAD c:/nxp/lpcxpresso_8.2.2_650/lpcxpresso/tools/bin/../lib/gcc/arm-none-eabi/5.4.1/../../../../arm-none-eabi/lib/armv7-m\libcr_newlib_nohost.a
LOAD c:/nxp/lpcxpresso_8.2.2_650/lpcxpresso/tools/bin/../lib/gcc/arm-none-eabi/5.4.1/armv7-m\crti.o
LOAD c:/nxp/lpcxpresso_8.2.2_650/lpcxpresso/tools/bin/../lib/gcc/arm-none-eabi/5.4.1/armv7-m\crtn.o
LOAD c:/nxp/lpcxpresso_8.2.2_650/lpcxpresso/tools/bin/../lib/gcc/arm-none-eabi/5.4.1/armv7-m\crtbegin.o
LOAD c:/nxp/lpcxpresso_8.2.2_650/lpcxpresso/tools/bin/../lib/gcc/arm-none-eabi/5.4.1/armv7-m\crtend.o
END GROUP
                0x00080000                __top_MFlash512 = 0x80000
                0x10008000                __top_RamLoc32 = 0x10008000
                0x20084000                __top_RamAHB32 = 0x20084000

.text           0x00000000    0x170bc
 FILL mask 0xff
 *(.isr_vector)
 .isr_vector    0x00000000       0xcc ./mbed-src/targets/cmsis/TARGET_NXP/TARGET_LPC176X/TOOLCHAIN_GCC_CR/startup_LPC17xx.o
                0x00000000                g_pfnVectors
                0x000000cc                . = ALIGN (0x4)
                0x000000cc                __section_table_start = .
                0x000000cc                __data_section_table = .
                0x000000cc        0x4 LONG 0x1720c LOADADDR (.data)
                0x000000d0        0x4 LONG 0x100000c8 ADDR (.data)
                0x000000d4        0x4 LONG 0x8cc SIZEOF (.data)
                0x000000d8        0x4 LONG 0x1720c LOADADDR (.data_RAM2)
                0x000000dc        0x4 LONG 0x2007c000 ADDR (.data_RAM2)
                0x000000e0        0x4 LONG 0x0 SIZEOF (.data_RAM2)
                0x000000e4                __data_section_table_end = .
                0x000000e4                __bss_section_table = .
                0x000000e4        0x4 LONG 0x10000998 ADDR (.bss)
                0x000000e8        0x4 LONG 0x110c SIZEOF (.bss)
                0x000000ec        0x4 LONG 0x2007c000 ADDR (.bss_RAM2)
                0x000000f0        0x4 LONG 0x0 SIZEOF (.bss_RAM2)
                0x000000f4                __bss_section_table_end = .
                0x000000f4                __section_table_end = .
 *(.after_vectors*)
 .after_vectors
                0x000000f4      0x170 ./mbed-src/targets/cmsis/TARGET_NXP/TARGET_LPC176X/TOOLCHAIN_GCC_CR/startup_LPC17xx.o
                0x000000f4                data_init
                0x00000138                bss_init
                0x00000170                ResetISR
                0x000001ec                NMI_Handler
                0x000001f8                HardFault_Handler
                0x00000204                MemManage_Handler
                0x00000210                BusFault_Handler
                0x0000021c                UsageFault_Handler
                0x00000228                SVCall_Handler
                0x00000234                DebugMon_Handler
                0x00000240                PendSV_Handler
                0x0000024c                SysTick_Handler
                0x00000258                EINT2_IRQHandler
                0x00000258                UART1_IRQHandler
                0x00000258                EINT3_IRQHandler
                0x00000258                CANActivity_IRQHandler
                0x00000258                TIMER3_IRQHandler
                0x00000258                UART0_IRQHandler
                0x00000258                USBActivity_IRQHandler
                0x00000258                I2C1_IRQHandler
                0x00000258                IntDefaultHandler
                0x00000258                PLL0_IRQHandler
                0x00000258                I2C0_IRQHandler
                0x00000258                PLL1_IRQHandler
                0x00000258                PWM1_IRQHandler
                0x00000258                I2S_IRQHandler
                0x00000258                I2C2_IRQHandler
                0x00000258                RTC_IRQHandler
                0x00000258                TIMER0_IRQHandler
                0x00000258                SPI_IRQHandler
                0x00000258                RIT_IRQHandler
                0x00000258                EINT1_IRQHandler
                0x00000258                TIMER1_IRQHandler
                0x00000258                UART2_IRQHandler
                0x00000258                ADC_IRQHandler
                0x00000258                SSP1_IRQHandler
                0x00000258                USB_IRQHandler
                0x00000258                BOD_IRQHandler
                0x00000258                SSP0_IRQHandler
                0x00000258                WDT_IRQHandler
                0x00000258                QEI_IRQHandler
                0x00000258                EINT0_IRQHandler
                0x00000258                TIMER2_IRQHandler
                0x00000258                DMA_IRQHandler
                0x00000258                CAN_IRQHandler
                0x00000258                UART3_IRQHandler
                0x00000258                MCPWM_IRQHandler
                0x00000258                ENET_IRQHandler
 *(.text*)
 .text.NVIC_EnableIRQ
                0x00000264       0x30 ./mbed-src/targets/hal/TARGET_NXP/TARGET_LPC176X/can_api.o
 .text.NVIC_DisableIRQ
                0x00000294       0x34 ./mbed-src/targets/hal/TARGET_NXP/TARGET_LPC176X/can_api.o
 .text.can_disable
                0x000002c8       0x2c ./mbed-src/targets/hal/TARGET_NXP/TARGET_LPC176X/can_api.o
 .text.can_enable
                0x000002f4       0x30 ./mbed-src/targets/hal/TARGET_NXP/TARGET_LPC176X/can_api.o
 .text.can_irq  0x00000324      0x134 ./mbed-src/targets/hal/TARGET_NXP/TARGET_LPC176X/can_api.o
 .text.can_irq_n
                0x00000458       0x5c ./mbed-src/targets/hal/TARGET_NXP/TARGET_LPC176X/can_api.o
                0x00000458                can_irq_n
 .text.can_irq_init
                0x000004b4       0x30 ./mbed-src/targets/hal/TARGET_NXP/TARGET_LPC176X/can_api.o
                0x000004b4                can_irq_init
 .text.can_irq_free
                0x000004e4       0x48 ./mbed-src/targets/hal/TARGET_NXP/TARGET_LPC176X/can_api.o
                0x000004e4                can_irq_free
 .text.can_irq_set
                0x0000052c      0x120 ./mbed-src/targets/hal/TARGET_NXP/TARGET_LPC176X/can_api.o
                0x0000052c                can_irq_set
 .text.can_pclk
                0x0000064c       0x70 ./mbed-src/targets/hal/TARGET_NXP/TARGET_LPC176X/can_api.o
 .text.can_speed
                0x000006bc       0xcc ./mbed-src/targets/hal/TARGET_NXP/TARGET_LPC176X/can_api.o
 .text.can_init
                0x00000788      0x100 ./mbed-src/targets/hal/TARGET_NXP/TARGET_LPC176X/can_api.o
                0x00000788                can_init
 .text.can_free
                0x00000888       0x54 ./mbed-src/targets/hal/TARGET_NXP/TARGET_LPC176X/can_api.o
                0x00000888                can_free
 .text.can_frequency
                0x000008dc       0x54 ./mbed-src/targets/hal/TARGET_NXP/TARGET_LPC176X/can_api.o
                0x000008dc                can_frequency
 .text.can_read
                0x00000930       0xcc ./mbed-src/targets/hal/TARGET_NXP/TARGET_LPC176X/can_api.o
                0x00000930                can_read
 .text.can_reset
                0x000009fc       0x20 ./mbed-src/targets/hal/TARGET_NXP/TARGET_LPC176X/can_api.o
                0x000009fc                can_reset
 .text.gpio_set
                0x00000a1c       0x24 ./mbed-src/targets/hal/TARGET_NXP/TARGET_LPC176X/gpio_api.o
                0x00000a1c                gpio_set
 .text.gpio_init
                0x00000a40       0x88 ./mbed-src/targets/hal/TARGET_NXP/TARGET_LPC176X/gpio_api.o
                0x00000a40                gpio_init
 .text.gpio_mode
                0x00000ac8       0x24 ./mbed-src/targets/hal/TARGET_NXP/TARGET_LPC176X/gpio_api.o
                0x00000ac8                gpio_mode
 .text.gpio_dir
                0x00000aec       0x4c ./mbed-src/targets/hal/TARGET_NXP/TARGET_LPC176X/gpio_api.o
                0x00000aec                gpio_dir
 .text.NVIC_EnableIRQ
                0x00000b38       0x30 ./mbed-src/targets/hal/TARGET_NXP/TARGET_LPC176X/gpio_irq_api.o
 .text.handle_interrupt_in
                0x00000b68      0x1d4 ./mbed-src/targets/hal/TARGET_NXP/TARGET_LPC176X/gpio_irq_api.o
 .text.gpio_irq_init
                0x00000d3c       0xbc ./mbed-src/targets/hal/TARGET_NXP/TARGET_LPC176X/gpio_irq_api.o
                0x00000d3c                gpio_irq_init
 .text.gpio_irq_free
                0x00000df8       0x24 ./mbed-src/targets/hal/TARGET_NXP/TARGET_LPC176X/gpio_irq_api.o
                0x00000df8                gpio_irq_free
 .text.gpio_irq_set
                0x00000e1c      0x154 ./mbed-src/targets/hal/TARGET_NXP/TARGET_LPC176X/gpio_irq_api.o
                0x00000e1c                gpio_irq_set
 .text.pin_function
                0x00000f70       0x74 ./mbed-src/targets/hal/TARGET_NXP/TARGET_LPC176X/pinmap.o
                0x00000f70                pin_function
 .text.pin_mode
                0x00000fe4       0xdc ./mbed-src/targets/hal/TARGET_NXP/TARGET_LPC176X/pinmap.o
                0x00000fe4                pin_mode
 .text.pwmout_init
                0x000010c0       0xd8 ./mbed-src/targets/hal/TARGET_NXP/TARGET_LPC176X/pwmout_api.o
                0x000010c0                pwmout_init
 .text.pwmout_write
                0x00001198       0x90 ./mbed-src/targets/hal/TARGET_NXP/TARGET_LPC176X/pwmout_api.o
                0x00001198                pwmout_write
 .text.pwmout_period_ms
                0x00001228       0x24 ./mbed-src/targets/hal/TARGET_NXP/TARGET_LPC176X/pwmout_api.o
                0x00001228                pwmout_period_ms
 .text.pwmout_period_us
                0x0000124c       0x68 ./mbed-src/targets/hal/TARGET_NXP/TARGET_LPC176X/pwmout_api.o
                0x0000124c                pwmout_period_us
 .text.serial_init
                0x000012b4      0x1a8 ./mbed-src/targets/hal/TARGET_NXP/TARGET_LPC176X/serial_api.o
                0x000012b4                serial_init
 .text.serial_baud
                0x0000145c      0x2d8 ./mbed-src/targets/hal/TARGET_NXP/TARGET_LPC176X/serial_api.o
                0x0000145c                serial_baud
 .text.serial_format
                0x00001734      0x108 ./mbed-src/targets/hal/TARGET_NXP/TARGET_LPC176X/serial_api.o
                0x00001734                serial_format
 .text.serial_irq_handler
                0x0000183c       0x30 ./mbed-src/targets/hal/TARGET_NXP/TARGET_LPC176X/serial_api.o
                0x0000183c                serial_irq_handler
 .text.serial_getc
                0x0000186c       0x28 ./mbed-src/targets/hal/TARGET_NXP/TARGET_LPC176X/serial_api.o
                0x0000186c                serial_getc
 .text.serial_putc
                0x00001894       0x38 ./mbed-src/targets/hal/TARGET_NXP/TARGET_LPC176X/serial_api.o
                0x00001894                serial_putc
 .text.serial_readable
                0x000018cc       0x20 ./mbed-src/targets/hal/TARGET_NXP/TARGET_LPC176X/serial_api.o
                0x000018cc                serial_readable
 .text.serial_writable
                0x000018ec       0x3c ./mbed-src/targets/hal/TARGET_NXP/TARGET_LPC176X/serial_api.o
                0x000018ec                serial_writable
 .text.NVIC_EnableIRQ
                0x00001928       0x30 ./mbed-src/targets/hal/TARGET_NXP/TARGET_LPC176X/us_ticker.o
 .text.us_ticker_init
                0x00001958       0x84 ./mbed-src/targets/hal/TARGET_NXP/TARGET_LPC176X/us_ticker.o
                0x00001958                us_ticker_init
 .text.us_ticker_read
                0x000019dc       0x20 ./mbed-src/targets/hal/TARGET_NXP/TARGET_LPC176X/us_ticker.o
                0x000019dc                us_ticker_read
 .text.us_ticker_set_interrupt
                0x000019fc       0x28 ./mbed-src/targets/hal/TARGET_NXP/TARGET_LPC176X/us_ticker.o
                0x000019fc                us_ticker_set_interrupt
 .text.us_ticker_disable_interrupt
                0x00001a24       0x1c ./mbed-src/targets/hal/TARGET_NXP/TARGET_LPC176X/us_ticker.o
                0x00001a24                us_ticker_disable_interrupt
 .text.us_ticker_clear_interrupt
                0x00001a40       0x18 ./mbed-src/targets/hal/TARGET_NXP/TARGET_LPC176X/us_ticker.o
                0x00001a40                us_ticker_clear_interrupt
 .text.__aeabi_atexit
                0x00001a58       0x18 ./mbed-src/targets/cmsis/TARGET_NXP/TARGET_LPC176X/TOOLCHAIN_GCC_CR/startup_LPC17xx.o
                0x00001a58                __aeabi_atexit
 .text._Znwj    0x00001a70       0x18 ./mbed-src/targets/cmsis/TARGET_NXP/TARGET_LPC176X/TOOLCHAIN_GCC_CR/startup_LPC17xx.o
                0x00001a70                operator new(unsigned int)
 .text._ZdlPv   0x00001a88       0x18 ./mbed-src/targets/cmsis/TARGET_NXP/TARGET_LPC176X/TOOLCHAIN_GCC_CR/startup_LPC17xx.o
                0x00001a88                operator delete(void*)
 .text.NVIC_SetVector
                0x00001aa0       0x70 ./mbed-src/targets/cmsis/TARGET_NXP/TARGET_LPC176X/cmsis_nvic.o
                0x00001aa0                NVIC_SetVector
 .text.SystemInit
                0x00001b10       0xf4 ./mbed-src/targets/cmsis/TARGET_NXP/TARGET_LPC176X/system_LPC17xx.o
                0x00001b10                SystemInit
 .text.gpio_read
                0x00001c04       0x28 ./mbed-src/common/BusIn.o
 .text._ZN4mbed9DigitalInC2E7PinName
                0x00001c2c       0x20 ./mbed-src/common/BusIn.o
                0x00001c2c                mbed::DigitalIn::DigitalIn(PinName)
                0x00001c2c                mbed::DigitalIn::DigitalIn(PinName)
 .text._ZN4mbed9DigitalIn4readEv
                0x00001c4c       0x1c ./mbed-src/common/BusIn.o
                0x00001c4c                mbed::DigitalIn::read()
 .text.gpio_write
                0x00001c68       0x30 ./mbed-src/common/BusOut.o
 .text._ZN4mbed10DigitalOutC2E7PinName
                0x00001c98       0x20 ./mbed-src/common/BusOut.o
                0x00001c98                mbed::DigitalOut::DigitalOut(PinName)
                0x00001c98                mbed::DigitalOut::DigitalOut(PinName)
 .text._ZN4mbed10DigitalOut5writeEi
                0x00001cb8       0x1c ./mbed-src/common/BusOut.o
                0x00001cb8                mbed::DigitalOut::write(int)
 .text._ZN4mbed3CANC2E7PinNameS1_
                0x00001cd4       0x5c ./mbed-src/common/CAN.o
                0x00001cd4                mbed::CAN::CAN(PinName, PinName)
                0x00001cd4                mbed::CAN::CAN(PinName, PinName)
 .text._ZN4mbed3CAND2Ev
                0x00001d30       0x3c ./mbed-src/common/CAN.o
                0x00001d30                mbed::CAN::~CAN()
                0x00001d30                mbed::CAN::~CAN()
 .text._ZN4mbed3CAND0Ev
                0x00001d6c       0x20 ./mbed-src/common/CAN.o
                0x00001d6c                mbed::CAN::~CAN()
 .text._ZN4mbed3CAN9frequencyEi
                0x00001d8c       0x20 ./mbed-src/common/CAN.o
                0x00001d8c                mbed::CAN::frequency(int)
 .text._ZN4mbed3CAN4readERNS_10CANMessageEi
                0x00001dac       0x24 ./mbed-src/common/CAN.o
                0x00001dac                mbed::CAN::read(mbed::CANMessage&, int)
 .text._ZN4mbed3CAN6attachEPFvvENS0_7IrqTypeE
                0x00001dd0       0x54 ./mbed-src/common/CAN.o
                0x00001dd0                mbed::CAN::attach(void (*)(), mbed::CAN::IrqType)
 .text._ZN4mbed3CAN12_irq_handlerEm10CanIrqType
                0x00001e24       0x30 ./mbed-src/common/CAN.o
                0x00001e24                mbed::CAN::_irq_handler(unsigned long, CanIrqType)
 .text._ZN4mbed8FileBaseC2EPKcNS_8PathTypeE
                0x00001e54       0x50 ./mbed-src/common/FileBase.o
                0x00001e54                mbed::FileBase::FileBase(char const*, mbed::PathType)
                0x00001e54                mbed::FileBase::FileBase(char const*, mbed::PathType)
 .text._ZN4mbed8FileBaseD2Ev
                0x00001ea4       0x68 ./mbed-src/common/FileBase.o
                0x00001ea4                mbed::FileBase::~FileBase()
                0x00001ea4                mbed::FileBase::~FileBase()
 .text._ZN4mbed8FileBaseD0Ev
                0x00001f0c       0x20 ./mbed-src/common/FileBase.o
                0x00001f0c                mbed::FileBase::~FileBase()
 .text._ZN4mbed8FileBase6lookupEPKcj
                0x00001f2c       0x68 ./mbed-src/common/FileBase.o
                0x00001f2c                mbed::FileBase::lookup(char const*, unsigned int)
 .text._ZN4mbed8FileBase11getPathTypeEv
                0x00001f94       0x18 ./mbed-src/common/FileBase.o
                0x00001f94                mbed::FileBase::getPathType()
 .text._ZN4mbed10FileHandle4flenEv
                0x00001fac       0x54 ./mbed-src/common/FileLike.o
                0x00001fac                mbed::FileHandle::flen()
 .text._ZN4mbed10FileHandleC2Ev
                0x00002000       0x20 ./mbed-src/common/FileLike.o
                0x00002000                mbed::FileHandle::FileHandle()
                0x00002000                mbed::FileHandle::FileHandle()
 .text._ZN4mbed8FileLikeC2EPKc
                0x00002020       0x40 ./mbed-src/common/FileLike.o
                0x00002020                mbed::FileLike::FileLike(char const*)
                0x00002020                mbed::FileLike::FileLike(char const*)
 .text._ZN4mbed8FileLikeD2Ev
                0x00002060       0x44 ./mbed-src/common/FileLike.o
                0x00002060                mbed::FileLike::~FileLike()
                0x00002060                mbed::FileLike::~FileLike()
 .text._ZN4mbed8FilePathC2EPKc
                0x000020a4       0x88 ./mbed-src/common/FilePath.o
                0x000020a4                mbed::FilePath::FilePath(char const*)
                0x000020a4                mbed::FilePath::FilePath(char const*)
 .text._ZN4mbed8FilePath8fileNameEv
                0x0000212c       0x18 ./mbed-src/common/FilePath.o
                0x0000212c                mbed::FilePath::fileName()
 .text._ZN4mbed8FilePath12isFileSystemEv
                0x00002144       0x34 ./mbed-src/common/FilePath.o
                0x00002144                mbed::FilePath::isFileSystem()
 .text._ZN4mbed8FilePath10fileSystemEv
                0x00002178       0x24 ./mbed-src/common/FilePath.o
                0x00002178                mbed::FilePath::fileSystem()
 .text._ZN4mbed8FilePath6isFileEv
                0x0000219c       0x34 ./mbed-src/common/FilePath.o
                0x0000219c                mbed::FilePath::isFile()
 .text._ZN4mbed8FilePath4fileEv
                0x000021d0       0x34 ./mbed-src/common/FilePath.o
                0x000021d0                mbed::FilePath::file()
 .text._ZN4mbed8FilePath6existsEv
                0x00002204       0x20 ./mbed-src/common/FilePath.o
                0x00002204                mbed::FilePath::exists()
 .text._ZN4mbed9DirHandle7telldirEv
                0x00002224       0x18 ./mbed-src/common/FileSystemLike.o
                0x00002224                mbed::DirHandle::telldir()
 .text._ZN4mbed9DirHandle7seekdirEl
                0x0000223c       0x14 ./mbed-src/common/FileSystemLike.o
                0x0000223c                mbed::DirHandle::seekdir(long)
 .text._ZN4mbed9DirHandleD2Ev
                0x00002250       0x28 ./mbed-src/common/FileSystemLike.o
                0x00002250                mbed::DirHandle::~DirHandle()
                0x00002250                mbed::DirHandle::~DirHandle()
 .text._ZN4mbed9DirHandleD0Ev
                0x00002278       0x20 ./mbed-src/common/FileSystemLike.o
                0x00002278                mbed::DirHandle::~DirHandle()
 .text._ZN4mbed14FileSystemLike6removeEPKc
                0x00002298       0x18 ./mbed-src/common/FileSystemLike.o
                0x00002298                mbed::FileSystemLike::remove(char const*)
 .text._ZN4mbed14FileSystemLike6renameEPKcS2_
                0x000022b0       0x1c ./mbed-src/common/FileSystemLike.o
                0x000022b0                mbed::FileSystemLike::rename(char const*, char const*)
 .text._ZN4mbed14FileSystemLike7opendirEPKc
                0x000022cc       0x18 ./mbed-src/common/FileSystemLike.o
                0x000022cc                mbed::FileSystemLike::opendir(char const*)
 .text._ZN4mbed14FileSystemLike5mkdirEPKcm
                0x000022e4       0x1c ./mbed-src/common/FileSystemLike.o
                0x000022e4                mbed::FileSystemLike::mkdir(char const*, unsigned long)
 .text._ZN4mbed9DirHandleC2Ev
                0x00002300       0x20 ./mbed-src/common/FileSystemLike.o
                0x00002300                mbed::DirHandle::DirHandle()
                0x00002300                mbed::DirHandle::DirHandle()
 .text._ZN4mbed14FileSystemLikeC2EPKc
                0x00002320       0x2c ./mbed-src/common/FileSystemLike.o
                0x00002320                mbed::FileSystemLike::FileSystemLike(char const*)
                0x00002320                mbed::FileSystemLike::FileSystemLike(char const*)
 .text._ZN4mbed14FileSystemLikeD2Ev
                0x0000234c       0x30 ./mbed-src/common/FileSystemLike.o
                0x0000234c                mbed::FileSystemLike::~FileSystemLike()
                0x0000234c                mbed::FileSystemLike::~FileSystemLike()
 .text._ZN4mbed15FunctionPointerC2EPFvvE
                0x0000237c       0x1c ./mbed-src/common/FunctionPointer.o
                0x0000237c                mbed::FunctionPointer::FunctionPointer(void (*)())
                0x0000237c                mbed::FunctionPointer::FunctionPointer(void (*)())
 .text._ZN4mbed15FunctionPointer6attachEPFvvE
                0x00002398       0x20 ./mbed-src/common/FunctionPointer.o
                0x00002398                mbed::FunctionPointer::attach(void (*)())
 .text._ZN4mbed15FunctionPointer4callEv
                0x000023b8       0x38 ./mbed-src/common/FunctionPointer.o
                0x000023b8                mbed::FunctionPointer::call()
 .text.gpio_read
                0x000023f0       0x28 ./mbed-src/common/InterruptIn.o
 .text._ZN4mbed11InterruptInC2E7PinName
                0x00002418       0x58 ./mbed-src/common/InterruptIn.o
                0x00002418                mbed::InterruptIn::InterruptIn(PinName)
                0x00002418                mbed::InterruptIn::InterruptIn(PinName)
 .text._ZN4mbed11InterruptInD2Ev
                0x00002470       0x34 ./mbed-src/common/InterruptIn.o
                0x00002470                mbed::InterruptIn::~InterruptIn()
                0x00002470                mbed::InterruptIn::~InterruptIn()
 .text._ZN4mbed11InterruptInD0Ev
                0x000024a4       0x20 ./mbed-src/common/InterruptIn.o
                0x000024a4                mbed::InterruptIn::~InterruptIn()
 .text._ZN4mbed11InterruptIn4readEv
                0x000024c4       0x1c ./mbed-src/common/InterruptIn.o
                0x000024c4                mbed::InterruptIn::read()
 .text._ZN4mbed11InterruptIn12_irq_handlerEm14gpio_irq_event
                0x000024e0       0x40 ./mbed-src/common/InterruptIn.o
                0x000024e0                mbed::InterruptIn::_irq_handler(unsigned long, gpio_irq_event)
 .text.__semihost
                0x00002520       0x24 ./mbed-src/common/LocalFileSystem.o
 .text._ZN4mbedL6xffindEPKcPNS_6XFINFOE
                0x00002544       0x38 ./mbed-src/common/LocalFileSystem.o
 .text._ZN4mbed28posix_to_semihost_open_flagsEi
                0x0000257c       0x7c ./mbed-src/common/LocalFileSystem.o
                0x0000257c                mbed::posix_to_semihost_open_flags(int)
 .text._ZN4mbed15LocalFileHandleC2Ei
                0x000025f8       0x34 ./mbed-src/common/LocalFileSystem.o
                0x000025f8                mbed::LocalFileHandle::LocalFileHandle(int)
                0x000025f8                mbed::LocalFileHandle::LocalFileHandle(int)
 .text._ZN4mbed15LocalFileHandle5closeEv
                0x0000262c       0x30 ./mbed-src/common/LocalFileSystem.o
                0x0000262c                mbed::LocalFileHandle::close()
 .text._ZN4mbed15LocalFileHandle5writeEPKvj
                0x0000265c       0x3c ./mbed-src/common/LocalFileSystem.o
                0x0000265c                mbed::LocalFileHandle::write(void const*, unsigned int)
 .text._ZN4mbed15LocalFileHandle4readEPvj
                0x00002698       0x3c ./mbed-src/common/LocalFileSystem.o
                0x00002698                mbed::LocalFileHandle::read(void*, unsigned int)
 .text._ZN4mbed15LocalFileHandle6isattyEv
                0x000026d4       0x1c ./mbed-src/common/LocalFileSystem.o
                0x000026d4                mbed::LocalFileHandle::isatty()
 .text._ZN4mbed15LocalFileHandle5lseekEli
                0x000026f0       0x54 ./mbed-src/common/LocalFileSystem.o
                0x000026f0                mbed::LocalFileHandle::lseek(long, int)
 .text._ZN4mbed15LocalFileHandle5fsyncEv
                0x00002744       0x1c ./mbed-src/common/LocalFileSystem.o
                0x00002744                mbed::LocalFileHandle::fsync()
 .text._ZN4mbed15LocalFileHandle4flenEv
                0x00002760       0x1c ./mbed-src/common/LocalFileSystem.o
                0x00002760                mbed::LocalFileHandle::flen()
 .text._ZN4mbed14LocalDirHandleC2Ev
                0x0000277c       0x2c ./mbed-src/common/LocalFileSystem.o
                0x0000277c                mbed::LocalDirHandle::LocalDirHandle()
                0x0000277c                mbed::LocalDirHandle::LocalDirHandle()
 .text._ZN4mbed14LocalDirHandle8closedirEv
                0x000027a8       0x24 ./mbed-src/common/LocalFileSystem.o
                0x000027a8                mbed::LocalDirHandle::closedir()
 .text._ZN4mbed14LocalDirHandle7readdirEv
                0x000027cc       0x4c ./mbed-src/common/LocalFileSystem.o
                0x000027cc                mbed::LocalDirHandle::readdir()
 .text._ZN4mbed14LocalDirHandle9rewinddirEv
                0x00002818       0x1c ./mbed-src/common/LocalFileSystem.o
                0x00002818                mbed::LocalDirHandle::rewinddir()
 .text._ZN4mbed14LocalDirHandle7telldirEv
                0x00002834       0x18 ./mbed-src/common/LocalFileSystem.o
                0x00002834                mbed::LocalDirHandle::telldir()
 .text._ZN4mbed14LocalDirHandle7seekdirEl
                0x0000284c       0x1c ./mbed-src/common/LocalFileSystem.o
                0x0000284c                mbed::LocalDirHandle::seekdir(long)
 .text._ZN4mbed15LocalFileSystem4openEPKci
                0x00002868       0x74 ./mbed-src/common/LocalFileSystem.o
                0x00002868                mbed::LocalFileSystem::open(char const*, int)
 .text._ZN4mbed15LocalFileSystem6removeEPKc
                0x000028dc       0x1c ./mbed-src/common/LocalFileSystem.o
                0x000028dc                mbed::LocalFileSystem::remove(char const*)
 .text._ZN4mbed15LocalFileSystem7opendirEPKc
                0x000028f8       0x28 ./mbed-src/common/LocalFileSystem.o
                0x000028f8                mbed::LocalFileSystem::opendir(char const*)
 .text._ZN4mbed14LocalDirHandleD2Ev
                0x00002920       0x30 ./mbed-src/common/LocalFileSystem.o
                0x00002920                mbed::LocalDirHandle::~LocalDirHandle()
                0x00002920                mbed::LocalDirHandle::~LocalDirHandle()
 .text._ZN4mbed14LocalDirHandleD0Ev
                0x00002950       0x20 ./mbed-src/common/LocalFileSystem.o
                0x00002950                mbed::LocalDirHandle::~LocalDirHandle()
 .text._ZN4mbed15LocalFileSystemD2Ev
                0x00002970       0x30 ./mbed-src/common/LocalFileSystem.o
                0x00002970                mbed::LocalFileSystem::~LocalFileSystem()
                0x00002970                mbed::LocalFileSystem::~LocalFileSystem()
 .text._ZN4mbed15LocalFileSystemD0Ev
                0x000029a0       0x20 ./mbed-src/common/LocalFileSystem.o
                0x000029a0                mbed::LocalFileSystem::~LocalFileSystem()
 .text._ZN4mbed15LocalFileHandleD2Ev
                0x000029c0       0x30 ./mbed-src/common/LocalFileSystem.o
                0x000029c0                mbed::LocalFileHandle::~LocalFileHandle()
                0x000029c0                mbed::LocalFileHandle::~LocalFileHandle()
 .text._ZN4mbed15LocalFileHandleD0Ev
                0x000029f0       0x20 ./mbed-src/common/LocalFileSystem.o
                0x000029f0                mbed::LocalFileHandle::~LocalFileHandle()
 .text._ZN4mbed6SerialC2E7PinNameS1_PKc
                0x00002a10       0x44 ./mbed-src/common/Serial.o
                0x00002a10                mbed::Serial::Serial(PinName, PinName, char const*)
                0x00002a10                mbed::Serial::Serial(PinName, PinName, char const*)
 .text._ZN4mbed6Serial5_getcEv
                0x00002a54       0x1c ./mbed-src/common/Serial.o
                0x00002a54                mbed::Serial::_getc()
 .text._ZN4mbed6Serial5_putcEi
                0x00002a70       0x20 ./mbed-src/common/Serial.o
                0x00002a70                mbed::Serial::_putc(int)
 .text._ZN4mbed6SerialD2Ev
                0x00002a90       0x44 ./mbed-src/common/Serial.o
                0x00002a90                mbed::Serial::~Serial()
                0x00002a90                mbed::Serial::~Serial()
                0x00002acc                non-virtual thunk to mbed::Serial::~Serial()
 .text._ZN4mbed6SerialD0Ev
                0x00002ad4       0x28 ./mbed-src/common/Serial.o
                0x00002ad4                mbed::Serial::~Serial()
                0x00002af4                non-virtual thunk to mbed::Serial::~Serial()
 .text._ZN4mbed10SerialBaseC2E7PinNameS1_
                0x00002afc       0x58 ./mbed-src/common/SerialBase.o
                0x00002afc                mbed::SerialBase::SerialBase(PinName, PinName)
                0x00002afc                mbed::SerialBase::SerialBase(PinName, PinName)
 .text._ZN4mbed10SerialBase4baudEi
                0x00002b54       0x24 ./mbed-src/common/SerialBase.o
                0x00002b54                mbed::SerialBase::baud(int)
 .text._ZN4mbed10SerialBase12_irq_handlerEm9SerialIrq
                0x00002b78       0x30 ./mbed-src/common/SerialBase.o
                0x00002b78                mbed::SerialBase::_irq_handler(unsigned long, SerialIrq)
 .text._ZN4mbed10SerialBase10_base_getcEv
                0x00002ba8       0x1c ./mbed-src/common/SerialBase.o
                0x00002ba8                mbed::SerialBase::_base_getc()
 .text._ZN4mbed10SerialBase10_base_putcEi
                0x00002bc4       0x20 ./mbed-src/common/SerialBase.o
                0x00002bc4                mbed::SerialBase::_base_putc(int)
 .text._ZN4mbed6StreamC2EPKc
                0x00002be4       0x68 ./mbed-src/common/Stream.o
                0x00002be4                mbed::Stream::Stream(char const*)
                0x00002be4                mbed::Stream::Stream(char const*)
 .text._ZN4mbed6StreamD2Ev
                0x00002c4c       0x44 ./mbed-src/common/Stream.o
                0x00002c4c                mbed::Stream::~Stream()
                0x00002c4c                mbed::Stream::~Stream()
 .text._ZN4mbed6Stream5closeEv
                0x00002c90       0x14 ./mbed-src/common/Stream.o
                0x00002c90                mbed::Stream::close()
 .text._ZN4mbed6Stream5writeEPKvj
                0x00002ca4       0x5c ./mbed-src/common/Stream.o
                0x00002ca4                mbed::Stream::write(void const*, unsigned int)
 .text._ZN4mbed6Stream4readEPvj
                0x00002d00       0x54 ./mbed-src/common/Stream.o
                0x00002d00                mbed::Stream::read(void*, unsigned int)
 .text._ZN4mbed6Stream5lseekEli
                0x00002d54       0x18 ./mbed-src/common/Stream.o
                0x00002d54                mbed::Stream::lseek(long, int)
 .text._ZN4mbed6Stream6isattyEv
                0x00002d6c       0x14 ./mbed-src/common/Stream.o
                0x00002d6c                mbed::Stream::isatty()
 .text._ZN4mbed6Stream5fsyncEv
                0x00002d80       0x14 ./mbed-src/common/Stream.o
                0x00002d80                mbed::Stream::fsync()
 .text._ZN4mbed6Stream4flenEv
                0x00002d94       0x14 ./mbed-src/common/Stream.o
                0x00002d94                mbed::Stream::flen()
 .text._ZN4mbed5TimerC2Ev
                0x00002da8       0x18 ./mbed-src/common/Timer.o
                0x00002da8                mbed::Timer::Timer()
                0x00002da8                mbed::Timer::Timer()
 .text._ZN4mbed5Timer5startEv
                0x00002dc0       0x20 ./mbed-src/common/Timer.o
                0x00002dc0                mbed::Timer::start()
 .text._ZN4mbed5Timer7read_usEv
                0x00002de0       0x20 ./mbed-src/common/Timer.o
                0x00002de0                mbed::Timer::read_us()
 .text._ZN4mbed5Timer4readEv
                0x00002e00       0x30 ./mbed-src/common/Timer.o
                0x00002e00                mbed::Timer::read()
 .text._ZN4mbed5Timer9slicetimeEv
                0x00002e30       0x28 ./mbed-src/common/Timer.o
                0x00002e30                mbed::Timer::slicetime()
 .text._ZN4mbed5Timer5resetEv
                0x00002e58       0x20 ./mbed-src/common/Timer.o
                0x00002e58                mbed::Timer::reset()
 .text.gpio_write
                0x00002e78       0x30 ./mbed-src/common/board.o
 .text.mbed_die
                0x00002ea8       0xb8 ./mbed-src/common/board.o
                0x00002ea8                mbed_die
 .text.exit     0x00002f60       0x24 ./mbed-src/common/exit.o
                0x00002f60                exit
 .text.mbed_interface_connected
                0x00002f84       0x10 ./mbed-src/common/mbed_interface.o
                0x00002f84                mbed_interface_connected
 .text.pinmap_pinout
                0x00002f94       0x68 ./mbed-src/common/pinmap_common.o
                0x00002f94                pinmap_pinout
 .text.pinmap_merge
                0x00002ffc       0x54 ./mbed-src/common/pinmap_common.o
                0x00002ffc                pinmap_merge
 .text.pinmap_peripheral
                0x00003050       0x5c ./mbed-src/common/pinmap_common.o
                0x00003050                pinmap_peripheral
 .text._ZN4mbed10FileHandleD2Ev
                0x000030ac       0x58 ./mbed-src/common/retarget.o
                0x000030ac                mbed::FileHandle::~FileHandle()
                0x000030ac                mbed::FileHandle::~FileHandle()
 .text._ZL11init_serialv
                0x00003104       0x2c ./mbed-src/common/retarget.o
 .text._ZL17openmode_to_posixi
                0x00003130       0x18 ./mbed-src/common/retarget.o
 .text._open    0x00003148      0x170 ./mbed-src/common/retarget.o
                0x00003148                _open
 .text._close   0x000032b8       0x50 ./mbed-src/common/retarget.o
                0x000032b8                _close
 .text._write   0x00003308       0x88 ./mbed-src/common/retarget.o
                0x00003308                _write
 .text._read    0x00003390       0x64 ./mbed-src/common/retarget.o
                0x00003390                _read
 .text._isatty  0x000033f4       0x44 ./mbed-src/common/retarget.o
                0x000033f4                _isatty
 .text._lseek   0x00003438       0x4c ./mbed-src/common/retarget.o
                0x00003438                _lseek
 .text._fstat   0x00003484       0x40 ./mbed-src/common/retarget.o
                0x00003484                _fstat
 .text.__cxa_pure_virtual
                0x000034c4        0xc ./mbed-src/common/retarget.o
                0x000034c4                __cxa_pure_virtual
 .text.__semihost
                0x000034d0       0x24 ./mbed-src/common/semihost_api.o
 .text.semihost_open
                0x000034f4       0x34 ./mbed-src/common/semihost_api.o
                0x000034f4                semihost_open
 .text.semihost_close
                0x00003528       0x1c ./mbed-src/common/semihost_api.o
                0x00003528                semihost_close
 .text.semihost_write
                0x00003544       0x3c ./mbed-src/common/semihost_api.o
                0x00003544                semihost_write
 .text.semihost_read
                0x00003580       0x30 ./mbed-src/common/semihost_api.o
                0x00003580                semihost_read
 .text.semihost_istty
                0x000035b0       0x1c ./mbed-src/common/semihost_api.o
                0x000035b0                semihost_istty
 .text.semihost_seek
                0x000035cc       0x28 ./mbed-src/common/semihost_api.o
                0x000035cc                semihost_seek
 .text.semihost_ensure
                0x000035f4       0x1c ./mbed-src/common/semihost_api.o
                0x000035f4                semihost_ensure
 .text.semihost_flen
                0x00003610       0x1c ./mbed-src/common/semihost_api.o
                0x00003610                semihost_flen
 .text.semihost_remove
                0x0000362c       0x2c ./mbed-src/common/semihost_api.o
                0x0000362c                semihost_remove
 .text.semihost_exit
                0x00003658       0x1c ./mbed-src/common/semihost_api.o
                0x00003658                semihost_exit
 .text.semihost_connected
                0x00003674       0x24 ./mbed-src/common/semihost_api.o
                0x00003674                semihost_connected
 .text.us_ticker_irq_handler
                0x00003698       0x6c ./mbed-src/common/us_ticker_api.o
                0x00003698                us_ticker_irq_handler
 .text.wait_ms  0x00003704       0x20 ./mbed-src/common/wait_api.o
                0x00003704                wait_ms
 .text.wait_us  0x00003724       0x28 ./mbed-src/common/wait_api.o
                0x00003724                wait_us
 .text._ZN17InverseKinematicsC2Eff
                0x0000374c       0x24 ./Walk/Protected/InverseKinematics.o
                0x0000374c                InverseKinematics::InverseKinematics(float, float)
                0x0000374c                InverseKinematics::InverseKinematics(float, float)
 .text._ZN17InverseKinematics15set_angle_limitEff
                0x00003770       0x24 ./Walk/Protected/InverseKinematics.o
                0x00003770                InverseKinematics::set_angle_limit(float, float)
 .text._ZN17InverseKinematics7move_toEff
                0x00003794       0x2c ./Walk/Protected/InverseKinematics.o
                0x00003794                InverseKinematics::move_to(float, float)
 .text._ZN17InverseKinematics15calc_angle_baseEv
                0x000037c0       0xb4 ./Walk/Protected/InverseKinematics.o
                0x000037c0                InverseKinematics::calc_angle_base()
 .text._ZN17InverseKinematics11calc_l_handEv
                0x00003874       0x44 ./Walk/Protected/InverseKinematics.o
                0x00003874                InverseKinematics::calc_l_hand()
 .text._ZN17InverseKinematics15calc_angle_foreEv
                0x000038b8       0x68 ./Walk/Protected/InverseKinematics.o
                0x000038b8                InverseKinematics::calc_angle_fore()
 .text._ZN17InverseKinematics15calc_angle_handEv
                0x00003920       0x80 ./Walk/Protected/InverseKinematics.o
                0x00003920                InverseKinematics::calc_angle_hand()
 .text._ZN17InverseKinematics12calc_x_elbowEv
                0x000039a0       0x80 ./Walk/Protected/InverseKinematics.o
                0x000039a0                InverseKinematics::calc_x_elbow()
 .text._ZN17InverseKinematics12calc_y_elbowEv
                0x00003a20       0x80 ./Walk/Protected/InverseKinematics.o
                0x00003a20                InverseKinematics::calc_y_elbow()
 .text._Z13CANID_is_fromiN5CANID4FromE
                0x00003aa0       0x2c ./Walk/CANs/CANProtocol.o
                0x00003aa0                CANID_is_from(int, CANID::From)
 .text._Z11CANID_is_toiN5CANID2ToE
                0x00003acc       0x2c ./Walk/CANs/CANProtocol.o
                0x00003acc                CANID_is_to(int, CANID::To)
 .text._ZN11CANProtocolC2Ev
                0x00003af8       0x14 ./Walk/CANs/CANReceiver.o
                0x00003af8                CANProtocol::CANProtocol()
                0x00003af8                CANProtocol::CANProtocol()
 .text._ZN11CANReceiverC2EPN4mbed3CANE
                0x00003b0c       0x24 ./Walk/CANs/CANReceiver.o
                0x00003b0c                CANReceiver::CANReceiver(mbed::CAN*)
                0x00003b0c                CANReceiver::CANReceiver(mbed::CAN*)
 .text._ZN11CANReceiver7receiveEjPh
                0x00003b30       0x68 ./Walk/CANs/CANReceiver.o
                0x00003b30                CANReceiver::receive(unsigned int, unsigned char*)
 .text._ZN11CANReceiver8get_areaEv
                0x00003b98       0x1c ./Walk/CANs/CANReceiver.o
                0x00003b98                CANReceiver::get_area()
 *fill*         0x00003bb4        0x4 ff
 .text._ZN11CANReceiver19decode_from_candataEPhii
                0x00003bb8      0x104 ./Walk/CANs/CANReceiver.o
                0x00003bb8                CANReceiver::decode_from_candata(unsigned char*, int, int)
 .text._ZN11CAN_MessageC2Ev
                0x00003cbc       0x14 ./Walk/CANs/CANSender.o
                0x00003cbc                CAN_Message::CAN_Message()
                0x00003cbc                CAN_Message::CAN_Message()
 .text._ZN9CANSenderC2EPN4mbed3CANE
                0x00003cd0       0x24 ./Walk/CANs/CANSender.o
                0x00003cd0                CANSender::CANSender(mbed::CAN*)
                0x00003cd0                CANSender::CANSender(mbed::CAN*)
 .text._ZN15CANSynchronizerC2EPN4mbed3CANE
                0x00003cf4       0x20 ./Walk/CANs/CANSynchronizer.o
                0x00003cf4                CANSynchronizer::CANSynchronizer(mbed::CAN*)
                0x00003cf4                CANSynchronizer::CANSynchronizer(mbed::CAN*)
 .text._ZN10ClockTimerC2Ev
                0x00003d14       0x38 ./Walk/ClockTimer.o
                0x00003d14                ClockTimer::ClockTimer()
                0x00003d14                ClockTimer::ClockTimer()
 .text._ZN10ClockTimer5resetEv
                0x00003d4c       0x28 ./Walk/ClockTimer.o
                0x00003d4c                ClockTimer::reset()
 .text._ZN6LegPIDC2Ev
                0x00003d74       0x1c ./Walk/LegPID.o
                0x00003d74                LegPID::LegPID()
                0x00003d74                LegPID::LegPID()
 .text._ZN6LegPID7set_PIDEP12SingleLegQEIfff
                0x00003d90       0x40 ./Walk/LegPID.o
                0x00003d90                LegPID::set_PID(SingleLegQEI*, float, float, float)
 .text._ZN6LegPID9calc_dutyEf
                0x00003dd0       0x38 ./Walk/LegPID.o
                0x00003dd0                LegPID::calc_duty(float)
 .text._ZN6MRModeC2EP11CANReceiverNS_4AreaEb
                0x00003e08       0x3c ./Walk/MRMode.o
                0x00003e08                MRMode::MRMode(CANReceiver*, MRMode::Area, bool)
                0x00003e08                MRMode::MRMode(CANReceiver*, MRMode::Area, bool)
 .text._ZN6MRMode6updateEv
                0x00003e44       0x80 ./Walk/MRMode.o
                0x00003e44                MRMode::update()
 .text._ZN6MRMode11is_switchedEv
                0x00003ec4       0x18 ./Walk/MRMode.o
                0x00003ec4                MRMode::is_switched()
 .text._ZN6MRMode8get_areaENS_9ReferenceE
                0x00003edc       0x20 ./Walk/MRMode.o
                0x00003edc                MRMode::get_area(MRMode::Reference)
 .text._ZN6MRMode10get_limitsENS_4AreaE
                0x00003efc       0x24 ./Walk/MRMode.o
                0x00003efc                MRMode::get_limits(MRMode::Area)
 .text._ZN11ParallelLegC2Eiiff
                0x00003f20       0x64 ./Walk/ParallelLeg.o
                0x00003f20                ParallelLeg::ParallelLeg(int, int, float, float)
                0x00003f20                ParallelLeg::ParallelLeg(int, int, float, float)
 .text._ZN11ParallelLeg16set_dependenciesEP10ClockTimerP6MRModeP11CANReceiverP15CANSynchronizer
                0x00003f84       0x34 ./Walk/ParallelLeg.o
                0x00003f84                ParallelLeg::set_dependencies(ClockTimer*, MRMode*, CANReceiver*, CANSynchronizer*)
 .text._ZN11ParallelLeg9set_x_limEff
                0x00003fb8       0x24 ./Walk/ParallelLeg.o
                0x00003fb8                ParallelLeg::set_x_lim(float, float)
 .text._ZN11ParallelLeg9set_y_limEff
                0x00003fdc       0x24 ./Walk/ParallelLeg.o
                0x00003fdc                ParallelLeg::set_y_lim(float, float)
 .text._ZN11ParallelLeg10set_limitsEv
                0x00004000       0x50 ./Walk/ParallelLeg.o
                0x00004000                ParallelLeg::set_limits()
 .text._ZN11ParallelLeg4walkEv
                0x00004050       0x14 ./Walk/ParallelLeg.o
                0x00004050                ParallelLeg::walk()
 .text._ZN11ParallelLeg5get_xEv
                0x00004064       0x18 ./Walk/ParallelLeg.o
                0x00004064                ParallelLeg::get_x()
 .text._ZN11ParallelLeg5get_yEv
                0x0000407c       0x18 ./Walk/ParallelLeg.o
                0x0000407c                ParallelLeg::get_y()
 .text._ZN4mbed6PwmOut5writeEf
                0x00004094       0x1c ./Walk/SingleLeg.o
                0x00004094                mbed::PwmOut::write(float)
 .text._ZN10InitSwitch4readEv
                0x000040b0       0x28 ./Walk/SingleLeg.o
                0x000040b0                InitSwitch::read()
 .text._Z13rad_to_degreef
                0x000040d8       0x4c ./Walk/SingleLeg.o
                0x000040d8                rad_to_degree(float)
 .text._ZN9SingleLegC2E11LegPositionS0_ff
                0x00004124       0x90 ./Walk/SingleLeg.o
                0x00004124                SingleLeg::SingleLeg(LegPosition, LegPosition, float, float)
                0x00004124                SingleLeg::SingleLeg(LegPosition, LegPosition, float, float)
 .text._ZN9SingleLeg7unitizeEPN4mbed6PwmOutEP12SingleLegQEIP10InitSwitch
                0x000041b4       0x2c ./Walk/SingleLeg.o
                0x000041b4                SingleLeg::unitize(mbed::PwmOut*, SingleLegQEI*, InitSwitch*)
 .text._ZN9SingleLeg16set_dependenciesEP6MRMode
                0x000041e0       0x20 ./Walk/SingleLeg.o
                0x000041e0                SingleLeg::set_dependencies(MRMode*)
 .text._ZN9SingleLeg7move_toEff
                0x00004200       0x98 ./Walk/SingleLeg.o
                0x00004200                SingleLeg::move_to(float, float)
 .text._ZN9SingleLeg12state_updateEv
                0x00004298       0x44 ./Walk/SingleLeg.o
                0x00004298                SingleLeg::state_update()
 .text._ZN9SingleLeg17set_PID_from_fileEPKc
                0x000042dc       0x74 ./Walk/SingleLeg.o
                0x000042dc                SingleLeg::set_PID_from_file(char const*)
 .text._ZN9SingleLeg7set_PIDEfff
                0x00004350       0x2c ./Walk/SingleLeg.o
                0x00004350                SingleLeg::set_PID(float, float, float)
 .text._ZN9SingleLeg10set_limitsEv
                0x0000437c       0x64 ./Walk/SingleLeg.o
                0x0000437c                SingleLeg::set_limits()
 .text._ZN9SingleLeg14set_duty_limitEii
                0x000043e0       0x34 ./Walk/SingleLeg.o
                0x000043e0                SingleLeg::set_duty_limit(int, int)
 .text._ZN3QEIC2E7PinNameS0_S0_iNS_8EncodingE
                0x00004414      0x154 ./QEI/QEI.o
                0x00004414                QEI::QEI(PinName, PinName, PinName, int, QEI::Encoding)
                0x00004414                QEI::QEI(PinName, PinName, PinName, int, QEI::Encoding)
 .text._ZN3QEI5resetEv
                0x00004568       0x24 ./QEI/QEI.o
                0x00004568                QEI::reset()
 .text._ZN3QEI9getPulsesEv
                0x0000458c       0x18 ./QEI/QEI.o
                0x0000458c                QEI::getPulses()
 .text._ZN3QEI6encodeEv
                0x000045a4      0x14c ./QEI/QEI.o
                0x000045a4                QEI::encode()
 .text._ZN3QEI5indexEv
                0x000046f0       0x20 ./QEI/QEI.o
                0x000046f0                QEI::index()
 .text._ZN4mbed11InterruptIn4riseI3QEIEEvPT_MS3_FvvE
                0x00004710       0x38 ./QEI/QEI.o
                0x00004710                void mbed::InterruptIn::rise<QEI>(QEI*, void (QEI::*)())
 .text._ZN4mbed11InterruptIn4fallI3QEIEEvPT_MS3_FvvE
                0x00004748       0x38 ./QEI/QEI.o
                0x00004748                void mbed::InterruptIn::fall<QEI>(QEI*, void (QEI::*)())
 .text._ZN4mbed15FunctionPointer6attachI3QEIEEvPT_MS3_FvvE
                0x00004780       0x3c ./QEI/QEI.o
                0x00004780                void mbed::FunctionPointer::attach<QEI>(QEI*, void (QEI::*)())
 .text._ZN4mbed15FunctionPointer12membercallerI3QEIEEvPvPc
                0x000047bc       0x54 ./QEI/QEI.o
                0x000047bc                void mbed::FunctionPointer::membercaller<QEI>(void*, char*)
 .text._ZN4mbed9DigitalIn4modeE7PinMode
                0x00004810       0x20 ./QEI/QEI_freePin.o
                0x00004810                mbed::DigitalIn::mode(PinMode)
 .text._Z15pulse_to_degreef
                0x00004830       0x38 ./QEI/QEI_freePin.o
                0x00004830                pulse_to_degree(float)
 .text._ZN11QEI_freePinC2E7PinNameS0_f
                0x00004868       0x84 ./QEI/QEI_freePin.o
                0x00004868                QEI_freePin::QEI_freePin(PinName, PinName, float)
                0x00004868                QEI_freePin::QEI_freePin(PinName, PinName, float)
 .text._ZN11QEI_freePin9getPulsesEv
                0x000048ec       0x34 ./QEI/QEI_freePin.o
                0x000048ec                QEI_freePin::getPulses()
 .text._ZN12SingleLegQEIC2E7PinNameS0_
                0x00004920       0x28 ./QEI/SingleLegQEI.o
                0x00004920                SingleLegQEI::SingleLegQEI(PinName, PinName)
                0x00004920                SingleLegQEI::SingleLegQEI(PinName, PinName)
 .text._ZN12SingleLegQEI8getAngleEv
                0x00004948       0x24 ./QEI/SingleLegQEI.o
                0x00004948                SingleLegQEI::getAngle()
 .text._ZN3PIDC2Ev
                0x0000496c       0x1c ./PID.o
                0x0000496c                PID::PID()
                0x0000496c                PID::PID()
 .text._ZN3PIDD2Ev
                0x00004988       0x14 ./PID.o
                0x00004988                PID::~PID()
                0x00004988                PID::~PID()
 .text._ZN3PID7set_PIDEfff
                0x0000499c       0x38 ./PID.o
                0x0000499c                PID::set_PID(float, float, float)
 .text._ZN3PID5startEff
                0x000049d4       0x70 ./PID.o
                0x000049d4                PID::start(float, float)
 .text._ZN3PID12param_updateEff
                0x00004a44       0xbc ./PID.o
                0x00004a44                PID::param_update(float, float)
 .text._ZN3PID4calcEff
                0x00004b00       0xe4 ./PID.o
                0x00004b00                PID::calc(float, float)
 .text._ZN3PID6calc_PEv
                0x00004be4       0x24 ./PID.o
                0x00004be4                PID::calc_P()
 .text._ZN3PID6calc_IEv
                0x00004c08       0x8c ./PID.o
                0x00004c08                PID::calc_I()
 .text._ZN3PID6calc_DEv
                0x00004c94       0x88 ./PID.o
                0x00004c94                PID::calc_D()
 .text._ZN3PID15param_set_limitEff
                0x00004d1c       0x24 ./PID.o
                0x00004d1c                PID::param_set_limit(float, float)
 .text._ZN3PID11param_limitEv
                0x00004d40       0x50 ./PID.o
                0x00004d40                PID::param_limit()
 .text._ZN3PID11get_opr_nxtEv
                0x00004d90       0x18 ./PID.o
                0x00004d90                PID::get_opr_nxt()
 .text._ZN4mbed10DigitalOutaSEi
                0x00004da8       0x1c ./Pins.o
                0x00004da8                mbed::DigitalOut::operator=(int)
 .text._ZN4mbed6PwmOutC2E7PinName
                0x00004dc4       0x20 ./Pins.o
                0x00004dc4                mbed::PwmOut::PwmOut(PinName)
                0x00004dc4                mbed::PwmOut::PwmOut(PinName)
 .text._ZN4mbed6PwmOut9period_usEi
                0x00004de4       0x1c ./Pins.o
                0x00004de4                mbed::PwmOut::period_us(int)
 .text._ZN10InitSwitchC2E7PinNameb
                0x00004e00       0x28 ./Pins.o
                0x00004e00                InitSwitch::InitSwitch(PinName, bool)
                0x00004e00                InitSwitch::InitSwitch(PinName, bool)
 .text._Z11AdjustCyclei
                0x00004e28       0x80 ./Pins.o
                0x00004e28                AdjustCycle(int)
 .text._Z9initPartsv
                0x00004ea8       0x90 ./Pins.o
                0x00004ea8                initParts()
 .text._ZN3QEID2Ev
                0x00004f38       0x30 ./Pins.o
                0x00004f38                QEI::~QEI()
                0x00004f38                QEI::~QEI()
 .text._ZN11QEI_freePinD2Ev
                0x00004f68       0x1c ./Pins.o
                0x00004f68                QEI_freePin::~QEI_freePin()
                0x00004f68                QEI_freePin::~QEI_freePin()
 .text._ZN12SingleLegQEID2Ev
                0x00004f84       0x1c ./Pins.o
                0x00004f84                SingleLegQEI::~SingleLegQEI()
                0x00004f84                SingleLegQEI::~SingleLegQEI()
 .text._Z41__static_initialization_and_destruction_0ii
                0x00004fa0      0x1c8 ./Pins.o
 .text._GLOBAL__sub_I_can
                0x00005168       0x10 ./Pins.o
 .text._Z5limitddd
                0x00005178       0x4c ./functions.o
                0x00005178                limit(double, double, double)
 .text._Z5sqrt2ff
                0x000051c4       0x54 ./functions.o
                0x000051c4                sqrt2(float, float)
 .text._Z11cos_formulafff
                0x00005218       0x6c ./functions.o
                0x00005218                cos_formula(float, float, float)
 .text._ZN4mbed10CANMessageC2Ev
                0x00005284       0x40 ./main.o
                0x00005284                mbed::CANMessage::CANMessage()
                0x00005284                mbed::CANMessage::CANMessage()
 .text._ZN4mbed15LocalFileSystemC2EPKc
                0x000052c4       0x28 ./main.o
                0x000052c4                mbed::LocalFileSystem::LocalFileSystem(char const*)
                0x000052c4                mbed::LocalFileSystem::LocalFileSystem(char const*)
 .text.main     0x000052ec      0x108 ./main.o
                0x000052ec                main
 .text._Z8initLegsv
                0x000053f4      0x108 ./main.o
                0x000053f4                initLegs()
 .text._Z10set_limitsv
                0x000054fc       0x44 ./main.o
                0x000054fc                set_limits()
 .text._Z6CANrcvv
                0x00005540       0x70 ./main.o
                0x00005540                CANrcv()
 .text._ZN6LegPIDD2Ev
                0x000055b0       0x1c ./main.o
                0x000055b0                LegPID::~LegPID()
                0x000055b0                LegPID::~LegPID()
 .text._ZN9SingleLegD2Ev
                0x000055cc       0x1c ./main.o
                0x000055cc                SingleLeg::~SingleLeg()
                0x000055cc                SingleLeg::~SingleLeg()
 .text._Z41__static_initialization_and_destruction_0ii
                0x000055e8      0x154 ./main.o
 .text._GLOBAL__sub_I_local
                0x0000573c       0x10 ./main.o
 .text          0x0000574c      0x370 c:/nxp/lpcxpresso_8.2.2_650/lpcxpresso/tools/bin/../lib/gcc/arm-none-eabi/5.4.1/armv7-m\libgcc.a(_arm_addsubdf3.o)
                0x0000574c                __aeabi_drsub
                0x00005754                __aeabi_dsub
                0x00005754                __subdf3
                0x00005758                __aeabi_dadd
                0x00005758                __adddf3
                0x000059d0                __floatunsidf
                0x000059d0                __aeabi_ui2d
                0x000059f0                __floatsidf
                0x000059f0                __aeabi_i2d
                0x00005a14                __aeabi_f2d
                0x00005a14                __extendsfdf2
                0x00005a50                __floatundidf
                0x00005a50                __aeabi_ul2d
                0x00005a60                __floatdidf
                0x00005a60                __aeabi_l2d
 .text          0x00005abc      0x424 c:/nxp/lpcxpresso_8.2.2_650/lpcxpresso/tools/bin/../lib/gcc/arm-none-eabi/5.4.1/armv7-m\libgcc.a(_arm_muldivdf3.o)
                0x00005abc                __aeabi_dmul
                0x00005abc                __muldf3
                0x00005d10                __divdf3
                0x00005d10                __aeabi_ddiv
 .text          0x00005ee0      0x110 c:/nxp/lpcxpresso_8.2.2_650/lpcxpresso/tools/bin/../lib/gcc/arm-none-eabi/5.4.1/armv7-m\libgcc.a(_arm_cmpdf2.o)
                0x00005ee0                __gtdf2
                0x00005ee0                __gedf2
                0x00005ee8                __ltdf2
                0x00005ee8                __ledf2
                0x00005ef0                __nedf2
                0x00005ef0                __eqdf2
                0x00005ef0                __cmpdf2
                0x00005f6c                __aeabi_cdrcmple
                0x00005f7c                __aeabi_cdcmpeq
                0x00005f7c                __aeabi_cdcmple
                0x00005f8c                __aeabi_dcmpeq
                0x00005fa0                __aeabi_dcmplt
                0x00005fb4                __aeabi_dcmple
                0x00005fc8                __aeabi_dcmpge
                0x00005fdc                __aeabi_dcmpgt
 .text          0x00005ff0       0x50 c:/nxp/lpcxpresso_8.2.2_650/lpcxpresso/tools/bin/../lib/gcc/arm-none-eabi/5.4.1/armv7-m\libgcc.a(_arm_fixdfsi.o)
                0x00005ff0                __aeabi_d2iz
                0x00005ff0                __fixdfsi
 .text          0x00006040       0xa0 c:/nxp/lpcxpresso_8.2.2_650/lpcxpresso/tools/bin/../lib/gcc/arm-none-eabi/5.4.1/armv7-m\libgcc.a(_arm_truncdfsf2.o)
                0x00006040                __truncdfsf2
                0x00006040                __aeabi_d2f
 .text          0x000060e0      0x21c c:/nxp/lpcxpresso_8.2.2_650/lpcxpresso/tools/bin/../lib/gcc/arm-none-eabi/5.4.1/armv7-m\libgcc.a(_arm_addsubsf3.o)
                0x000060e0                __aeabi_frsub
                0x000060e8                __subsf3
                0x000060e8                __aeabi_fsub
                0x000060ec                __aeabi_fadd
                0x000060ec                __addsf3
                0x0000624c                __aeabi_ui2f
                0x0000624c                __floatunsisf
                0x00006254                __aeabi_i2f
                0x00006254                __floatsisf
                0x00006270                __aeabi_ul2f
                0x00006270                __floatundisf
                0x00006280                __aeabi_l2f
                0x00006280                __floatdisf
 .text          0x000062fc      0x2a0 c:/nxp/lpcxpresso_8.2.2_650/lpcxpresso/tools/bin/../lib/gcc/arm-none-eabi/5.4.1/armv7-m\libgcc.a(_arm_muldivsf3.o)
                0x000062fc                __mulsf3
                0x000062fc                __aeabi_fmul
                0x00006464                __aeabi_fdiv
                0x00006464                __divsf3
 .text          0x0000659c       0xec c:/nxp/lpcxpresso_8.2.2_650/lpcxpresso/tools/bin/../lib/gcc/arm-none-eabi/5.4.1/armv7-m\libgcc.a(_arm_cmpsf2.o)
                0x0000659c                __gesf2
                0x0000659c                __gtsf2
                0x000065a4                __lesf2
                0x000065a4                __ltsf2
                0x000065ac                __nesf2
                0x000065ac                __eqsf2
                0x000065ac                __cmpsf2
                0x0000660c                __aeabi_cfrcmple
                0x00006614                __aeabi_cfcmpeq
                0x00006614                __aeabi_cfcmple
                0x00006624                __aeabi_fcmpeq
                0x00006638                __aeabi_fcmplt
                0x0000664c                __aeabi_fcmple
                0x00006660                __aeabi_fcmpge
                0x00006674                __aeabi_fcmpgt
 .text          0x00006688       0x4c c:/nxp/lpcxpresso_8.2.2_650/lpcxpresso/tools/bin/../lib/gcc/arm-none-eabi/5.4.1/armv7-m\libgcc.a(_arm_fixsfsi.o)
                0x00006688                __aeabi_f2iz
                0x00006688                __fixsfsi
 .text          0x000066d4       0x40 c:/nxp/lpcxpresso_8.2.2_650/lpcxpresso/tools/bin/../lib/gcc/arm-none-eabi/5.4.1/armv7-m\libgcc.a(_arm_fixunssfsi.o)
                0x000066d4                __fixunssfsi
                0x000066d4                __aeabi_f2uiz
 .text          0x00006714       0x30 c:/nxp/lpcxpresso_8.2.2_650/lpcxpresso/tools/bin/../lib/gcc/arm-none-eabi/5.4.1/armv7-m\libgcc.a(_aeabi_uldivmod.o)
                0x00006714                __aeabi_uldivmod
 .text          0x00006744      0x2ec c:/nxp/lpcxpresso_8.2.2_650/lpcxpresso/tools/bin/../lib/gcc/arm-none-eabi/5.4.1/armv7-m\libgcc.a(_udivmoddi4.o)
                0x00006744                __udivmoddi4
 .text          0x00006a30        0x4 c:/nxp/lpcxpresso_8.2.2_650/lpcxpresso/tools/bin/../lib/gcc/arm-none-eabi/5.4.1/armv7-m\libgcc.a(_dvmd_tls.o)
                0x00006a30                __aeabi_idiv0
                0x00006a30                __aeabi_ldiv0
 .text.__errno  0x00006a34        0xc c:/nxp/lpcxpresso_8.2.2_650/lpcxpresso/tools/bin/../lib/gcc/arm-none-eabi/5.4.1/../../../../arm-none-eabi/lib/armv7-m\libc.a(lib_a-errno.o)
                0x00006a34                __errno
 .text._fclose_r
                0x00006a40       0x84 c:/nxp/lpcxpresso_8.2.2_650/lpcxpresso/tools/bin/../lib/gcc/arm-none-eabi/5.4.1/../../../../arm-none-eabi/lib/armv7-m\libc.a(lib_a-fclose.o)
                0x00006a40                _fclose_r
 .text.fclose   0x00006ac4       0x10 c:/nxp/lpcxpresso_8.2.2_650/lpcxpresso/tools/bin/../lib/gcc/arm-none-eabi/5.4.1/../../../../arm-none-eabi/lib/armv7-m\libc.a(lib_a-fclose.o)
                0x00006ac4                fclose
 .text.__sflush_r
                0x00006ad4      0x148 c:/nxp/lpcxpresso_8.2.2_650/lpcxpresso/tools/bin/../lib/gcc/arm-none-eabi/5.4.1/../../../../arm-none-eabi/lib/armv7-m\libc.a(lib_a-fflush.o)
                0x00006ad4                __sflush_r
 .text._fflush_r
                0x00006c1c       0x2c c:/nxp/lpcxpresso_8.2.2_650/lpcxpresso/tools/bin/../lib/gcc/arm-none-eabi/5.4.1/../../../../arm-none-eabi/lib/armv7-m\libc.a(lib_a-fflush.o)
                0x00006c1c                _fflush_r
 .text.fflush   0x00006c48       0x24 c:/nxp/lpcxpresso_8.2.2_650/lpcxpresso/tools/bin/../lib/gcc/arm-none-eabi/5.4.1/../../../../arm-none-eabi/lib/armv7-m\libc.a(lib_a-fflush.o)
                0x00006c48                fflush
 .text._cleanup_r
                0x00006c6c        0xc c:/nxp/lpcxpresso_8.2.2_650/lpcxpresso/tools/bin/../lib/gcc/arm-none-eabi/5.4.1/../../../../arm-none-eabi/lib/armv7-m\libc.a(lib_a-findfp.o)
                0x00006c6c                _cleanup_r
 .text.__sinit.part.1
                0x00006c78       0xf0 c:/nxp/lpcxpresso_8.2.2_650/lpcxpresso/tools/bin/../lib/gcc/arm-none-eabi/5.4.1/../../../../arm-none-eabi/lib/armv7-m\libc.a(lib_a-findfp.o)
 .text.__sfmoreglue
                0x00006d68       0x30 c:/nxp/lpcxpresso_8.2.2_650/lpcxpresso/tools/bin/../lib/gcc/arm-none-eabi/5.4.1/../../../../arm-none-eabi/lib/armv7-m\libc.a(lib_a-findfp.o)
                0x00006d68                __sfmoreglue
 .text.__sfp    0x00006d98       0x88 c:/nxp/lpcxpresso_8.2.2_650/lpcxpresso/tools/bin/../lib/gcc/arm-none-eabi/5.4.1/../../../../arm-none-eabi/lib/armv7-m\libc.a(lib_a-findfp.o)
                0x00006d98                __sfp
 .text.__sinit  0x00006e20        0xc c:/nxp/lpcxpresso_8.2.2_650/lpcxpresso/tools/bin/../lib/gcc/arm-none-eabi/5.4.1/../../../../arm-none-eabi/lib/armv7-m\libc.a(lib_a-findfp.o)
                0x00006e20                __sinit
 .text.__sfp_lock_acquire
                0x00006e2c        0x4 c:/nxp/lpcxpresso_8.2.2_650/lpcxpresso/tools/bin/../lib/gcc/arm-none-eabi/5.4.1/../../../../arm-none-eabi/lib/armv7-m\libc.a(lib_a-findfp.o)
                0x00006e2c                __sfp_lock_acquire
 .text.__sfp_lock_release
                0x00006e30        0x4 c:/nxp/lpcxpresso_8.2.2_650/lpcxpresso/tools/bin/../lib/gcc/arm-none-eabi/5.4.1/../../../../arm-none-eabi/lib/armv7-m\libc.a(lib_a-findfp.o)
                0x00006e30                __sfp_lock_release
 .text._fopen_r
                0x00006e34       0x8c c:/nxp/lpcxpresso_8.2.2_650/lpcxpresso/tools/bin/../lib/gcc/arm-none-eabi/5.4.1/../../../../arm-none-eabi/lib/armv7-m\libc.a(lib_a-fopen.o)
                0x00006e34                _fopen_r
 .text.fopen    0x00006ec0       0x10 c:/nxp/lpcxpresso_8.2.2_650/lpcxpresso/tools/bin/../lib/gcc/arm-none-eabi/5.4.1/../../../../arm-none-eabi/lib/armv7-m\libc.a(lib_a-fopen.o)
                0x00006ec0                fopen
 .text.fprintf  0x00006ed0       0x28 c:/nxp/lpcxpresso_8.2.2_650/lpcxpresso/tools/bin/../lib/gcc/arm-none-eabi/5.4.1/../../../../arm-none-eabi/lib/armv7-m\libc.a(lib_a-fprintf.o)
                0x00006ed0                fprintf
 .text._malloc_trim_r
                0x00006ef8       0x9c c:/nxp/lpcxpresso_8.2.2_650/lpcxpresso/tools/bin/../lib/gcc/arm-none-eabi/5.4.1/../../../../arm-none-eabi/lib/armv7-m\libc.a(lib_a-freer.o)
                0x00006ef8                _malloc_trim_r
 .text._free_r  0x00006f94      0x1d0 c:/nxp/lpcxpresso_8.2.2_650/lpcxpresso/tools/bin/../lib/gcc/arm-none-eabi/5.4.1/../../../../arm-none-eabi/lib/armv7-m\libc.a(lib_a-freer.o)
                0x00006f94                _free_r
 .text.fscanf   0x00007164       0x28 c:/nxp/lpcxpresso_8.2.2_650/lpcxpresso/tools/bin/../lib/gcc/arm-none-eabi/5.4.1/../../../../arm-none-eabi/lib/armv7-m\libc.a(lib_a-fscanf.o)
                0x00007164                fscanf
 .text._fseek_r
                0x0000718c        0x4 c:/nxp/lpcxpresso_8.2.2_650/lpcxpresso/tools/bin/../lib/gcc/arm-none-eabi/5.4.1/../../../../arm-none-eabi/lib/armv7-m\libc.a(lib_a-fseek.o)
                0x0000718c                _fseek_r
 .text._fseeko_r
                0x00007190      0x2c4 c:/nxp/lpcxpresso_8.2.2_650/lpcxpresso/tools/bin/../lib/gcc/arm-none-eabi/5.4.1/../../../../arm-none-eabi/lib/armv7-m\libc.a(lib_a-fseeko.o)
                0x00007190                _fseeko_r
 .text._fstat_r
                0x00007454       0x28 c:/nxp/lpcxpresso_8.2.2_650/lpcxpresso/tools/bin/../lib/gcc/arm-none-eabi/5.4.1/../../../../arm-none-eabi/lib/armv7-m\libc.a(lib_a-fstatr.o)
                0x00007454                _fstat_r
 .text.__sfvwrite_r
                0x0000747c      0x308 c:/nxp/lpcxpresso_8.2.2_650/lpcxpresso/tools/bin/../lib/gcc/arm-none-eabi/5.4.1/../../../../arm-none-eabi/lib/armv7-m\libc.a(lib_a-fvwrite.o)
                0x0000747c                __sfvwrite_r
 .text._fwalk   0x00007784       0x48 c:/nxp/lpcxpresso_8.2.2_650/lpcxpresso/tools/bin/../lib/gcc/arm-none-eabi/5.4.1/../../../../arm-none-eabi/lib/armv7-m\libc.a(lib_a-fwalk.o)
                0x00007784                _fwalk
 .text._fwalk_reent
                0x000077cc       0x50 c:/nxp/lpcxpresso_8.2.2_650/lpcxpresso/tools/bin/../lib/gcc/arm-none-eabi/5.4.1/../../../../arm-none-eabi/lib/armv7-m\libc.a(lib_a-fwalk.o)
                0x000077cc                _fwalk_reent
 .text.__libc_init_array
                0x0000781c       0x50 c:/nxp/lpcxpresso_8.2.2_650/lpcxpresso/tools/bin/../lib/gcc/arm-none-eabi/5.4.1/../../../../arm-none-eabi/lib/armv7-m\libc.a(lib_a-init.o)
                0x0000781c                __libc_init_array
 .text.__swhatbuf_r
                0x0000786c       0x60 c:/nxp/lpcxpresso_8.2.2_650/lpcxpresso/tools/bin/../lib/gcc/arm-none-eabi/5.4.1/../../../../arm-none-eabi/lib/armv7-m\libc.a(lib_a-makebuf.o)
                0x0000786c                __swhatbuf_r
 .text.__smakebuf_r
                0x000078cc       0x88 c:/nxp/lpcxpresso_8.2.2_650/lpcxpresso/tools/bin/../lib/gcc/arm-none-eabi/5.4.1/../../../../arm-none-eabi/lib/armv7-m\libc.a(lib_a-makebuf.o)
                0x000078cc                __smakebuf_r
 .text.malloc   0x00007954       0x10 c:/nxp/lpcxpresso_8.2.2_650/lpcxpresso/tools/bin/../lib/gcc/arm-none-eabi/5.4.1/../../../../arm-none-eabi/lib/armv7-m\libc.a(lib_a-malloc.o)
                0x00007954                malloc
 .text.free     0x00007964       0x10 c:/nxp/lpcxpresso_8.2.2_650/lpcxpresso/tools/bin/../lib/gcc/arm-none-eabi/5.4.1/../../../../arm-none-eabi/lib/armv7-m\libc.a(lib_a-malloc.o)
                0x00007964                free
 .text._malloc_r
                0x00007974      0x558 c:/nxp/lpcxpresso_8.2.2_650/lpcxpresso/tools/bin/../lib/gcc/arm-none-eabi/5.4.1/../../../../arm-none-eabi/lib/armv7-m\libc.a(lib_a-mallocr.o)
                0x00007974                _malloc_r
 .text.memchr   0x00007ecc       0x8c c:/nxp/lpcxpresso_8.2.2_650/lpcxpresso/tools/bin/../lib/gcc/arm-none-eabi/5.4.1/../../../../arm-none-eabi/lib/armv7-m\libc.a(lib_a-memchr-stub.o)
                0x00007ecc                memchr
 .text          0x00007f58       0xec c:/nxp/lpcxpresso_8.2.2_650/lpcxpresso/tools/bin/../lib/gcc/arm-none-eabi/5.4.1/../../../../arm-none-eabi/lib/armv7-m\libc.a(lib_a-memcpy.o)
                0x00007f58                memcpy
 .text.memmove  0x00008044       0xc8 c:/nxp/lpcxpresso_8.2.2_650/lpcxpresso/tools/bin/../lib/gcc/arm-none-eabi/5.4.1/../../../../arm-none-eabi/lib/armv7-m\libc.a(lib_a-memmove.o)
                0x00008044                memmove
 .text.memset   0x0000810c       0x9c c:/nxp/lpcxpresso_8.2.2_650/lpcxpresso/tools/bin/../lib/gcc/arm-none-eabi/5.4.1/../../../../arm-none-eabi/lib/armv7-m\libc.a(lib_a-memset.o)
                0x0000810c                memset
 .text.__malloc_lock
                0x000081a8        0x4 c:/nxp/lpcxpresso_8.2.2_650/lpcxpresso/tools/bin/../lib/gcc/arm-none-eabi/5.4.1/../../../../arm-none-eabi/lib/armv7-m\libc.a(lib_a-mlock.o)
                0x000081a8                __malloc_lock
 .text.__malloc_unlock
                0x000081ac        0x4 c:/nxp/lpcxpresso_8.2.2_650/lpcxpresso/tools/bin/../lib/gcc/arm-none-eabi/5.4.1/../../../../arm-none-eabi/lib/armv7-m\libc.a(lib_a-mlock.o)
                0x000081ac                __malloc_unlock
 .text._open_r  0x000081b0       0x2c c:/nxp/lpcxpresso_8.2.2_650/lpcxpresso/tools/bin/../lib/gcc/arm-none-eabi/5.4.1/../../../../arm-none-eabi/lib/armv7-m\libc.a(lib_a-openr.o)
                0x000081b0                _open_r
 .text._realloc_r
                0x000081dc      0x3d4 c:/nxp/lpcxpresso_8.2.2_650/lpcxpresso/tools/bin/../lib/gcc/arm-none-eabi/5.4.1/../../../../arm-none-eabi/lib/armv7-m\libc.a(lib_a-reallocr.o)
                0x000081dc                _realloc_r
 .text.lflush   0x000085b0       0x14 c:/nxp/lpcxpresso_8.2.2_650/lpcxpresso/tools/bin/../lib/gcc/arm-none-eabi/5.4.1/../../../../arm-none-eabi/lib/armv7-m\libc.a(lib_a-refill.o)
 .text.__srefill_r
                0x000085c4      0x114 c:/nxp/lpcxpresso_8.2.2_650/lpcxpresso/tools/bin/../lib/gcc/arm-none-eabi/5.4.1/../../../../arm-none-eabi/lib/armv7-m\libc.a(lib_a-refill.o)
                0x000085c4                __srefill_r
 .text._sbrk_r  0x000086d8       0x24 c:/nxp/lpcxpresso_8.2.2_650/lpcxpresso/tools/bin/../lib/gcc/arm-none-eabi/5.4.1/../../../../arm-none-eabi/lib/armv7-m\libc.a(lib_a-sbrkr.o)
                0x000086d8                _sbrk_r
 .text.setbuf   0x000086fc       0x10 c:/nxp/lpcxpresso_8.2.2_650/lpcxpresso/tools/bin/../lib/gcc/arm-none-eabi/5.4.1/../../../../arm-none-eabi/lib/armv7-m\libc.a(lib_a-setbuf.o)
                0x000086fc                setbuf
 .text.setvbuf  0x0000870c      0x150 c:/nxp/lpcxpresso_8.2.2_650/lpcxpresso/tools/bin/../lib/gcc/arm-none-eabi/5.4.1/../../../../arm-none-eabi/lib/armv7-m\libc.a(lib_a-setvbuf.o)
                0x0000870c                setvbuf
 .text.sprintf  0x0000885c       0x4c c:/nxp/lpcxpresso_8.2.2_650/lpcxpresso/tools/bin/../lib/gcc/arm-none-eabi/5.4.1/../../../../arm-none-eabi/lib/armv7-m\libc.a(lib_a-sprintf.o)
                0x0000885c                sprintf
 .text.sscanf   0x000088a8       0x58 c:/nxp/lpcxpresso_8.2.2_650/lpcxpresso/tools/bin/../lib/gcc/arm-none-eabi/5.4.1/../../../../arm-none-eabi/lib/armv7-m\libc.a(lib_a-sscanf.o)
                0x000088a8                sscanf
 .text.__sread  0x00008900       0x24 c:/nxp/lpcxpresso_8.2.2_650/lpcxpresso/tools/bin/../lib/gcc/arm-none-eabi/5.4.1/../../../../arm-none-eabi/lib/armv7-m\libc.a(lib_a-stdio.o)
                0x00008900                __sread
 .text.__seofread
                0x00008924        0x4 c:/nxp/lpcxpresso_8.2.2_650/lpcxpresso/tools/bin/../lib/gcc/arm-none-eabi/5.4.1/../../../../arm-none-eabi/lib/armv7-m\libc.a(lib_a-stdio.o)
                0x00008924                __seofread
 .text.__swrite
                0x00008928       0x3c c:/nxp/lpcxpresso_8.2.2_650/lpcxpresso/tools/bin/../lib/gcc/arm-none-eabi/5.4.1/../../../../arm-none-eabi/lib/armv7-m\libc.a(lib_a-stdio.o)
                0x00008928                __swrite
 .text.__sseek  0x00008964       0x20 c:/nxp/lpcxpresso_8.2.2_650/lpcxpresso/tools/bin/../lib/gcc/arm-none-eabi/5.4.1/../../../../arm-none-eabi/lib/armv7-m\libc.a(lib_a-stdio.o)
                0x00008964                __sseek
 .text.__sclose
                0x00008984        0x8 c:/nxp/lpcxpresso_8.2.2_650/lpcxpresso/tools/bin/../lib/gcc/arm-none-eabi/5.4.1/../../../../arm-none-eabi/lib/armv7-m\libc.a(lib_a-stdio.o)
                0x00008984                __sclose
 .text          0x0000898c      0x1bc c:/nxp/lpcxpresso_8.2.2_650/lpcxpresso/tools/bin/../lib/gcc/arm-none-eabi/5.4.1/../../../../arm-none-eabi/lib/armv7-m\libc.a(lib_a-strcmp.o)
                0x0000898c                strcmp
 .text.strlen   0x00008b48       0x5c c:/nxp/lpcxpresso_8.2.2_650/lpcxpresso/tools/bin/../lib/gcc/arm-none-eabi/5.4.1/../../../../arm-none-eabi/lib/armv7-m\libc.a(lib_a-strlen-stub.o)
                0x00008b48                strlen
 .text.strncmp  0x00008ba4       0x9c c:/nxp/lpcxpresso_8.2.2_650/lpcxpresso/tools/bin/../lib/gcc/arm-none-eabi/5.4.1/../../../../arm-none-eabi/lib/armv7-m\libc.a(lib_a-strncmp.o)
                0x00008ba4                strncmp
 .text._svfprintf_r
                0x00008c40     0x175c c:/nxp/lpcxpresso_8.2.2_650/lpcxpresso/tools/bin/../lib/gcc/arm-none-eabi/5.4.1/../../../../arm-none-eabi/lib/armv7-m\libc.a(lib_a-svfprintf.o)
                0x00008c40                _svfprintf_r
 .text.__ssvfscanf_r
                0x0000a39c      0xeac c:/nxp/lpcxpresso_8.2.2_650/lpcxpresso/tools/bin/../lib/gcc/arm-none-eabi/5.4.1/../../../../arm-none-eabi/lib/armv7-m\libc.a(lib_a-svfscanf.o)
                0x0000a39c                __ssvfscanf_r
 .text._vfprintf_r
                0x0000b248     0x1788 c:/nxp/lpcxpresso_8.2.2_650/lpcxpresso/tools/bin/../lib/gcc/arm-none-eabi/5.4.1/../../../../arm-none-eabi/lib/armv7-m\libc.a(lib_a-vfprintf.o)
                0x0000b248                _vfprintf_r
 .text.__sbprintf
                0x0000c9d0       0x6c c:/nxp/lpcxpresso_8.2.2_650/lpcxpresso/tools/bin/../lib/gcc/arm-none-eabi/5.4.1/../../../../arm-none-eabi/lib/armv7-m\libc.a(lib_a-vfprintf.o)
 .text.__svfscanf_r
                0x0000ca3c      0xeac c:/nxp/lpcxpresso_8.2.2_650/lpcxpresso/tools/bin/../lib/gcc/arm-none-eabi/5.4.1/../../../../arm-none-eabi/lib/armv7-m\libc.a(lib_a-vfscanf.o)
                0x0000ca3c                __svfscanf_r
 .text._vfscanf_r
                0x0000d8e8       0x28 c:/nxp/lpcxpresso_8.2.2_650/lpcxpresso/tools/bin/../lib/gcc/arm-none-eabi/5.4.1/../../../../arm-none-eabi/lib/armv7-m\libc.a(lib_a-vfscanf.o)
                0x0000d8e8                _vfscanf_r
 .text.__swbuf_r
                0x0000d910       0xac c:/nxp/lpcxpresso_8.2.2_650/lpcxpresso/tools/bin/../lib/gcc/arm-none-eabi/5.4.1/../../../../arm-none-eabi/lib/armv7-m\libc.a(lib_a-wbuf.o)
                0x0000d910                __swbuf_r
 .text._write_r
                0x0000d9bc       0x2c c:/nxp/lpcxpresso_8.2.2_650/lpcxpresso/tools/bin/../lib/gcc/arm-none-eabi/5.4.1/../../../../arm-none-eabi/lib/armv7-m\libc.a(lib_a-writer.o)
                0x0000d9bc                _write_r
 .text.__swsetup_r
                0x0000d9e8       0xc8 c:/nxp/lpcxpresso_8.2.2_650/lpcxpresso/tools/bin/../lib/gcc/arm-none-eabi/5.4.1/../../../../arm-none-eabi/lib/armv7-m\libc.a(lib_a-wsetup.o)
                0x0000d9e8                __swsetup_r
 .text._close_r
                0x0000dab0       0x24 c:/nxp/lpcxpresso_8.2.2_650/lpcxpresso/tools/bin/../lib/gcc/arm-none-eabi/5.4.1/../../../../arm-none-eabi/lib/armv7-m\libc.a(lib_a-closer.o)
                0x0000dab0                _close_r
 .text.quorem   0x0000dad4      0x12c c:/nxp/lpcxpresso_8.2.2_650/lpcxpresso/tools/bin/../lib/gcc/arm-none-eabi/5.4.1/../../../../arm-none-eabi/lib/armv7-m\libc.a(lib_a-dtoa.o)
 .text._dtoa_r  0x0000dc00      0xe4c c:/nxp/lpcxpresso_8.2.2_650/lpcxpresso/tools/bin/../lib/gcc/arm-none-eabi/5.4.1/../../../../arm-none-eabi/lib/armv7-m\libc.a(lib_a-dtoa.o)
                0x0000dc00                _dtoa_r
 .text.__sflags
                0x0000ea4c       0x74 c:/nxp/lpcxpresso_8.2.2_650/lpcxpresso/tools/bin/../lib/gcc/arm-none-eabi/5.4.1/../../../../arm-none-eabi/lib/armv7-m\libc.a(lib_a-flags.o)
                0x0000ea4c                __sflags
 .text._fread_r
                0x0000eac0      0x1a0 c:/nxp/lpcxpresso_8.2.2_650/lpcxpresso/tools/bin/../lib/gcc/arm-none-eabi/5.4.1/../../../../arm-none-eabi/lib/armv7-m\libc.a(lib_a-fread.o)
                0x0000eac0                _fread_r
 .text._isatty_r
                0x0000ec60       0x24 c:/nxp/lpcxpresso_8.2.2_650/lpcxpresso/tools/bin/../lib/gcc/arm-none-eabi/5.4.1/../../../../arm-none-eabi/lib/armv7-m\libc.a(lib_a-isattyr.o)
                0x0000ec60                _isatty_r
 .text.iswspace
                0x0000ec84       0x1c c:/nxp/lpcxpresso_8.2.2_650/lpcxpresso/tools/bin/../lib/gcc/arm-none-eabi/5.4.1/../../../../arm-none-eabi/lib/armv7-m\libc.a(lib_a-iswspace.o)
                0x0000ec84                iswspace
 .text.__locale_charset
                0x0000eca0        0x8 c:/nxp/lpcxpresso_8.2.2_650/lpcxpresso/tools/bin/../lib/gcc/arm-none-eabi/5.4.1/../../../../arm-none-eabi/lib/armv7-m\libc.a(lib_a-locale.o)
                0x0000eca0                __locale_charset
 .text.__locale_mb_cur_max
                0x0000eca8        0xc c:/nxp/lpcxpresso_8.2.2_650/lpcxpresso/tools/bin/../lib/gcc/arm-none-eabi/5.4.1/../../../../arm-none-eabi/lib/armv7-m\libc.a(lib_a-locale.o)
                0x0000eca8                __locale_mb_cur_max
 .text._localeconv_r
                0x0000ecb4        0x8 c:/nxp/lpcxpresso_8.2.2_650/lpcxpresso/tools/bin/../lib/gcc/arm-none-eabi/5.4.1/../../../../arm-none-eabi/lib/armv7-m\libc.a(lib_a-locale.o)
                0x0000ecb4                _localeconv_r
 .text._lseek_r
                0x0000ecbc       0x2c c:/nxp/lpcxpresso_8.2.2_650/lpcxpresso/tools/bin/../lib/gcc/arm-none-eabi/5.4.1/../../../../arm-none-eabi/lib/armv7-m\libc.a(lib_a-lseekr.o)
                0x0000ecbc                _lseek_r
 .text._mbrtowc_r
                0x0000ece8       0x5c c:/nxp/lpcxpresso_8.2.2_650/lpcxpresso/tools/bin/../lib/gcc/arm-none-eabi/5.4.1/../../../../arm-none-eabi/lib/armv7-m\libc.a(lib_a-mbrtowc.o)
                0x0000ece8                _mbrtowc_r
 .text.__ascii_mbtowc
                0x0000ed44       0x2c c:/nxp/lpcxpresso_8.2.2_650/lpcxpresso/tools/bin/../lib/gcc/arm-none-eabi/5.4.1/../../../../arm-none-eabi/lib/armv7-m\libc.a(lib_a-mbtowc_r.o)
                0x0000ed44                __ascii_mbtowc
 .text._Balloc  0x0000ed70       0x50 c:/nxp/lpcxpresso_8.2.2_650/lpcxpresso/tools/bin/../lib/gcc/arm-none-eabi/5.4.1/../../../../arm-none-eabi/lib/armv7-m\libc.a(lib_a-mprec.o)
                0x0000ed70                _Balloc
 .text._Bfree   0x0000edc0       0x14 c:/nxp/lpcxpresso_8.2.2_650/lpcxpresso/tools/bin/../lib/gcc/arm-none-eabi/5.4.1/../../../../arm-none-eabi/lib/armv7-m\libc.a(lib_a-mprec.o)
                0x0000edc0                _Bfree
 .text.__multadd
                0x0000edd4       0x80 c:/nxp/lpcxpresso_8.2.2_650/lpcxpresso/tools/bin/../lib/gcc/arm-none-eabi/5.4.1/../../../../arm-none-eabi/lib/armv7-m\libc.a(lib_a-mprec.o)
                0x0000edd4                __multadd
 .text.__s2b    0x0000ee54       0x98 c:/nxp/lpcxpresso_8.2.2_650/lpcxpresso/tools/bin/../lib/gcc/arm-none-eabi/5.4.1/../../../../arm-none-eabi/lib/armv7-m\libc.a(lib_a-mprec.o)
                0x0000ee54                __s2b
 .text.__hi0bits
                0x0000eeec       0x40 c:/nxp/lpcxpresso_8.2.2_650/lpcxpresso/tools/bin/../lib/gcc/arm-none-eabi/5.4.1/../../../../arm-none-eabi/lib/armv7-m\libc.a(lib_a-mprec.o)
                0x0000eeec                __hi0bits
 .text.__lo0bits
                0x0000ef2c       0x5c c:/nxp/lpcxpresso_8.2.2_650/lpcxpresso/tools/bin/../lib/gcc/arm-none-eabi/5.4.1/../../../../arm-none-eabi/lib/armv7-m\libc.a(lib_a-mprec.o)
                0x0000ef2c                __lo0bits
 .text.__i2b    0x0000ef88       0x14 c:/nxp/lpcxpresso_8.2.2_650/lpcxpresso/tools/bin/../lib/gcc/arm-none-eabi/5.4.1/../../../../arm-none-eabi/lib/armv7-m\libc.a(lib_a-mprec.o)
                0x0000ef88                __i2b
 .text.__multiply
                0x0000ef9c      0x13c c:/nxp/lpcxpresso_8.2.2_650/lpcxpresso/tools/bin/../lib/gcc/arm-none-eabi/5.4.1/../../../../arm-none-eabi/lib/armv7-m\libc.a(lib_a-mprec.o)
                0x0000ef9c                __multiply
 .text.__pow5mult
                0x0000f0d8       0xa0 c:/nxp/lpcxpresso_8.2.2_650/lpcxpresso/tools/bin/../lib/gcc/arm-none-eabi/5.4.1/../../../../arm-none-eabi/lib/armv7-m\libc.a(lib_a-mprec.o)
                0x0000f0d8                __pow5mult
 .text.__lshift
                0x0000f178       0xac c:/nxp/lpcxpresso_8.2.2_650/lpcxpresso/tools/bin/../lib/gcc/arm-none-eabi/5.4.1/../../../../arm-none-eabi/lib/armv7-m\libc.a(lib_a-mprec.o)
                0x0000f178                __lshift
 .text.__mcmp   0x0000f224       0x40 c:/nxp/lpcxpresso_8.2.2_650/lpcxpresso/tools/bin/../lib/gcc/arm-none-eabi/5.4.1/../../../../arm-none-eabi/lib/armv7-m\libc.a(lib_a-mprec.o)
                0x0000f224                __mcmp
 .text.__mdiff  0x0000f264      0x128 c:/nxp/lpcxpresso_8.2.2_650/lpcxpresso/tools/bin/../lib/gcc/arm-none-eabi/5.4.1/../../../../arm-none-eabi/lib/armv7-m\libc.a(lib_a-mprec.o)
                0x0000f264                __mdiff
 .text.__ulp    0x0000f38c       0x44 c:/nxp/lpcxpresso_8.2.2_650/lpcxpresso/tools/bin/../lib/gcc/arm-none-eabi/5.4.1/../../../../arm-none-eabi/lib/armv7-m\libc.a(lib_a-mprec.o)
                0x0000f38c                __ulp
 .text.__b2d    0x0000f3d0       0xd4 c:/nxp/lpcxpresso_8.2.2_650/lpcxpresso/tools/bin/../lib/gcc/arm-none-eabi/5.4.1/../../../../arm-none-eabi/lib/armv7-m\libc.a(lib_a-mprec.o)
                0x0000f3d0                __b2d
 .text.__d2b    0x0000f4a4       0xa8 c:/nxp/lpcxpresso_8.2.2_650/lpcxpresso/tools/bin/../lib/gcc/arm-none-eabi/5.4.1/../../../../arm-none-eabi/lib/armv7-m\libc.a(lib_a-mprec.o)
                0x0000f4a4                __d2b
 .text.__ratio  0x0000f54c       0x54 c:/nxp/lpcxpresso_8.2.2_650/lpcxpresso/tools/bin/../lib/gcc/arm-none-eabi/5.4.1/../../../../arm-none-eabi/lib/armv7-m\libc.a(lib_a-mprec.o)
                0x0000f54c                __ratio
 .text.__copybits
                0x0000f5a0       0x48 c:/nxp/lpcxpresso_8.2.2_650/lpcxpresso/tools/bin/../lib/gcc/arm-none-eabi/5.4.1/../../../../arm-none-eabi/lib/armv7-m\libc.a(lib_a-mprec.o)
                0x0000f5a0                __copybits
 .text.__any_on
                0x0000f5e8       0x5c c:/nxp/lpcxpresso_8.2.2_650/lpcxpresso/tools/bin/../lib/gcc/arm-none-eabi/5.4.1/../../../../arm-none-eabi/lib/armv7-m\libc.a(lib_a-mprec.o)
                0x0000f5e8                __any_on
 .text._read_r  0x0000f644       0x2c c:/nxp/lpcxpresso_8.2.2_650/lpcxpresso/tools/bin/../lib/gcc/arm-none-eabi/5.4.1/../../../../arm-none-eabi/lib/armv7-m\libc.a(lib_a-readr.o)
                0x0000f644                _read_r
 .text.__sccl   0x0000f670       0x74 c:/nxp/lpcxpresso_8.2.2_650/lpcxpresso/tools/bin/../lib/gcc/arm-none-eabi/5.4.1/../../../../arm-none-eabi/lib/armv7-m\libc.a(lib_a-sccl.o)
                0x0000f670                __sccl
 .text.nanf     0x0000f6e4        0x8 c:/nxp/lpcxpresso_8.2.2_650/lpcxpresso/tools/bin/../lib/gcc/arm-none-eabi/5.4.1/../../../../arm-none-eabi/lib/armv7-m\libc.a(lib_a-sf_nan.o)
                0x0000f6e4                nanf
 .text.sulp     0x0000f6ec       0x44 c:/nxp/lpcxpresso_8.2.2_650/lpcxpresso/tools/bin/../lib/gcc/arm-none-eabi/5.4.1/../../../../arm-none-eabi/lib/armv7-m\libc.a(lib_a-strtod.o)
 .text._strtod_r
                0x0000f730      0xecc c:/nxp/lpcxpresso_8.2.2_650/lpcxpresso/tools/bin/../lib/gcc/arm-none-eabi/5.4.1/../../../../arm-none-eabi/lib/armv7-m\libc.a(lib_a-strtod.o)
                0x0000f730                _strtod_r
 .text._strtol_r
                0x000105fc      0x128 c:/nxp/lpcxpresso_8.2.2_650/lpcxpresso/tools/bin/../lib/gcc/arm-none-eabi/5.4.1/../../../../arm-none-eabi/lib/armv7-m\libc.a(lib_a-strtol.o)
                0x000105fc                _strtol_r
 .text._strtoll_r
                0x00010724      0x1b4 c:/nxp/lpcxpresso_8.2.2_650/lpcxpresso/tools/bin/../lib/gcc/arm-none-eabi/5.4.1/../../../../arm-none-eabi/lib/armv7-m\libc.a(lib_a-strtoll_r.o)
                0x00010724                _strtoll_r
 .text._strtoul_r
                0x000108d8      0x134 c:/nxp/lpcxpresso_8.2.2_650/lpcxpresso/tools/bin/../lib/gcc/arm-none-eabi/5.4.1/../../../../arm-none-eabi/lib/armv7-m\libc.a(lib_a-strtoul.o)
                0x000108d8                _strtoul_r
 .text._strtoull_r
                0x00010a0c      0x1c8 c:/nxp/lpcxpresso_8.2.2_650/lpcxpresso/tools/bin/../lib/gcc/arm-none-eabi/5.4.1/../../../../arm-none-eabi/lib/armv7-m\libc.a(lib_a-strtoull_r.o)
                0x00010a0c                _strtoull_r
 .text.__ssprint_r
                0x00010bd4      0x100 c:/nxp/lpcxpresso_8.2.2_650/lpcxpresso/tools/bin/../lib/gcc/arm-none-eabi/5.4.1/../../../../arm-none-eabi/lib/armv7-m\libc.a(lib_a-svfiprintf.o)
                0x00010bd4                __ssprint_r
 .text._sungetc_r
                0x00010cd4       0x8c c:/nxp/lpcxpresso_8.2.2_650/lpcxpresso/tools/bin/../lib/gcc/arm-none-eabi/5.4.1/../../../../arm-none-eabi/lib/armv7-m\libc.a(lib_a-svfiscanf.o)
                0x00010cd4                _sungetc_r
 .text.__ssrefill_r
                0x00010d60       0x3c c:/nxp/lpcxpresso_8.2.2_650/lpcxpresso/tools/bin/../lib/gcc/arm-none-eabi/5.4.1/../../../../arm-none-eabi/lib/armv7-m\libc.a(lib_a-svfiscanf.o)
                0x00010d60                __ssrefill_r
 .text._sfread_r
                0x00010d9c       0x84 c:/nxp/lpcxpresso_8.2.2_650/lpcxpresso/tools/bin/../lib/gcc/arm-none-eabi/5.4.1/../../../../arm-none-eabi/lib/armv7-m\libc.a(lib_a-svfiscanf.o)
                0x00010d9c                _sfread_r
 .text.__submore
                0x00010e20       0x7c c:/nxp/lpcxpresso_8.2.2_650/lpcxpresso/tools/bin/../lib/gcc/arm-none-eabi/5.4.1/../../../../arm-none-eabi/lib/armv7-m\libc.a(lib_a-ungetc.o)
                0x00010e20                __submore
 .text._ungetc_r
                0x00010e9c       0xe0 c:/nxp/lpcxpresso_8.2.2_650/lpcxpresso/tools/bin/../lib/gcc/arm-none-eabi/5.4.1/../../../../arm-none-eabi/lib/armv7-m\libc.a(lib_a-ungetc.o)
                0x00010e9c                _ungetc_r
 .text.__sprint_r.part.0
                0x00010f7c       0x78 c:/nxp/lpcxpresso_8.2.2_650/lpcxpresso/tools/bin/../lib/gcc/arm-none-eabi/5.4.1/../../../../arm-none-eabi/lib/armv7-m\libc.a(lib_a-vfiprintf.o)
 .text.__sprint_r
                0x00010ff4       0x14 c:/nxp/lpcxpresso_8.2.2_650/lpcxpresso/tools/bin/../lib/gcc/arm-none-eabi/5.4.1/../../../../arm-none-eabi/lib/armv7-m\libc.a(lib_a-vfiprintf.o)
                0x00010ff4                __sprint_r
 .text._calloc_r
                0x00011008       0x60 c:/nxp/lpcxpresso_8.2.2_650/lpcxpresso/tools/bin/../lib/gcc/arm-none-eabi/5.4.1/../../../../arm-none-eabi/lib/armv7-m\libc.a(lib_a-callocr.o)
                0x00011008                _calloc_r
 .text.__fputwc
                0x00011068       0x94 c:/nxp/lpcxpresso_8.2.2_650/lpcxpresso/tools/bin/../lib/gcc/arm-none-eabi/5.4.1/../../../../arm-none-eabi/lib/armv7-m\libc.a(lib_a-fputwc.o)
                0x00011068                __fputwc
 .text._fputwc_r
                0x000110fc       0x24 c:/nxp/lpcxpresso_8.2.2_650/lpcxpresso/tools/bin/../lib/gcc/arm-none-eabi/5.4.1/../../../../arm-none-eabi/lib/armv7-m\libc.a(lib_a-fputwc.o)
                0x000110fc                _fputwc_r
 .text.rshift   0x00011120       0xa8 c:/nxp/lpcxpresso_8.2.2_650/lpcxpresso/tools/bin/../lib/gcc/arm-none-eabi/5.4.1/../../../../arm-none-eabi/lib/armv7-m\libc.a(lib_a-gdtoa-gethex.o)
 .text.__gethex