Archive member included to satisfy reference by file (symbol)

c:/nxp/lpcxpresso_8.2.2_650/lpcxpresso/tools/bin/../lib/gcc/arm-none-eabi/5.4.1/armv7-m\libgcc.a(_arm_addsubdf3.o)
                              ./Walk/Protected/InverseKinematics.o (__aeabi_dsub)
c:/nxp/lpcxpresso_8.2.2_650/lpcxpresso/tools/bin/../lib/gcc/arm-none-eabi/5.4.1/armv7-m\libgcc.a(_arm_muldivdf3.o)
                              ./Walk/Protected/InverseKinematics.o (__aeabi_dmul)
c:/nxp/lpcxpresso_8.2.2_650/lpcxpresso/tools/bin/../lib/gcc/arm-none-eabi/5.4.1/armv7-m\libgcc.a(_arm_cmpdf2.o)
                              ./Walk/ParallelLeg.o (__aeabi_dcmpeq)
c:/nxp/lpcxpresso_8.2.2_650/lpcxpresso/tools/bin/../lib/gcc/arm-none-eabi/5.4.1/armv7-m\libgcc.a(_arm_fixdfsi.o)
                              ./mbed-src/targets/hal/TARGET_NXP/TARGET_LPC176X/spi_api.o (__aeabi_d2iz)
c:/nxp/lpcxpresso_8.2.2_650/lpcxpresso/tools/bin/../lib/gcc/arm-none-eabi/5.4.1/armv7-m\libgcc.a(_arm_truncdfsf2.o)
                              ./mbed-src/targets/hal/TARGET_NXP/TARGET_LPC176X/serial_api.o (__aeabi_d2f)
c:/nxp/lpcxpresso_8.2.2_650/lpcxpresso/tools/bin/../lib/gcc/arm-none-eabi/5.4.1/armv7-m\libgcc.a(_arm_addsubsf3.o)
                              ./mbed-src/targets/hal/TARGET_NXP/TARGET_LPC176X/serial_api.o (__aeabi_fsub)
c:/nxp/lpcxpresso_8.2.2_650/lpcxpresso/tools/bin/../lib/gcc/arm-none-eabi/5.4.1/armv7-m\libgcc.a(_arm_muldivsf3.o)
                              ./mbed-src/targets/hal/TARGET_NXP/TARGET_LPC176X/analogin_api.o (__aeabi_fmul)
c:/nxp/lpcxpresso_8.2.2_650/lpcxpresso/tools/bin/../lib/gcc/arm-none-eabi/5.4.1/armv7-m\libgcc.a(_arm_cmpsf2.o)
                              ./Walk/CANs/CANSynchronizer.o (__aeabi_fcmpeq)
c:/nxp/lpcxpresso_8.2.2_650/lpcxpresso/tools/bin/../lib/gcc/arm-none-eabi/5.4.1/armv7-m\libgcc.a(_arm_fixsfsi.o)
                              ./mbed-src/targets/hal/TARGET_NXP/TARGET_LPC176X/analogout_api.o (__aeabi_f2iz)
c:/nxp/lpcxpresso_8.2.2_650/lpcxpresso/tools/bin/../lib/gcc/arm-none-eabi/5.4.1/armv7-m\libgcc.a(_arm_fixunssfsi.o)
                              ./mbed-src/targets/hal/TARGET_NXP/TARGET_LPC176X/pwmout_api.o (__aeabi_f2uiz)
c:/nxp/lpcxpresso_8.2.2_650/lpcxpresso/tools/bin/../lib/gcc/arm-none-eabi/5.4.1/armv7-m\libgcc.a(_aeabi_uldivmod.o)
                              ./mbed-src/targets/cmsis/TARGET_NXP/TARGET_LPC176X/system_LPC17xx.o (__aeabi_uldivmod)
c:/nxp/lpcxpresso_8.2.2_650/lpcxpresso/tools/bin/../lib/gcc/arm-none-eabi/5.4.1/armv7-m\libgcc.a(_udivmoddi4.o)
                              c:/nxp/lpcxpresso_8.2.2_650/lpcxpresso/tools/bin/../lib/gcc/arm-none-eabi/5.4.1/armv7-m\libgcc.a(_aeabi_uldivmod.o) (__udivmoddi4)
c:/nxp/lpcxpresso_8.2.2_650/lpcxpresso/tools/bin/../lib/gcc/arm-none-eabi/5.4.1/armv7-m\libgcc.a(_dvmd_tls.o)
                              c:/nxp/lpcxpresso_8.2.2_650/lpcxpresso/tools/bin/../lib/gcc/arm-none-eabi/5.4.1/armv7-m\libgcc.a(_aeabi_uldivmod.o) (__aeabi_ldiv0)
c:/nxp/lpcxpresso_8.2.2_650/lpcxpresso/tools/bin/../lib/gcc/arm-none-eabi/5.4.1/../../../../arm-none-eabi/lib/armv7-m\libc.a(lib_a-errno.o)
                              ./mbed-src/common/retarget.o (__errno)
c:/nxp/lpcxpresso_8.2.2_650/lpcxpresso/tools/bin/../lib/gcc/arm-none-eabi/5.4.1/../../../../arm-none-eabi/lib/armv7-m\libc.a(lib_a-fclose.o)
                              ./mbed-src/common/Stream.o (fclose)
c:/nxp/lpcxpresso_8.2.2_650/lpcxpresso/tools/bin/../lib/gcc/arm-none-eabi/5.4.1/../../../../arm-none-eabi/lib/armv7-m\libc.a(lib_a-fflush.o)
                              c:/nxp/lpcxpresso_8.2.2_650/lpcxpresso/tools/bin/../lib/gcc/arm-none-eabi/5.4.1/../../../../arm-none-eabi/lib/armv7-m\libc.a(lib_a-fclose.o) (__sflush_r)
c:/nxp/lpcxpresso_8.2.2_650/lpcxpresso/tools/bin/../lib/gcc/arm-none-eabi/5.4.1/../../../../arm-none-eabi/lib/armv7-m\libc.a(lib_a-fgetc.o)
                              ./mbed-src/common/Stream.o (fgetc)
c:/nxp/lpcxpresso_8.2.2_650/lpcxpresso/tools/bin/../lib/gcc/arm-none-eabi/5.4.1/../../../../arm-none-eabi/lib/armv7-m\libc.a(lib_a-fgets.o)
                              ./mbed-src/common/Stream.o (fgets)
c:/nxp/lpcxpresso_8.2.2_650/lpcxpresso/tools/bin/../lib/gcc/arm-none-eabi/5.4.1/../../../../arm-none-eabi/lib/armv7-m\libc.a(lib_a-findfp.o)
                              c:/nxp/lpcxpresso_8.2.2_650/lpcxpresso/tools/bin/../lib/gcc/arm-none-eabi/5.4.1/../../../../arm-none-eabi/lib/armv7-m\libc.a(lib_a-fclose.o) (__sinit)
c:/nxp/lpcxpresso_8.2.2_650/lpcxpresso/tools/bin/../lib/gcc/arm-none-eabi/5.4.1/../../../../arm-none-eabi/lib/armv7-m\libc.a(lib_a-fopen.o)
                              ./mbed-src/common/Stream.o (fopen)
c:/nxp/lpcxpresso_8.2.2_650/lpcxpresso/tools/bin/../lib/gcc/arm-none-eabi/5.4.1/../../../../arm-none-eabi/lib/armv7-m\libc.a(lib_a-fprintf.o)
                              ./mbed-src/targets/hal/TARGET_NXP/TARGET_LPC176X/analogin_api.o (fprintf)
[...]
Memory Configuration

Name             Origin             Length             Attributes
MFlash512        0x00000000         0x00080000         xr
RamLoc32         0x100000c8         0x00007f38         xrw
RamAHB32         0x2007c000         0x00008000         xrw
*default*        0x00000000         0xffffffff

Linker script and memory map

LOAD ./mbed-src/targets/hal/TARGET_NXP/TARGET_LPC176X/analogin_api.o
LOAD ./mbed-src/targets/hal/TARGET_NXP/TARGET_LPC176X/analogout_api.o
LOAD ./mbed-src/targets/hal/TARGET_NXP/TARGET_LPC176X/can_api.o
LOAD ./mbed-src/targets/hal/TARGET_NXP/TARGET_LPC176X/ethernet_api.o
LOAD ./mbed-src/targets/hal/TARGET_NXP/TARGET_LPC176X/gpio_api.o
LOAD ./mbed-src/targets/hal/TARGET_NXP/TARGET_LPC176X/gpio_irq_api.o
LOAD ./mbed-src/targets/hal/TARGET_NXP/TARGET_LPC176X/i2c_api.o
LOAD ./mbed-src/targets/hal/TARGET_NXP/TARGET_LPC176X/pinmap.o
LOAD ./mbed-src/targets/hal/TARGET_NXP/TARGET_LPC176X/port_api.o
LOAD ./mbed-src/targets/hal/TARGET_NXP/TARGET_LPC176X/pwmout_api.o
LOAD ./mbed-src/targets/hal/TARGET_NXP/TARGET_LPC176X/rtc_api.o
LOAD ./mbed-src/targets/hal/TARGET_NXP/TARGET_LPC176X/serial_api.o
LOAD ./mbed-src/targets/hal/TARGET_NXP/TARGET_LPC176X/sleep.o
LOAD ./mbed-src/targets/hal/TARGET_NXP/TARGET_LPC176X/spi_api.o
LOAD ./mbed-src/targets/hal/TARGET_NXP/TARGET_LPC176X/us_ticker.o
LOAD ./mbed-src/targets/cmsis/TARGET_NXP/TARGET_LPC176X/TOOLCHAIN_GCC_CR/startup_LPC17xx.o
LOAD ./mbed-src/targets/cmsis/TARGET_NXP/TARGET_LPC176X/cmsis_nvic.o
LOAD ./mbed-src/targets/cmsis/TARGET_NXP/TARGET_LPC176X/system_LPC17xx.o
LOAD ./mbed-src/common/BusIn.o
LOAD ./mbed-src/common/BusInOut.o
LOAD ./mbed-src/common/BusOut.o
LOAD ./mbed-src/common/CAN.o
LOAD ./mbed-src/common/CallChain.o
LOAD ./mbed-src/common/Ethernet.o
LOAD ./mbed-src/common/FileBase.o
LOAD ./mbed-src/common/FileLike.o
LOAD ./mbed-src/common/FilePath.o
LOAD ./mbed-src/common/FileSystemLike.o
LOAD ./mbed-src/common/FunctionPointer.o
LOAD ./mbed-src/common/I2C.o
LOAD ./mbed-src/common/I2CSlave.o
LOAD ./mbed-src/common/InterruptIn.o
LOAD ./mbed-src/common/InterruptManager.o
LOAD ./mbed-src/common/LocalFileSystem.o
LOAD ./mbed-src/common/RawSerial.o
LOAD ./mbed-src/common/SPI.o
LOAD ./mbed-src/common/SPISlave.o
LOAD ./mbed-src/common/Serial.o
LOAD ./mbed-src/common/SerialBase.o
LOAD ./mbed-src/common/Stream.o
LOAD ./mbed-src/common/Ticker.o
LOAD ./mbed-src/common/Timeout.o
LOAD ./mbed-src/common/Timer.o
LOAD ./mbed-src/common/TimerEvent.o
LOAD ./mbed-src/common/board.o
LOAD ./mbed-src/common/exit.o
LOAD ./mbed-src/common/mbed_interface.o
LOAD ./mbed-src/common/pinmap_common.o
LOAD ./mbed-src/common/retarget.o
LOAD ./mbed-src/common/rtc_time.o
LOAD ./mbed-src/common/semihost_api.o
LOAD ./mbed-src/common/us_ticker_api.o
LOAD ./mbed-src/common/wait_api.o
LOAD ./Walk/Protected/InverseKinematics.o
LOAD ./Walk/CANs/CANProtocol.o
LOAD ./Walk/CANs/CANReceiver.o
LOAD ./Walk/CANs/CANSender.o
LOAD ./Walk/CANs/CANSynchronizer.o
LOAD ./Walk/ClockTimer.o
LOAD ./Walk/ForwardKinematics.o
LOAD ./Walk/LegPID.o
LOAD ./Walk/MRMode.o
LOAD ./Walk/ParallelLeg.o
LOAD ./Walk/SingleLeg.o
LOAD ./QEI/QEI.o
LOAD ./QEI/QEI_freePin.o
LOAD ./QEI/SingleLegQEI.o
LOAD ./LegFunctions.o
LOAD ./PID.o
LOAD ./PhotoelectricSensor.o
LOAD ./Pins.o
LOAD ./functions.o
LOAD ./main.o
START GROUP
LOAD c:/nxp/lpcxpresso_8.2.2_650/lpcxpresso/tools/bin/../lib/gcc/arm-none-eabi/5.4.1/armv7-m\libgcc.a
LOAD c:/nxp/lpcxpresso_8.2.2_650/lpcxpresso/tools/bin/../lib/gcc/arm-none-eabi/5.4.1/../../../../arm-none-eabi/lib/armv7-m\libc.a
LOAD c:/nxp/lpcxpresso_8.2.2_650/lpcxpresso/tools/bin/../lib/gcc/arm-none-eabi/5.4.1/../../../../arm-none-eabi/lib/armv7-m\libstdc++.a
LOAD c:/nxp/lpcxpresso_8.2.2_650/lpcxpresso/tools/bin/../lib/gcc/arm-none-eabi/5.4.1/../../../../arm-none-eabi/lib/armv7-m\libm.a
LOAD c:/nxp/lpcxpresso_8.2.2_650/lpcxpresso/tools/bin/../lib/gcc/arm-none-eabi/5.4.1/../../../../arm-none-eabi/lib/armv7-m\libcr_newlib_nohost.a
LOAD c:/nxp/lpcxpresso_8.2.2_650/lpcxpresso/tools/bin/../lib/gcc/arm-none-eabi/5.4.1/armv7-m\crti.o
LOAD c:/nxp/lpcxpresso_8.2.2_650/lpcxpresso/tools/bin/../lib/gcc/arm-none-eabi/5.4.1/armv7-m\crtn.o
LOAD c:/nxp/lpcxpresso_8.2.2_650/lpcxpresso/tools/bin/../lib/gcc/arm-none-eabi/5.4.1/armv7-m\crtbegin.o
LOAD c:/nxp/lpcxpresso_8.2.2_650/lpcxpresso/tools/bin/../lib/gcc/arm-none-eabi/5.4.1/armv7-m\crtend.o
END GROUP
                0x00080000                __top_MFlash512 = 0x80000
                0x10008000                __top_RamLoc32 = 0x10008000
                0x20084000                __top_RamAHB32 = 0x20084000

.text           0x00000000    0x1b7a4
 FILL mask 0xff
 *(.isr_vector)
 .isr_vector    0x00000000       0xcc ./mbed-src/targets/cmsis/TARGET_NXP/TARGET_LPC176X/TOOLCHAIN_GCC_CR/startup_LPC17xx.o
                0x00000000                g_pfnVectors
                0x000000cc                . = ALIGN (0x4)
                0x000000cc                __section_table_start = .
                0x000000cc                __data_section_table = .
                0x000000cc        0x4 LONG 0x1b8f4 LOADADDR (.data)
                0x000000d0        0x4 LONG 0x100000c8 ADDR (.data)
                0x000000d4        0x4 LONG 0xcac SIZEOF (.data)
                0x000000d8        0x4 LONG 0x1b8f4 LOADADDR (.data_RAM2)
                0x000000dc        0x4 LONG 0x2007c000 ADDR (.data_RAM2)
                0x000000e0        0x4 LONG 0x0 SIZEOF (.data_RAM2)
                0x000000e4                __data_section_table_end = .
                0x000000e4                __bss_section_table = .
                0x000000e4        0x4 LONG 0x10000d78 ADDR (.bss)
                0x000000e8        0x4 LONG 0x1330 SIZEOF (.bss)
                0x000000ec        0x4 LONG 0x2007c000 ADDR (.bss_RAM2)
                0x000000f0        0x4 LONG 0x0 SIZEOF (.bss_RAM2)
                0x000000f4                __bss_section_table_end = .
                0x000000f4                __section_table_end = .
 *(.after_vectors*)
 .after_vectors
                0x000000f4      0x170 ./mbed-src/targets/cmsis/TARGET_NXP/TARGET_LPC176X/TOOLCHAIN_GCC_CR/startup_LPC17xx.o
                0x000000f4                data_init
                0x00000138                bss_init
                0x00000170                ResetISR
                0x000001ec                NMI_Handler
                0x000001f8                HardFault_Handler
                0x00000204                MemManage_Handler
                0x00000210                BusFault_Handler
                0x0000021c                UsageFault_Handler
                0x00000228                SVCall_Handler
                0x00000234                DebugMon_Handler
                0x00000240                PendSV_Handler
                0x0000024c                SysTick_Handler
                0x00000258                EINT2_IRQHandler
                0x00000258                UART1_IRQHandler
                0x00000258                EINT3_IRQHandler
                0x00000258                CANActivity_IRQHandler
                0x00000258                TIMER3_IRQHandler
                0x00000258                UART0_IRQHandler
                0x00000258                USBActivity_IRQHandler
                0x00000258                I2C1_IRQHandler
                0x00000258                IntDefaultHandler
                0x00000258                PLL0_IRQHandler
                0x00000258                I2C0_IRQHandler
                0x00000258                PLL1_IRQHandler
                0x00000258                PWM1_IRQHandler
                0x00000258                I2S_IRQHandler
                0x00000258                I2C2_IRQHandler
                0x00000258                RTC_IRQHandler
                0x00000258                TIMER0_IRQHandler
                0x00000258                SPI_IRQHandler
                0x00000258                RIT_IRQHandler
                0x00000258                EINT1_IRQHandler
                0x00000258                TIMER1_IRQHandler
                0x00000258                UART2_IRQHandler
                0x00000258                ADC_IRQHandler
                0x00000258                SSP1_IRQHandler
                0x00000258                USB_IRQHandler
                0x00000258                BOD_IRQHandler
                0x00000258                SSP0_IRQHandler
                0x00000258                WDT_IRQHandler
                0x00000258                QEI_IRQHandler
                0x00000258                EINT0_IRQHandler
                0x00000258                TIMER2_IRQHandler
                0x00000258                DMA_IRQHandler
                0x00000258                CAN_IRQHandler
                0x00000258                UART3_IRQHandler
                0x00000258                MCPWM_IRQHandler
                0x00000258                ENET_IRQHandler
 *(.text*)
 .text.NVIC_EnableIRQ
                0x00000264       0x30 ./mbed-src/targets/hal/TARGET_NXP/TARGET_LPC176X/can_api.o
 .text.NVIC_DisableIRQ
                0x00000294       0x34 ./mbed-src/targets/hal/TARGET_NXP/TARGET_LPC176X/can_api.o
 .text.can_disable
                0x000002c8       0x2c ./mbed-src/targets/hal/TARGET_NXP/TARGET_LPC176X/can_api.o
 .text.can_enable
                0x000002f4       0x30 ./mbed-src/targets/hal/TARGET_NXP/TARGET_LPC176X/can_api.o
 .text.can_irq  0x00000324      0x134 ./mbed-src/targets/hal/TARGET_NXP/TARGET_LPC176X/can_api.o
 .text.can_irq_n
                0x00000458       0x5c ./mbed-src/targets/hal/TARGET_NXP/TARGET_LPC176X/can_api.o
                0x00000458                can_irq_n
 .text.can_irq_init
                0x000004b4       0x30 ./mbed-src/targets/hal/TARGET_NXP/TARGET_LPC176X/can_api.o
                0x000004b4                can_irq_init
 .text.can_irq_free
                0x000004e4       0x48 ./mbed-src/targets/hal/TARGET_NXP/TARGET_LPC176X/can_api.o
                0x000004e4                can_irq_free
 .text.can_irq_set
                0x0000052c      0x120 ./mbed-src/targets/hal/TARGET_NXP/TARGET_LPC176X/can_api.o
                0x0000052c                can_irq_set
 .text.can_pclk
                0x0000064c       0x70 ./mbed-src/targets/hal/TARGET_NXP/TARGET_LPC176X/can_api.o
 .text.can_speed
                0x000006bc       0xcc ./mbed-src/targets/hal/TARGET_NXP/TARGET_LPC176X/can_api.o
 .text.can_init
                0x00000788      0x100 ./mbed-src/targets/hal/TARGET_NXP/TARGET_LPC176X/can_api.o
                0x00000788                can_init
 .text.can_free
                0x00000888       0x54 ./mbed-src/targets/hal/TARGET_NXP/TARGET_LPC176X/can_api.o
                0x00000888                can_free
 .text.can_frequency
                0x000008dc       0x54 ./mbed-src/targets/hal/TARGET_NXP/TARGET_LPC176X/can_api.o
                0x000008dc                can_frequency
 .text.can_write
                0x00000930      0x194 ./mbed-src/targets/hal/TARGET_NXP/TARGET_LPC176X/can_api.o
                0x00000930                can_write
 .text.can_read
                0x00000ac4       0xcc ./mbed-src/targets/hal/TARGET_NXP/TARGET_LPC176X/can_api.o
                0x00000ac4                can_read
 .text.can_reset
                0x00000b90       0x20 ./mbed-src/targets/hal/TARGET_NXP/TARGET_LPC176X/can_api.o
                0x00000b90                can_reset
 .text.gpio_set
                0x00000bb0       0x24 ./mbed-src/targets/hal/TARGET_NXP/TARGET_LPC176X/gpio_api.o
                0x00000bb0                gpio_set
 .text.gpio_init
                0x00000bd4       0x88 ./mbed-src/targets/hal/TARGET_NXP/TARGET_LPC176X/gpio_api.o
                0x00000bd4                gpio_init
 .text.gpio_mode
                0x00000c5c       0x24 ./mbed-src/targets/hal/TARGET_NXP/TARGET_LPC176X/gpio_api.o
                0x00000c5c                gpio_mode
 .text.gpio_dir
                0x00000c80       0x4c ./mbed-src/targets/hal/TARGET_NXP/TARGET_LPC176X/gpio_api.o
                0x00000c80                gpio_dir
 .text.NVIC_EnableIRQ
                0x00000ccc       0x30 ./mbed-src/targets/hal/TARGET_NXP/TARGET_LPC176X/gpio_irq_api.o
 .text.handle_interrupt_in
                0x00000cfc      0x1d4 ./mbed-src/targets/hal/TARGET_NXP/TARGET_LPC176X/gpio_irq_api.o
 .text.gpio_irq_init
                0x00000ed0       0xbc ./mbed-src/targets/hal/TARGET_NXP/TARGET_LPC176X/gpio_irq_api.o
                0x00000ed0                gpio_irq_init
 .text.gpio_irq_free
                0x00000f8c       0x24 ./mbed-src/targets/hal/TARGET_NXP/TARGET_LPC176X/gpio_irq_api.o
                0x00000f8c                gpio_irq_free
 .text.gpio_irq_set
                0x00000fb0      0x154 ./mbed-src/targets/hal/TARGET_NXP/TARGET_LPC176X/gpio_irq_api.o
                0x00000fb0                gpio_irq_set
 .text.pin_function
                0x00001104       0x74 ./mbed-src/targets/hal/TARGET_NXP/TARGET_LPC176X/pinmap.o
                0x00001104                pin_function
 .text.pin_mode
                0x00001178       0xdc ./mbed-src/targets/hal/TARGET_NXP/TARGET_LPC176X/pinmap.o
                0x00001178                pin_mode
 .text.pwmout_init
                0x00001254       0xd8 ./mbed-src/targets/hal/TARGET_NXP/TARGET_LPC176X/pwmout_api.o
                0x00001254                pwmout_init
 .text.pwmout_write
                0x0000132c       0x90 ./mbed-src/targets/hal/TARGET_NXP/TARGET_LPC176X/pwmout_api.o
                0x0000132c                pwmout_write
 .text.pwmout_period_ms
                0x000013bc       0x24 ./mbed-src/targets/hal/TARGET_NXP/TARGET_LPC176X/pwmout_api.o
                0x000013bc                pwmout_period_ms
 .text.pwmout_period_us
                0x000013e0       0x68 ./mbed-src/targets/hal/TARGET_NXP/TARGET_LPC176X/pwmout_api.o
                0x000013e0                pwmout_period_us
 .text.serial_init
                0x00001448      0x1a8 ./mbed-src/targets/hal/TARGET_NXP/TARGET_LPC176X/serial_api.o
                0x00001448                serial_init
 .text.serial_baud
                0x000015f0      0x2d8 ./mbed-src/targets/hal/TARGET_NXP/TARGET_LPC176X/serial_api.o
                0x000015f0                serial_baud
 .text.serial_format
                0x000018c8      0x108 ./mbed-src/targets/hal/TARGET_NXP/TARGET_LPC176X/serial_api.o
                0x000018c8                serial_format
 .text.serial_irq_handler
                0x000019d0       0x30 ./mbed-src/targets/hal/TARGET_NXP/TARGET_LPC176X/serial_api.o
                0x000019d0                serial_irq_handler
 .text.serial_getc
                0x00001a00       0x28 ./mbed-src/targets/hal/TARGET_NXP/TARGET_LPC176X/serial_api.o
                0x00001a00                serial_getc
 .text.serial_putc
                0x00001a28       0x38 ./mbed-src/targets/hal/TARGET_NXP/TARGET_LPC176X/serial_api.o
                0x00001a28                serial_putc
 .text.serial_readable
                0x00001a60       0x20 ./mbed-src/targets/hal/TARGET_NXP/TARGET_LPC176X/serial_api.o
                0x00001a60                serial_readable
 .text.serial_writable
                0x00001a80       0x3c ./mbed-src/targets/hal/TARGET_NXP/TARGET_LPC176X/serial_api.o
                0x00001a80                serial_writable
 .text.NVIC_EnableIRQ
                0x00001abc       0x30 ./mbed-src/targets/hal/TARGET_NXP/TARGET_LPC176X/us_ticker.o
 .text.us_ticker_init
                0x00001aec       0x84 ./mbed-src/targets/hal/TARGET_NXP/TARGET_LPC176X/us_ticker.o
                0x00001aec                us_ticker_init
 .text.us_ticker_read
                0x00001b70       0x20 ./mbed-src/targets/hal/TARGET_NXP/TARGET_LPC176X/us_ticker.o
                0x00001b70                us_ticker_read
 .text.us_ticker_set_interrupt
                0x00001b90       0x28 ./mbed-src/targets/hal/TARGET_NXP/TARGET_LPC176X/us_ticker.o
                0x00001b90                us_ticker_set_interrupt
 .text.us_ticker_disable_interrupt
                0x00001bb8       0x1c ./mbed-src/targets/hal/TARGET_NXP/TARGET_LPC176X/us_ticker.o
                0x00001bb8                us_ticker_disable_interrupt
 .text.us_ticker_clear_interrupt
                0x00001bd4       0x18 ./mbed-src/targets/hal/TARGET_NXP/TARGET_LPC176X/us_ticker.o
                0x00001bd4                us_ticker_clear_interrupt
 .text.__aeabi_atexit
                0x00001bec       0x18 ./mbed-src/targets/cmsis/TARGET_NXP/TARGET_LPC176X/TOOLCHAIN_GCC_CR/startup_LPC17xx.o
                0x00001bec                __aeabi_atexit
 .text._Znwj    0x00001c04       0x18 ./mbed-src/targets/cmsis/TARGET_NXP/TARGET_LPC176X/TOOLCHAIN_GCC_CR/startup_LPC17xx.o
                0x00001c04                operator new(unsigned int)
 .text._ZdlPv   0x00001c1c       0x18 ./mbed-src/targets/cmsis/TARGET_NXP/TARGET_LPC176X/TOOLCHAIN_GCC_CR/startup_LPC17xx.o
                0x00001c1c                operator delete(void*)
 .text.NVIC_SetVector
                0x00001c34       0x70 ./mbed-src/targets/cmsis/TARGET_NXP/TARGET_LPC176X/cmsis_nvic.o
                0x00001c34                NVIC_SetVector
 .text.SystemInit
                0x00001ca4       0xf4 ./mbed-src/targets/cmsis/TARGET_NXP/TARGET_LPC176X/system_LPC17xx.o
                0x00001ca4                SystemInit
 .text.gpio_read
                0x00001d98       0x28 ./mbed-src/common/BusIn.o
 .text._ZN4mbed9DigitalInC2E7PinName
                0x00001dc0       0x20 ./mbed-src/common/BusIn.o
                0x00001dc0                mbed::DigitalIn::DigitalIn(PinName)
                0x00001dc0                mbed::DigitalIn::DigitalIn(PinName)
 .text._ZN4mbed9DigitalIn4readEv
                0x00001de0       0x1c ./mbed-src/common/BusIn.o
                0x00001de0                mbed::DigitalIn::read()
 .text.gpio_write
                0x00001dfc       0x30 ./mbed-src/common/BusOut.o
 .text._ZN4mbed10DigitalOutC2E7PinName
                0x00001e2c       0x20 ./mbed-src/common/BusOut.o
                0x00001e2c                mbed::DigitalOut::DigitalOut(PinName)
                0x00001e2c                mbed::DigitalOut::DigitalOut(PinName)
 .text._ZN4mbed10DigitalOut5writeEi
                0x00001e4c       0x1c ./mbed-src/common/BusOut.o
                0x00001e4c                mbed::DigitalOut::write(int)
 .text._ZN4mbed3CANC2E7PinNameS1_
                0x00001e68       0x5c ./mbed-src/common/CAN.o
                0x00001e68                mbed::CAN::CAN(PinName, PinName)
                0x00001e68                mbed::CAN::CAN(PinName, PinName)
 .text._ZN4mbed3CAND2Ev
                0x00001ec4       0x3c ./mbed-src/common/CAN.o
                0x00001ec4                mbed::CAN::~CAN()
                0x00001ec4                mbed::CAN::~CAN()
 .text._ZN4mbed3CAND0Ev
                0x00001f00       0x20 ./mbed-src/common/CAN.o
                0x00001f00                mbed::CAN::~CAN()
 .text._ZN4mbed3CAN9frequencyEi
                0x00001f20       0x20 ./mbed-src/common/CAN.o
                0x00001f20                mbed::CAN::frequency(int)
 .text._ZN4mbed3CAN5writeENS_10CANMessageE
                0x00001f40       0x38 ./mbed-src/common/CAN.o
                0x00001f40                mbed::CAN::write(mbed::CANMessage)
 .text._ZN4mbed3CAN4readERNS_10CANMessageEi
                0x00001f78       0x24 ./mbed-src/common/CAN.o
                0x00001f78                mbed::CAN::read(mbed::CANMessage&, int)
 .text._ZN4mbed3CAN6attachEPFvvENS0_7IrqTypeE
                0x00001f9c       0x54 ./mbed-src/common/CAN.o
                0x00001f9c                mbed::CAN::attach(void (*)(), mbed::CAN::IrqType)
 .text._ZN4mbed3CAN12_irq_handlerEm10CanIrqType
                0x00001ff0       0x30 ./mbed-src/common/CAN.o
                0x00001ff0                mbed::CAN::_irq_handler(unsigned long, CanIrqType)
 .text._ZN4mbed8FileBaseC2EPKcNS_8PathTypeE
                0x00002020       0x50 ./mbed-src/common/FileBase.o
                0x00002020                mbed::FileBase::FileBase(char const*, mbed::PathType)
                0x00002020                mbed::FileBase::FileBase(char const*, mbed::PathType)
 .text._ZN4mbed8FileBaseD2Ev
                0x00002070       0x68 ./mbed-src/common/FileBase.o
                0x00002070                mbed::FileBase::~FileBase()
                0x00002070                mbed::FileBase::~FileBase()
 .text._ZN4mbed8FileBaseD0Ev
                0x000020d8       0x20 ./mbed-src/common/FileBase.o
                0x000020d8                mbed::FileBase::~FileBase()
 .text._ZN4mbed8FileBase6lookupEPKcj
                0x000020f8       0x68 ./mbed-src/common/FileBase.o
                0x000020f8                mbed::FileBase::lookup(char const*, unsigned int)
 .text._ZN4mbed8FileBase11getPathTypeEv
                0x00002160       0x18 ./mbed-src/common/FileBase.o
                0x00002160                mbed::FileBase::getPathType()
 .text._ZN4mbed10FileHandle4flenEv
                0x00002178       0x54 ./mbed-src/common/FileLike.o
                0x00002178                mbed::FileHandle::flen()
 .text._ZN4mbed10FileHandleC2Ev
                0x000021cc       0x20 ./mbed-src/common/FileLike.o
                0x000021cc                mbed::FileHandle::FileHandle()
                0x000021cc                mbed::FileHandle::FileHandle()
 .text._ZN4mbed8FileLikeC2EPKc
                0x000021ec       0x40 ./mbed-src/common/FileLike.o
                0x000021ec                mbed::FileLike::FileLike(char const*)
                0x000021ec                mbed::FileLike::FileLike(char const*)
 .text._ZN4mbed8FileLikeD2Ev
                0x0000222c       0x44 ./mbed-src/common/FileLike.o
                0x0000222c                mbed::FileLike::~FileLike()
                0x0000222c                mbed::FileLike::~FileLike()
 .text._ZN4mbed8FilePathC2EPKc
                0x00002270       0x88 ./mbed-src/common/FilePath.o
                0x00002270                mbed::FilePath::FilePath(char const*)
                0x00002270                mbed::FilePath::FilePath(char const*)
 .text._ZN4mbed8FilePath8fileNameEv
                0x000022f8       0x18 ./mbed-src/common/FilePath.o
                0x000022f8                mbed::FilePath::fileName()
 .text._ZN4mbed8FilePath12isFileSystemEv
                0x00002310       0x34 ./mbed-src/common/FilePath.o
                0x00002310                mbed::FilePath::isFileSystem()
 .text._ZN4mbed8FilePath10fileSystemEv
                0x00002344       0x24 ./mbed-src/common/FilePath.o
                0x00002344                mbed::FilePath::fileSystem()
 .text._ZN4mbed8FilePath6isFileEv
                0x00002368       0x34 ./mbed-src/common/FilePath.o
                0x00002368                mbed::FilePath::isFile()
 .text._ZN4mbed8FilePath4fileEv
                0x0000239c       0x34 ./mbed-src/common/FilePath.o
                0x0000239c                mbed::FilePath::file()
 .text._ZN4mbed8FilePath6existsEv
                0x000023d0       0x20 ./mbed-src/common/FilePath.o
                0x000023d0                mbed::FilePath::exists()
 .text._ZN4mbed9DirHandle7telldirEv
                0x000023f0       0x18 ./mbed-src/common/FileSystemLike.o
                0x000023f0                mbed::DirHandle::telldir()
 .text._ZN4mbed9DirHandle7seekdirEl
                0x00002408       0x14 ./mbed-src/common/FileSystemLike.o
                0x00002408                mbed::DirHandle::seekdir(long)
 .text._ZN4mbed9DirHandleD2Ev
                0x0000241c       0x28 ./mbed-src/common/FileSystemLike.o
                0x0000241c                mbed::DirHandle::~DirHandle()
                0x0000241c                mbed::DirHandle::~DirHandle()
 .text._ZN4mbed9DirHandleD0Ev
                0x00002444       0x20 ./mbed-src/common/FileSystemLike.o
                0x00002444                mbed::DirHandle::~DirHandle()
 .text._ZN4mbed14FileSystemLike6removeEPKc
                0x00002464       0x18 ./mbed-src/common/FileSystemLike.o
                0x00002464                mbed::FileSystemLike::remove(char const*)
 .text._ZN4mbed14FileSystemLike6renameEPKcS2_
                0x0000247c       0x1c ./mbed-src/common/FileSystemLike.o
                0x0000247c                mbed::FileSystemLike::rename(char const*, char const*)
 .text._ZN4mbed14FileSystemLike7opendirEPKc
                0x00002498       0x18 ./mbed-src/common/FileSystemLike.o
                0x00002498                mbed::FileSystemLike::opendir(char const*)
 .text._ZN4mbed14FileSystemLike5mkdirEPKcm
                0x000024b0       0x1c ./mbed-src/common/FileSystemLike.o
                0x000024b0                mbed::FileSystemLike::mkdir(char const*, unsigned long)
 .text._ZN4mbed9DirHandleC2Ev
                0x000024cc       0x20 ./mbed-src/common/FileSystemLike.o
                0x000024cc                mbed::DirHandle::DirHandle()
                0x000024cc                mbed::DirHandle::DirHandle()
 .text._ZN4mbed14FileSystemLikeC2EPKc
                0x000024ec       0x2c ./mbed-src/common/FileSystemLike.o
                0x000024ec                mbed::FileSystemLike::FileSystemLike(char const*)
                0x000024ec                mbed::FileSystemLike::FileSystemLike(char const*)
 .text._ZN4mbed14FileSystemLikeD2Ev
                0x00002518       0x30 ./mbed-src/common/FileSystemLike.o
                0x00002518                mbed::FileSystemLike::~FileSystemLike()
                0x00002518                mbed::FileSystemLike::~FileSystemLike()
 .text._ZN4mbed15FunctionPointerC2EPFvvE
                0x00002548       0x1c ./mbed-src/common/FunctionPointer.o
                0x00002548                mbed::FunctionPointer::FunctionPointer(void (*)())
                0x00002548                mbed::FunctionPointer::FunctionPointer(void (*)())
 .text._ZN4mbed15FunctionPointer6attachEPFvvE
                0x00002564       0x20 ./mbed-src/common/FunctionPointer.o
                0x00002564                mbed::FunctionPointer::attach(void (*)())
 .text._ZN4mbed15FunctionPointer4callEv
                0x00002584       0x38 ./mbed-src/common/FunctionPointer.o
                0x00002584                mbed::FunctionPointer::call()
 .text.gpio_read
                0x000025bc       0x28 ./mbed-src/common/InterruptIn.o
 .text._ZN4mbed11InterruptInC2E7PinName
                0x000025e4       0x58 ./mbed-src/common/InterruptIn.o
                0x000025e4                mbed::InterruptIn::InterruptIn(PinName)
                0x000025e4                mbed::InterruptIn::InterruptIn(PinName)
 .text._ZN4mbed11InterruptInD2Ev
                0x0000263c       0x34 ./mbed-src/common/InterruptIn.o
                0x0000263c                mbed::InterruptIn::~InterruptIn()
                0x0000263c                mbed::InterruptIn::~InterruptIn()
 .text._ZN4mbed11InterruptInD0Ev
                0x00002670       0x20 ./mbed-src/common/InterruptIn.o
                0x00002670                mbed::InterruptIn::~InterruptIn()
 .text._ZN4mbed11InterruptIn4readEv
                0x00002690       0x1c ./mbed-src/common/InterruptIn.o
                0x00002690                mbed::InterruptIn::read()
 .text._ZN4mbed11InterruptIn12_irq_handlerEm14gpio_irq_event
                0x000026ac       0x40 ./mbed-src/common/InterruptIn.o
                0x000026ac                mbed::InterruptIn::_irq_handler(unsigned long, gpio_irq_event)
 .text.__semihost
                0x000026ec       0x24 ./mbed-src/common/LocalFileSystem.o
 .text._ZN4mbedL6xffindEPKcPNS_6XFINFOE
                0x00002710       0x38 ./mbed-src/common/LocalFileSystem.o
 .text._ZN4mbed28posix_to_semihost_open_flagsEi
                0x00002748       0x7c ./mbed-src/common/LocalFileSystem.o
                0x00002748                mbed::posix_to_semihost_open_flags(int)
 .text._ZN4mbed15LocalFileHandleC2Ei
                0x000027c4       0x34 ./mbed-src/common/LocalFileSystem.o
                0x000027c4                mbed::LocalFileHandle::LocalFileHandle(int)
                0x000027c4                mbed::LocalFileHandle::LocalFileHandle(int)
 .text._ZN4mbed15LocalFileHandle5closeEv
                0x000027f8       0x30 ./mbed-src/common/LocalFileSystem.o
                0x000027f8                mbed::LocalFileHandle::close()
 .text._ZN4mbed15LocalFileHandle5writeEPKvj
                0x00002828       0x3c ./mbed-src/common/LocalFileSystem.o
                0x00002828                mbed::LocalFileHandle::write(void const*, unsigned int)
 .text._ZN4mbed15LocalFileHandle4readEPvj
                0x00002864       0x3c ./mbed-src/common/LocalFileSystem.o
                0x00002864                mbed::LocalFileHandle::read(void*, unsigned int)
 .text._ZN4mbed15LocalFileHandle6isattyEv
                0x000028a0       0x1c ./mbed-src/common/LocalFileSystem.o
                0x000028a0                mbed::LocalFileHandle::isatty()
 .text._ZN4mbed15LocalFileHandle5lseekEli
                0x000028bc       0x54 ./mbed-src/common/LocalFileSystem.o
                0x000028bc                mbed::LocalFileHandle::lseek(long, int)
 .text._ZN4mbed15LocalFileHandle5fsyncEv
                0x00002910       0x1c ./mbed-src/common/LocalFileSystem.o
                0x00002910                mbed::LocalFileHandle::fsync()
 .text._ZN4mbed15LocalFileHandle4flenEv
                0x0000292c       0x1c ./mbed-src/common/LocalFileSystem.o
                0x0000292c                mbed::LocalFileHandle::flen()
 .text._ZN4mbed14LocalDirHandleC2Ev
                0x00002948       0x2c ./mbed-src/common/LocalFileSystem.o
                0x00002948                mbed::LocalDirHandle::LocalDirHandle()
                0x00002948                mbed::LocalDirHandle::LocalDirHandle()
 .text._ZN4mbed14LocalDirHandle8closedirEv
                0x00002974       0x24 ./mbed-src/common/LocalFileSystem.o
                0x00002974                mbed::LocalDirHandle::closedir()
 .text._ZN4mbed14LocalDirHandle7readdirEv
                0x00002998       0x4c ./mbed-src/common/LocalFileSystem.o
                0x00002998                mbed::LocalDirHandle::readdir()
 .text._ZN4mbed14LocalDirHandle9rewinddirEv
                0x000029e4       0x1c ./mbed-src/common/LocalFileSystem.o
                0x000029e4                mbed::LocalDirHandle::rewinddir()
 .text._ZN4mbed14LocalDirHandle7telldirEv
                0x00002a00       0x18 ./mbed-src/common/LocalFileSystem.o
                0x00002a00                mbed::LocalDirHandle::telldir()
 .text._ZN4mbed14LocalDirHandle7seekdirEl
                0x00002a18       0x1c ./mbed-src/common/LocalFileSystem.o
                0x00002a18                mbed::LocalDirHandle::seekdir(long)
 .text._ZN4mbed15LocalFileSystem4openEPKci
                0x00002a34       0x74 ./mbed-src/common/LocalFileSystem.o
                0x00002a34                mbed::LocalFileSystem::open(char const*, int)
 .text._ZN4mbed15LocalFileSystem6removeEPKc
                0x00002aa8       0x1c ./mbed-src/common/LocalFileSystem.o
                0x00002aa8                mbed::LocalFileSystem::remove(char const*)
 .text._ZN4mbed15LocalFileSystem7opendirEPKc
                0x00002ac4       0x28 ./mbed-src/common/LocalFileSystem.o
                0x00002ac4                mbed::LocalFileSystem::opendir(char const*)
 .text._ZN4mbed14LocalDirHandleD2Ev
                0x00002aec       0x30 ./mbed-src/common/LocalFileSystem.o
                0x00002aec                mbed::LocalDirHandle::~LocalDirHandle()
                0x00002aec                mbed::LocalDirHandle::~LocalDirHandle()
 .text._ZN4mbed14LocalDirHandleD0Ev
                0x00002b1c       0x20 ./mbed-src/common/LocalFileSystem.o
                0x00002b1c                mbed::LocalDirHandle::~LocalDirHandle()
 .text._ZN4mbed15LocalFileSystemD2Ev
                0x00002b3c       0x30 ./mbed-src/common/LocalFileSystem.o
                0x00002b3c                mbed::LocalFileSystem::~LocalFileSystem()
                0x00002b3c                mbed::LocalFileSystem::~LocalFileSystem()
 .text._ZN4mbed15LocalFileSystemD0Ev
                0x00002b6c       0x20 ./mbed-src/common/LocalFileSystem.o
                0x00002b6c                mbed::LocalFileSystem::~LocalFileSystem()
 .text._ZN4mbed15LocalFileHandleD2Ev
                0x00002b8c       0x30 ./mbed-src/common/LocalFileSystem.o
                0x00002b8c                mbed::LocalFileHandle::~LocalFileHandle()
                0x00002b8c                mbed::LocalFileHandle::~LocalFileHandle()
 .text._ZN4mbed15LocalFileHandleD0Ev
                0x00002bbc       0x20 ./mbed-src/common/LocalFileSystem.o
                0x00002bbc                mbed::LocalFileHandle::~LocalFileHandle()
 .text._ZN4mbed6SerialC2E7PinNameS1_PKc
                0x00002bdc       0x44 ./mbed-src/common/Serial.o
                0x00002bdc                mbed::Serial::Serial(PinName, PinName, char const*)
                0x00002bdc                mbed::Serial::Serial(PinName, PinName, char const*)
 .text._ZN4mbed6Serial5_getcEv
                0x00002c20       0x1c ./mbed-src/common/Serial.o
                0x00002c20                mbed::Serial::_getc()
 .text._ZN4mbed6Serial5_putcEi
                0x00002c3c       0x20 ./mbed-src/common/Serial.o
                0x00002c3c                mbed::Serial::_putc(int)
 .text._ZN4mbed6SerialD2Ev
                0x00002c5c       0x44 ./mbed-src/common/Serial.o
                0x00002c5c                mbed::Serial::~Serial()
                0x00002c5c                mbed::Serial::~Serial()
                0x00002c98                non-virtual thunk to mbed::Serial::~Serial()
 .text._ZN4mbed6SerialD0Ev
                0x00002ca0       0x28 ./mbed-src/common/Serial.o
                0x00002ca0                mbed::Serial::~Serial()
                0x00002cc0                non-virtual thunk to mbed::Serial::~Serial()
 .text._ZN4mbed10SerialBaseC2E7PinNameS1_
                0x00002cc8       0x58 ./mbed-src/common/SerialBase.o
                0x00002cc8                mbed::SerialBase::SerialBase(PinName, PinName)
                0x00002cc8                mbed::SerialBase::SerialBase(PinName, PinName)
 .text._ZN4mbed10SerialBase4baudEi
                0x00002d20       0x24 ./mbed-src/common/SerialBase.o
                0x00002d20                mbed::SerialBase::baud(int)
 .text._ZN4mbed10SerialBase8readableEv
                0x00002d44       0x1c ./mbed-src/common/SerialBase.o
                0x00002d44                mbed::SerialBase::readable()
 .text._ZN4mbed10SerialBase12_irq_handlerEm9SerialIrq
                0x00002d60       0x30 ./mbed-src/common/SerialBase.o
                0x00002d60                mbed::SerialBase::_irq_handler(unsigned long, SerialIrq)
 .text._ZN4mbed10SerialBase10_base_getcEv
                0x00002d90       0x1c ./mbed-src/common/SerialBase.o
                0x00002d90                mbed::SerialBase::_base_getc()
 .text._ZN4mbed10SerialBase10_base_putcEi
                0x00002dac       0x20 ./mbed-src/common/SerialBase.o
                0x00002dac                mbed::SerialBase::_base_putc(int)
 .text._ZN4mbed6StreamC2EPKc
                0x00002dcc       0x68 ./mbed-src/common/Stream.o
                0x00002dcc                mbed::Stream::Stream(char const*)
                0x00002dcc                mbed::Stream::Stream(char const*)
 .text._ZN4mbed6StreamD2Ev
                0x00002e34       0x44 ./mbed-src/common/Stream.o
                0x00002e34                mbed::Stream::~Stream()
                0x00002e34                mbed::Stream::~Stream()
 .text._ZN4mbed6Stream4getcEv
                0x00002e78       0x28 ./mbed-src/common/Stream.o
                0x00002e78                mbed::Stream::getc()
 .text._ZN4mbed6Stream5closeEv
                0x00002ea0       0x14 ./mbed-src/common/Stream.o
                0x00002ea0                mbed::Stream::close()
 .text._ZN4mbed6Stream5writeEPKvj
                0x00002eb4       0x5c ./mbed-src/common/Stream.o
                0x00002eb4                mbed::Stream::write(void const*, unsigned int)
 .text._ZN4mbed6Stream4readEPvj
                0x00002f10       0x54 ./mbed-src/common/Stream.o
                0x00002f10                mbed::Stream::read(void*, unsigned int)
 .text._ZN4mbed6Stream5lseekEli
                0x00002f64       0x18 ./mbed-src/common/Stream.o
                0x00002f64                mbed::Stream::lseek(long, int)
 .text._ZN4mbed6Stream6isattyEv
                0x00002f7c       0x14 ./mbed-src/common/Stream.o
                0x00002f7c                mbed::Stream::isatty()
 .text._ZN4mbed6Stream5fsyncEv
                0x00002f90       0x14 ./mbed-src/common/Stream.o
                0x00002f90                mbed::Stream::fsync()
 .text._ZN4mbed6Stream4flenEv
                0x00002fa4       0x14 ./mbed-src/common/Stream.o
                0x00002fa4                mbed::Stream::flen()
 .text._ZN4mbed6Stream6printfEPKcz
                0x00002fb8       0x3c ./mbed-src/common/Stream.o
                0x00002fb8                mbed::Stream::printf(char const*, ...)
 .text._ZN4mbed6Ticker5setupEj
                0x00002ff4       0x38 ./mbed-src/common/Ticker.o
                0x00002ff4                mbed::Ticker::setup(unsigned int)
 .text._ZN4mbed6Ticker7handlerEv
                0x0000302c       0x2c ./mbed-src/common/Ticker.o
                0x0000302c                mbed::Ticker::handler()
 .text._ZN4mbed6TickerD2Ev
                0x00003058       0x30 ./mbed-src/common/Ticker.o
                0x00003058                mbed::Ticker::~Ticker()
                0x00003058                mbed::Ticker::~Ticker()
 .text._ZN4mbed6TickerD0Ev
                0x00003088       0x20 ./mbed-src/common/Ticker.o
                0x00003088                mbed::Ticker::~Ticker()
 .text._ZN4mbed5TimerC2Ev
                0x000030a8       0x18 ./mbed-src/common/Timer.o
                0x000030a8                mbed::Timer::Timer()
                0x000030a8                mbed::Timer::Timer()
 .text._ZN4mbed5Timer5startEv
                0x000030c0       0x20 ./mbed-src/common/Timer.o
                0x000030c0                mbed::Timer::start()
 .text._ZN4mbed5Timer4stopEv
                0x000030e0       0x28 ./mbed-src/common/Timer.o
                0x000030e0                mbed::Timer::stop()
 .text._ZN4mbed5Timer7read_usEv
                0x00003108       0x20 ./mbed-src/common/Timer.o
                0x00003108                mbed::Timer::read_us()
 .text._ZN4mbed5Timer4readEv
                0x00003128       0x30 ./mbed-src/common/Timer.o
                0x00003128                mbed::Timer::read()
 .text._ZN4mbed5Timer9slicetimeEv
                0x00003158       0x28 ./mbed-src/common/Timer.o
                0x00003158                mbed::Timer::slicetime()
 .text._ZN4mbed5Timer5resetEv
                0x00003180       0x20 ./mbed-src/common/Timer.o
                0x00003180                mbed::Timer::reset()
 .text._ZN4mbed10TimerEventC2Ev
                0x000031a0       0x28 ./mbed-src/common/TimerEvent.o
                0x000031a0                mbed::TimerEvent::TimerEvent()
                0x000031a0                mbed::TimerEvent::TimerEvent()
 .text._ZN4mbed10TimerEvent3irqEm
                0x000031c8       0x20 ./mbed-src/common/TimerEvent.o
                0x000031c8                mbed::TimerEvent::irq(unsigned long)
 .text._ZN4mbed10TimerEventD2Ev
                0x000031e8       0x30 ./mbed-src/common/TimerEvent.o
                0x000031e8                mbed::TimerEvent::~TimerEvent()
                0x000031e8                mbed::TimerEvent::~TimerEvent()
 .text._ZN4mbed10TimerEvent6insertEj
                0x00003218       0x20 ./mbed-src/common/TimerEvent.o
                0x00003218                mbed::TimerEvent::insert(unsigned int)
 .text._ZN4mbed10TimerEvent6removeEv
                0x00003238       0x1c ./mbed-src/common/TimerEvent.o
                0x00003238                mbed::TimerEvent::remove()
 .text.gpio_write
                0x00003254       0x30 ./mbed-src/common/board.o
 .text.mbed_die
                0x00003284       0xb8 ./mbed-src/common/board.o
                0x00003284                mbed_die
 .text.exit     0x0000333c       0x24 ./mbed-src/common/exit.o
                0x0000333c                exit
 .text.mbed_interface_connected
                0x00003360       0x10 ./mbed-src/common/mbed_interface.o
                0x00003360                mbed_interface_connected
 .text.pinmap_pinout
                0x00003370       0x68 ./mbed-src/common/pinmap_common.o
                0x00003370                pinmap_pinout
 .text.pinmap_merge
                0x000033d8       0x54 ./mbed-src/common/pinmap_common.o
                0x000033d8                pinmap_merge
 .text.pinmap_peripheral
                0x0000342c       0x5c ./mbed-src/common/pinmap_common.o
                0x0000342c                pinmap_peripheral
 .text._ZN4mbed10FileHandleD2Ev
                0x00003488       0x58 ./mbed-src/common/retarget.o
                0x00003488                mbed::FileHandle::~FileHandle()
                0x00003488                mbed::FileHandle::~FileHandle()
 .text._ZL11init_serialv
                0x000034e0       0x2c ./mbed-src/common/retarget.o
 .text._ZL17openmode_to_posixi
                0x0000350c       0x18 ./mbed-src/common/retarget.o
 .text._open    0x00003524      0x170 ./mbed-src/common/retarget.o
                0x00003524                _open
 .text._close   0x00003694       0x50 ./mbed-src/common/retarget.o
                0x00003694                _close
 .text._write   0x000036e4       0x88 ./mbed-src/common/retarget.o
                0x000036e4                _write
 .text._read    0x0000376c       0x64 ./mbed-src/common/retarget.o
                0x0000376c                _read
 .text._isatty  0x000037d0       0x44 ./mbed-src/common/retarget.o
                0x000037d0                _isatty
 .text._lseek   0x00003814       0x4c ./mbed-src/common/retarget.o
                0x00003814                _lseek
 .text._fstat   0x00003860       0x40 ./mbed-src/common/retarget.o
                0x00003860                _fstat
 .text.__cxa_pure_virtual
                0x000038a0        0xc ./mbed-src/common/retarget.o
                0x000038a0                __cxa_pure_virtual
 .text.__semihost
                0x000038ac       0x24 ./mbed-src/common/semihost_api.o
 .text.semihost_open
                0x000038d0       0x34 ./mbed-src/common/semihost_api.o
                0x000038d0                semihost_open
 .text.semihost_close
                0x00003904       0x1c ./mbed-src/common/semihost_api.o
                0x00003904                semihost_close
 .text.semihost_write
                0x00003920       0x3c ./mbed-src/common/semihost_api.o
                0x00003920                semihost_write
 .text.semihost_read
                0x0000395c       0x30 ./mbed-src/common/semihost_api.o
                0x0000395c                semihost_read
 .text.semihost_istty
                0x0000398c       0x1c ./mbed-src/common/semihost_api.o
                0x0000398c                semihost_istty
 .text.semihost_seek
                0x000039a8       0x28 ./mbed-src/common/semihost_api.o
                0x000039a8                semihost_seek
 .text.semihost_ensure
                0x000039d0       0x1c ./mbed-src/common/semihost_api.o
                0x000039d0                semihost_ensure
 .text.semihost_flen
                0x000039ec       0x1c ./mbed-src/common/semihost_api.o
                0x000039ec                semihost_flen
 .text.semihost_remove
                0x00003a08       0x2c ./mbed-src/common/semihost_api.o
                0x00003a08                semihost_remove
 .text.semihost_exit
                0x00003a34       0x1c ./mbed-src/common/semihost_api.o
                0x00003a34                semihost_exit
 .text.semihost_connected
                0x00003a50       0x24 ./mbed-src/common/semihost_api.o
                0x00003a50                semihost_connected
 .text.us_ticker_set_handler
                0x00003a74       0x20 ./mbed-src/common/us_ticker_api.o
                0x00003a74                us_ticker_set_handler
 .text.us_ticker_irq_handler
                0x00003a94       0x6c ./mbed-src/common/us_ticker_api.o
                0x00003a94                us_ticker_irq_handler
 .text.us_ticker_insert_event
                0x00003b00       0x74 ./mbed-src/common/us_ticker_api.o
                0x00003b00                us_ticker_insert_event
 .text.us_ticker_remove_event
                0x00003b74       0x68 ./mbed-src/common/us_ticker_api.o
                0x00003b74                us_ticker_remove_event
 .text.wait_ms  0x00003bdc       0x20 ./mbed-src/common/wait_api.o
                0x00003bdc                wait_ms
 .text.wait_us  0x00003bfc       0x28 ./mbed-src/common/wait_api.o
                0x00003bfc                wait_us
 .text._ZN17InverseKinematicsC2Eff
                0x00003c24       0x24 ./Walk/Protected/InverseKinematics.o
                0x00003c24                InverseKinematics::InverseKinematics(float, float)
                0x00003c24                InverseKinematics::InverseKinematics(float, float)
 .text._ZN17InverseKinematics15set_angle_limitEff
                0x00003c48       0x24 ./Walk/Protected/InverseKinematics.o
                0x00003c48                InverseKinematics::set_angle_limit(float, float)
 .text._ZN17InverseKinematics7move_toEff
                0x00003c6c       0x2c ./Walk/Protected/InverseKinematics.o
                0x00003c6c                InverseKinematics::move_to(float, float)
 .text._ZN17InverseKinematics15calc_angle_baseEv
                0x00003c98       0xb4 ./Walk/Protected/InverseKinematics.o
                0x00003c98                InverseKinematics::calc_angle_base()
 .text._ZN17InverseKinematics11calc_l_handEv
                0x00003d4c       0x44 ./Walk/Protected/InverseKinematics.o
                0x00003d4c                InverseKinematics::calc_l_hand()
 .text._ZN17InverseKinematics15calc_angle_foreEv
                0x00003d90       0x68 ./Walk/Protected/InverseKinematics.o
                0x00003d90                InverseKinematics::calc_angle_fore()
 .text._ZN17InverseKinematics15calc_angle_handEv
                0x00003df8       0x80 ./Walk/Protected/InverseKinematics.o
                0x00003df8                InverseKinematics::calc_angle_hand()
 .text._ZN17InverseKinematics12calc_x_elbowEv
                0x00003e78       0x80 ./Walk/Protected/InverseKinematics.o
                0x00003e78                InverseKinematics::calc_x_elbow()
 .text._ZN17InverseKinematics12calc_y_elbowEv
                0x00003ef8       0x80 ./Walk/Protected/InverseKinematics.o
                0x00003ef8                InverseKinematics::calc_y_elbow()
 .text._Z14CANID_generateN5CANID4FromENS_2ToENS_8DataTypeE
                0x00003f78       0x34 ./Walk/CANs/CANProtocol.o
                0x00003f78                CANID_generate(CANID::From, CANID::To, CANID::DataType)
 .text._Z11CANID_is_toiN5CANID2ToE
                0x00003fac       0x2c ./Walk/CANs/CANProtocol.o
                0x00003fac                CANID_is_to(int, CANID::To)
 .text._ZN11CANProtocolC2Ev
                0x00003fd8       0x14 ./Walk/CANs/CANReceiver.o
                0x00003fd8                CANProtocol::CANProtocol()
                0x00003fd8                CANProtocol::CANProtocol()
 .text._ZN11CANReceiverC2EPN4mbed3CANE
                0x00003fec       0x24 ./Walk/CANs/CANReceiver.o
                0x00003fec                CANReceiver::CANReceiver(mbed::CAN*)
                0x00003fec                CANReceiver::CANReceiver(mbed::CAN*)
 .text._ZN11CANReceiver7receiveEjPh
                0x00004010       0xfc ./Walk/CANs/CANReceiver.o
                0x00004010                CANReceiver::receive(unsigned int, unsigned char*)
 .text._ZN11CANReceiver8get_dataEN5CANID8DataTypeE
                0x0000410c       0x28 ./Walk/CANs/CANReceiver.o
                0x0000410c                CANReceiver::get_data(CANID::DataType)
 .text._ZN11CANReceiver8get_areaEv
                0x00004134       0x1c ./Walk/CANs/CANReceiver.o
                0x00004134                CANReceiver::get_area()
 .text._ZN11CANReceiver19decode_from_candataEPhii
                0x00004150      0x104 ./Walk/CANs/CANReceiver.o
                0x00004150                CANReceiver::decode_from_candata(unsigned char*, int, int)
 .text._ZN11CAN_MessageC2Ev
                0x00004254       0x14 ./Walk/CANs/CANSender.o
                0x00004254                CAN_Message::CAN_Message()
                0x00004254                CAN_Message::CAN_Message()
 .text._ZN4mbed10CANMessageC2EiPKcc7CANType9CANFormat
                0x00004268       0x4c ./Walk/CANs/CANSender.o
                0x00004268                mbed::CANMessage::CANMessage(int, char const*, char, CANType, CANFormat)
                0x00004268                mbed::CANMessage::CANMessage(int, char const*, char, CANType, CANFormat)
 .text._ZN9CANSenderC2EPN4mbed3CANE
                0x000042b4       0x24 ./Walk/CANs/CANSender.o
                0x000042b4                CANSender::CANSender(mbed::CAN*)
                0x000042b4                CANSender::CANSender(mbed::CAN*)
 .text._ZN9CANSender4sendEif
                0x000042d8      0x100 ./Walk/CANs/CANSender.o
                0x000042d8                CANSender::send(int, float)
 .text._ZN9CANSender19store_value_in_dataEN5CANID8DataTypeEfii
                0x000043d8      0x18c ./Walk/CANs/CANSender.o
                0x000043d8                CANSender::store_value_in_data(CANID::DataType, float, int, int)
 .text._ZN9CANSender16copy_data_in_msgEPN4mbed10CANMessageEN5CANID8DataTypeEi
                0x00004564       0x4c ./Walk/CANs/CANSender.o
                0x00004564                CANSender::copy_data_in_msg(mbed::CANMessage*, CANID::DataType, int)
 .text._ZN4mbed6Ticker6attachEPFvvEf
                0x000045b0       0x34 ./Walk/CANs/CANSynchronizer.o
                0x000045b0                mbed::Ticker::attach(void (*)(), float)
 .text._ZN4mbed6Ticker9attach_usEPFvvEj
                0x000045e4       0x28 ./Walk/CANs/CANSynchronizer.o
                0x000045e4                mbed::Ticker::attach_us(void (*)(), unsigned int)
 .text._ZN4mbed6TickerC2Ev
                0x0000460c       0x30 ./Walk/CANs/CANSynchronizer.o
                0x0000460c                mbed::Ticker::Ticker()
                0x0000460c                mbed::Ticker::Ticker()
 .text._ZN15CANSynchronizerC2EPN4mbed3CANEPFvvE
                0x0000463c       0x34 ./Walk/CANs/CANSynchronizer.o
                0x0000463c                CANSynchronizer::CANSynchronizer(mbed::CAN*, void (*)())
                0x0000463c                CANSynchronizer::CANSynchronizer(mbed::CAN*, void (*)())
 .text._ZN15CANSynchronizer10set_periodEf
                0x00004670       0x5c ./Walk/CANs/CANSynchronizer.o
                0x00004670                CANSynchronizer::set_period(float)
 .text._ZN15CANSynchronizer11timer_resetEb
                0x000046cc       0x4c ./Walk/CANs/CANSynchronizer.o
                0x000046cc                CANSynchronizer::timer_reset(bool)
 .text._ZN10ClockTimerC2Ev
                0x00004718       0x38 ./Walk/ClockTimer.o
                0x00004718                ClockTimer::ClockTimer()
                0x00004718                ClockTimer::ClockTimer()
 .text._ZN10ClockTimer5resetEv
                0x00004750       0x28 ./Walk/ClockTimer.o
                0x00004750                ClockTimer::reset()
 .text._ZN10ClockTimer7calc_dtEv
                0x00004778       0x50 ./Walk/ClockTimer.o
                0x00004778                ClockTimer::calc_dt()
 .text._ZN10ClockTimer6get_dtEv
                0x000047c8       0x18 ./Walk/ClockTimer.o
                0x000047c8                ClockTimer::get_dt()
 .text._ZN17ForwardKinematicsC2EffP12SingleLegQEIffS1_
                0x000047e0       0x30 ./Walk/ForwardKinematics.o
                0x000047e0                ForwardKinematics::ForwardKinematics(float, float, SingleLegQEI*, float, float, SingleLegQEI*)
                0x000047e0                ForwardKinematics::ForwardKinematics(float, float, SingleLegQEI*, float, float, SingleLegQEI*)
 .text._ZN17ForwardKinematics5set_fEffP12SingleLegQEI
                0x00004810       0x2c ./Walk/ForwardKinematics.o
                0x00004810                ForwardKinematics::set_f(float, float, SingleLegQEI*)
 .text._ZN17ForwardKinematics5set_rEffP12SingleLegQEI
                0x0000483c       0x2c ./Walk/ForwardKinematics.o
                0x0000483c                ForwardKinematics::set_r(float, float, SingleLegQEI*)
 .text._ZN17ForwardKinematics8estimateEv
                0x00004868      0x294 ./Walk/ForwardKinematics.o
                0x00004868                ForwardKinematics::estimate()
 .text._ZN17ForwardKinematics10calc_elbowEPNS_7LegInfoE
                0x00004afc       0x84 ./Walk/ForwardKinematics.o
                0x00004afc                ForwardKinematics::calc_elbow(ForwardKinematics::LegInfo*)
 .text._ZN17ForwardKinematics5get_xEv
                0x00004b80       0x18 ./Walk/ForwardKinematics.o
                0x00004b80                ForwardKinematics::get_x()
 .text._ZN17ForwardKinematics5get_yEv
                0x00004b98       0x18 ./Walk/ForwardKinematics.o
                0x00004b98                ForwardKinematics::get_y()
 .text._ZN6LegPIDC2Ev
                0x00004bb0       0x1c ./Walk/LegPID.o
                0x00004bb0                LegPID::LegPID()
                0x00004bb0                LegPID::LegPID()
 .text._ZN6LegPID7set_PIDEP12SingleLegQEIfff
                0x00004bcc       0x40 ./Walk/LegPID.o
                0x00004bcc                LegPID::set_PID(SingleLegQEI*, float, float, float)
 .text._ZN6LegPID9calc_dutyEf
                0x00004c0c       0x34 ./Walk/LegPID.o
                0x00004c0c                LegPID::calc_duty(float)
 .text._ZN6LegPID10reset_dutyEv
                0x00004c40       0x1c ./Walk/LegPID.o
                0x00004c40                LegPID::reset_duty()
 .text._ZN6MRModeC2EP11CANReceiverP9CANSenderNS_4AreaEb
                0x00004c5c       0x40 ./Walk/MRMode.o
                0x00004c5c                MRMode::MRMode(CANReceiver*, CANSender*, MRMode::Area, bool)
                0x00004c5c                MRMode::MRMode(CANReceiver*, CANSender*, MRMode::Area, bool)
 .text._ZN6MRMode6updateEv
                0x00004c9c      0x1d0 ./Walk/MRMode.o
                0x00004c9c                MRMode::update()
 .text._ZN6MRMode11is_switchedEv
                0x00004e6c       0x18 ./Walk/MRMode.o
                0x00004e6c                MRMode::is_switched()
 .text._ZN6MRMode16is_changing_areaEv
                0x00004e84       0x18 ./Walk/MRMode.o
                0x00004e84                MRMode::is_changing_area()
 .text._ZN6MRMode22request_to_change_areaENS_4AreaEN5CANID4FromE
                0x00004e9c       0x40 ./Walk/MRMode.o
                0x00004e9c                MRMode::request_to_change_area(MRMode::Area, CANID::From)
 .text._ZN6MRMode7get_nowEv
                0x00004edc       0x18 ./Walk/MRMode.o
                0x00004edc                MRMode::get_now()
 .text._ZN6MRMode10get_limitsENS_4AreaE
                0x00004ef4       0x24 ./Walk/MRMode.o
                0x00004ef4                MRMode::get_limits(MRMode::Area)
 .text._ZN6MRMode10get_orbitsENS_4AreaE
                0x00004f18       0x28 ./Walk/MRMode.o
                0x00004f18                MRMode::get_orbits(MRMode::Area)
 .text._ZN6MRMode21get_x_dif_change_initEv
                0x00004f40       0x24 ./Walk/MRMode.o
                0x00004f40                MRMode::get_x_dif_change_init()
 .text._ZN6MRMode21get_y_dif_change_initEv
                0x00004f64       0x24 ./Walk/MRMode.o
                0x00004f64                MRMode::get_y_dif_change_init()
 .text._ZN11ParallelLegC2Eiiff
                0x00004f88       0xa4 ./Walk/ParallelLeg.o
                0x00004f88                ParallelLeg::ParallelLeg(int, int, float, float)
                0x00004f88                ParallelLeg::ParallelLeg(int, int, float, float)
 .text._ZN11ParallelLeg16set_dependenciesEP10ClockTimerP6MRModeP11CANReceiverP15CANSynchronizer
                0x0000502c       0x3c ./Walk/ParallelLeg.o
                0x0000502c                ParallelLeg::set_dependencies(ClockTimer*, MRMode*, CANReceiver*, CANSynchronizer*)
 .text._ZN11ParallelLeg13mrmode_updateEv
                0x00005068       0x30 ./Walk/ParallelLeg.o
                0x00005068                ParallelLeg::mrmode_update()
 .text._ZN11ParallelLeg9set_x_limEff
                0x00005098       0x24 ./Walk/ParallelLeg.o
                0x00005098                ParallelLeg::set_x_lim(float, float)
 .text._ZN11ParallelLeg9set_y_limEff
                0x000050bc       0x24 ./Walk/ParallelLeg.o
                0x000050bc                ParallelLeg::set_y_lim(float, float)
 .text._ZN11ParallelLeg10set_limitsEv
                0x000050e0       0x44 ./Walk/ParallelLeg.o
                0x000050e0                ParallelLeg::set_limits()
 .text._ZN11ParallelLeg13set_x_initialEf
                0x00005124       0x1c ./Walk/ParallelLeg.o
                0x00005124                ParallelLeg::set_x_initial(float)
 .text._ZN11ParallelLeg13set_y_initialEf
                0x00005140       0x1c ./Walk/ParallelLeg.o
                0x00005140                ParallelLeg::set_y_initial(float)
 .text._ZN11ParallelLeg11set_initialEff
                0x0000515c       0x68 ./Walk/ParallelLeg.o
                0x0000515c                ParallelLeg::set_initial(float, float)
 .text._ZN11ParallelLeg10set_heightEf
                0x000051c4       0x1c ./Walk/ParallelLeg.o
                0x000051c4                ParallelLeg::set_height(float)
 .text._ZN11ParallelLeg12set_gradientEf
                0x000051e0       0x54 ./Walk/ParallelLeg.o
                0x000051e0                ParallelLeg::set_gradient(float)
 .text._ZN11ParallelLeg10set_orbitsEv
                0x00005234       0x4c ./Walk/ParallelLeg.o
                0x00005234                ParallelLeg::set_orbits()
 .text._ZN11ParallelLeg10set_periodEf
                0x00005280       0x44 ./Walk/ParallelLeg.o
                0x00005280                ParallelLeg::set_period(float)
 .text._ZN11ParallelLeg8set_dutyEf
                0x000052c4       0x5c ./Walk/ParallelLeg.o
                0x000052c4                ParallelLeg::set_duty(float)
 .text._ZN11ParallelLeg12set_walkmodeEN4Gait4ModeEN8Recovery4ModeEf
                0x00005320       0x4c ./Walk/ParallelLeg.o
                0x00005320                ParallelLeg::set_walkmode(Gait::Mode, Recovery::Mode, float)
 .text._ZN11ParallelLeg16trigger_sandduneEi
                0x0000536c       0xec ./Walk/ParallelLeg.o
                0x0000536c                ParallelLeg::trigger_sanddune(int)
 .text._ZN11ParallelLeg15trigger_tussockEi
                0x00005458       0x44 ./Walk/ParallelLeg.o
                0x00005458                ParallelLeg::trigger_tussock(int)
 .text._ZN11ParallelLeg13over_obstacleEv
                0x0000549c       0xac ./Walk/ParallelLeg.o
                0x0000549c                ParallelLeg::over_obstacle()
 .text._ZN11ParallelLeg4walkEff
                0x00005548       0xb8 ./Walk/ParallelLeg.o
                0x00005548                ParallelLeg::walk(float, float)
 .text._ZN11ParallelLeg4walkEv
                0x00005600       0x38 ./Walk/ParallelLeg.o
                0x00005600                ParallelLeg::walk()
 .text._ZN11ParallelLeg12curve_adjustEf
                0x00005638       0x80 ./Walk/ParallelLeg.o
                0x00005638                ParallelLeg::curve_adjust(float)
 .text._ZN11ParallelLeg12timer_updateEv
                0x000056b8       0x64 ./Walk/ParallelLeg.o
                0x000056b8                ParallelLeg::timer_update()
 .text._ZN11ParallelLeg10set_timingEv
                0x0000571c      0x1e4 ./Walk/ParallelLeg.o
                0x0000571c                ParallelLeg::set_timing()
 .text._ZN11ParallelLeg9walk_modeEv
                0x00005900       0xf8 ./Walk/ParallelLeg.o
                0x00005900                ParallelLeg::walk_mode()
 .text._ZN11ParallelLeg10check_flagEv
                0x000059f8      0x160 ./Walk/ParallelLeg.o
                0x000059f8                ParallelLeg::check_flag()
 .text._ZN11ParallelLeg13calc_velocityEv
                0x00005b58       0x9c ./Walk/ParallelLeg.o
                0x00005b58                ParallelLeg::calc_velocity()
 .text._ZN11ParallelLeg13calc_vel_moveEv
                0x00005bf4       0x60 ./Walk/ParallelLeg.o
                0x00005bf4                ParallelLeg::calc_vel_move()
 .text._ZN11ParallelLeg9calc_stepEv
                0x00005c54       0x98 ./Walk/ParallelLeg.o
                0x00005c54                ParallelLeg::calc_step()
 *fill*         0x00005cec        0x4 ff
 .text._ZN11ParallelLeg25calc_vel_recovery_cycloidEff
                0x00005cf0      0x4dc ./Walk/ParallelLeg.o
                0x00005cf0                ParallelLeg::calc_vel_recovery_cycloid(float, float)
 .text._ZN11ParallelLeg13calc_positionEv
                0x000061cc      0x1a4 ./Walk/ParallelLeg.o
                0x000061cc                ParallelLeg::calc_position()
 .text._ZN11ParallelLeg17set_timing_stableEv
                0x00006370      0x290 ./Walk/ParallelLeg.o
                0x00006370                ParallelLeg::set_timing_stable()
 .text._ZN11ParallelLeg16walk_mode_stableEv
                0x00006600      0x258 ./Walk/ParallelLeg.o
                0x00006600                ParallelLeg::walk_mode_stable()
 .text._ZN11ParallelLeg17check_flag_stableEv
                0x00006858      0x198 ./Walk/ParallelLeg.o
                0x00006858                ParallelLeg::check_flag_stable()
 .text._ZN11ParallelLeg20calc_velocity_stableEv
                0x000069f0      0x154 ./Walk/ParallelLeg.o
                0x000069f0                ParallelLeg::calc_velocity_stable()
 .text._ZN11ParallelLeg16calc_step_stableEv
                0x00006b44       0x98 ./Walk/ParallelLeg.o
                0x00006b44                ParallelLeg::calc_step_stable()
 .text._ZN11ParallelLeg20calc_vel_move_stableEv
                0x00006bdc       0x7c ./Walk/ParallelLeg.o
                0x00006bdc                ParallelLeg::calc_vel_move_stable()
 .text._ZN11ParallelLeg28calc_vel_recovery_quadrangleEff
                0x00006c58       0xac ./Walk/ParallelLeg.o
                0x00006c58                ParallelLeg::calc_vel_recovery_quadrangle(float, float)
 .text._ZN11ParallelLeg20calc_position_stableEv
                0x00006d04      0x218 ./Walk/ParallelLeg.o
                0x00006d04                ParallelLeg::calc_position_stable()
 .text._ZN11ParallelLeg23set_timing_activestableEv
                0x00006f1c      0x230 ./Walk/ParallelLeg.o
                0x00006f1c                ParallelLeg::set_timing_activestable()
 .text._ZN11ParallelLeg22walk_mode_activestableEv
                0x0000714c      0x1fc ./Walk/ParallelLeg.o
                0x0000714c                ParallelLeg::walk_mode_activestable()
 .text._ZN11ParallelLeg26calc_velocity_activestableEv
                0x00007348      0x14c ./Walk/ParallelLeg.o
                0x00007348                ParallelLeg::calc_velocity_activestable()
 .text._ZN11ParallelLeg5get_xEv
                0x00007494       0x18 ./Walk/ParallelLeg.o
                0x00007494                ParallelLeg::get_x()
 .text._ZN11ParallelLeg5get_yEv
                0x000074ac       0x18 ./Walk/ParallelLeg.o
                0x000074ac                ParallelLeg::get_y()
 .text._ZN11ParallelLeg19get_x_distance_moveEv
                0x000074c4       0x38 ./Walk/ParallelLeg.o
                0x000074c4                ParallelLeg::get_x_distance_move()
 .text._ZN11ParallelLeg8get_modeEv
                0x000074fc       0x18 ./Walk/ParallelLeg.o
                0x000074fc                ParallelLeg::get_mode()
 .text._ZN11ParallelLeg22get_count_walk_on_duneEv
                0x00007514       0x18 ./Walk/ParallelLeg.o
                0x00007514                ParallelLeg::get_count_walk_on_dune()
 .text._ZN4mbed6PwmOut5writeEf
                0x0000752c       0x1c ./Walk/SingleLeg.o
                0x0000752c                mbed::PwmOut::write(float)
 .text._ZN10InitSwitch4readEv
                0x00007548       0x28 ./Walk/SingleLeg.o
                0x00007548                InitSwitch::read()
 .text._Z13rad_to_degreef
                0x00007570       0x4c ./Walk/SingleLeg.o
                0x00007570                rad_to_degree(float)
 .text._ZN9SingleLegC2E11LegPositionS0_ff
                0x000075bc       0xa0 ./Walk/SingleLeg.o
                0x000075bc                SingleLeg::SingleLeg(LegPosition, LegPosition, float, float)
                0x000075bc                SingleLeg::SingleLeg(LegPosition, LegPosition, float, float)
 .text._ZN9SingleLeg7unitizeEPN4mbed6PwmOutEP12SingleLegQEIP10InitSwitchPNS0_5TimerE
                0x0000765c       0x34 ./Walk/SingleLeg.o
                0x0000765c                SingleLeg::unitize(mbed::PwmOut*, SingleLegQEI*, InitSwitch*, mbed::Timer*)
 .text._ZN9SingleLeg16set_dependenciesEP6MRMode
                0x00007690       0x20 ./Walk/SingleLeg.o
                0x00007690                SingleLeg::set_dependencies(MRMode*)
 .text._ZN9SingleLeg13mrmode_updateEv
                0x000076b0       0x30 ./Walk/SingleLeg.o
                0x000076b0                SingleLeg::mrmode_update()
 .text._ZN9SingleLeg7move_toEff
                0x000076e0       0x50 ./Walk/SingleLeg.o
                0x000076e0                SingleLeg::move_to(float, float)
 .text._ZN9SingleLeg13move_to_angleEf
                0x00007730       0x68 ./Walk/SingleLeg.o
                0x00007730                SingleLeg::move_to_angle(float)
 .text._ZN9SingleLeg12state_updateEv
                0x00007798       0x34 ./Walk/SingleLeg.o
                0x00007798                SingleLeg::state_update()
 .text._ZN9SingleLeg8get_dutyEv
                0x000077cc       0x18 ./Walk/SingleLeg.o
                0x000077cc                SingleLeg::get_duty()
 .text._ZN9SingleLeg7get_encEv
                0x000077e4       0x1c ./Walk/SingleLeg.o
                0x000077e4                SingleLeg::get_enc()
 .text._ZN9SingleLeg6get_swEv
                0x00007800       0x1c ./Walk/SingleLeg.o
                0x00007800                SingleLeg::get_sw()
 .text._ZN9SingleLeg9reset_encEv
                0x0000781c       0x1c ./Walk/SingleLeg.o
                0x0000781c                SingleLeg::reset_enc()
 .text._ZN9SingleLeg17set_PID_from_fileEPKc
                0x00007838       0x74 ./Walk/SingleLeg.o
                0x00007838                SingleLeg::set_PID_from_file(char const*)
 .text._ZN9SingleLeg7set_PIDEfff
                0x000078ac       0x2c ./Walk/SingleLeg.o
                0x000078ac                SingleLeg::set_PID(float, float, float)
 .text._ZN9SingleLeg10set_limitsEv
                0x000078d8       0x58 ./Walk/SingleLeg.o
                0x000078d8                SingleLeg::set_limits()
 .text._ZN9SingleLeg14set_duty_limitEff
                0x00007930       0x40 ./Walk/SingleLeg.o
                0x00007930                SingleLeg::set_duty_limit(float, float)
 .text._ZN9SingleLeg10reset_dutyEv
                0x00007970       0x1c ./Walk/SingleLeg.o
                0x00007970                SingleLeg::reset_duty()
 .text._ZN3QEIC2E7PinNameS0_S0_iNS_8EncodingE
                0x0000798c      0x154 ./QEI/QEI.o
                0x0000798c                QEI::QEI(PinName, PinName, PinName, int, QEI::Encoding)
                0x0000798c                QEI::QEI(PinName, PinName, PinName, int, QEI::Encoding)
 .text._ZN3QEI5resetEv
                0x00007ae0       0x24 ./QEI/QEI.o
                0x00007ae0                QEI::reset()
 .text._ZN3QEI9getPulsesEv
                0x00007b04       0x18 ./QEI/QEI.o
                0x00007b04                QEI::getPulses()
 .text._ZN3QEI6encodeEv
                0x00007b1c      0x14c ./QEI/QEI.o
                0x00007b1c                QEI::encode()
 .text._ZN3QEI5indexEv
                0x00007c68       0x20 ./QEI/QEI.o
                0x00007c68                QEI::index()
 .text._ZN4mbed11InterruptIn4riseI3QEIEEvPT_MS3_FvvE
                0x00007c88       0x38 ./QEI/QEI.o
                0x00007c88                void mbed::InterruptIn::rise<QEI>(QEI*, void (QEI::*)())
 .text._ZN4mbed11InterruptIn4fallI3QEIEEvPT_MS3_FvvE
                0x00007cc0       0x38 ./QEI/QEI.o
                0x00007cc0                void mbed::InterruptIn::fall<QEI>(QEI*, void (QEI::*)())
 .text._ZN4mbed15FunctionPointer6attachI3QEIEEvPT_MS3_FvvE
                0x00007cf8       0x3c ./QEI/QEI.o
                0x00007cf8                void mbed::FunctionPointer::attach<QEI>(QEI*, void (QEI::*)())
 .text._ZN4mbed15FunctionPointer12membercallerI3QEIEEvPvPc
                0x00007d34       0x54 ./QEI/QEI.o
                0x00007d34                void mbed::FunctionPointer::membercaller<QEI>(void*, char*)
 .text._ZN4mbed9DigitalIn4modeE7PinMode
                0x00007d88       0x20 ./QEI/QEI_freePin.o
                0x00007d88                mbed::DigitalIn::mode(PinMode)
 .text._Z13pulse_to_radsf
                0x00007da8       0x38 ./QEI/QEI_freePin.o
                0x00007da8                pulse_to_rads(float)
 .text._Z15pulse_to_degreef
                0x00007de0       0x38 ./QEI/QEI_freePin.o
                0x00007de0                pulse_to_degree(float)
 .text._ZN11QEI_freePinC2E7PinNameS0_f
                0x00007e18       0x84 ./QEI/QEI_freePin.o
                0x00007e18                QEI_freePin::QEI_freePin(PinName, PinName, float)
                0x00007e18                QEI_freePin::QEI_freePin(PinName, PinName, float)
 .text._ZN11QEI_freePin9getPulsesEv
                0x00007e9c       0x34 ./QEI/QEI_freePin.o
                0x00007e9c                QEI_freePin::getPulses()
 .text._ZN12SingleLegQEIC2E7PinNameS0_
                0x00007ed0       0x28 ./QEI/SingleLegQEI.o
                0x00007ed0                SingleLegQEI::SingleLegQEI(PinName, PinName)
                0x00007ed0                SingleLegQEI::SingleLegQEI(PinName, PinName)
 .text._ZN12SingleLegQEI8getAngleEv
                0x00007ef8       0x24 ./QEI/SingleLegQEI.o
                0x00007ef8                SingleLegQEI::getAngle()
 .text._ZN12SingleLegQEI9getRadianEv
                0x00007f1c       0x24 ./QEI/SingleLegQEI.o
                0x00007f1c                SingleLegQEI::getRadian()
 .text._ZN4mbed10DigitalOutaSEi
                0x00007f40       0x1c ./LegFunctions.o
                0x00007f40                mbed::DigitalOut::operator=(int)
 .text._Z7setLegsv
                0x00007f5c      0x11c ./LegFunctions.o
                0x00007f5c                setLegs()
 .text._Z10set_limitsv
                0x00008078       0x74 ./LegFunctions.o
                0x00008078                set_limits()
 .text._Z7moveLegP9SingleLegS0_ff
                0x000080ec       0x2c ./LegFunctions.o
                0x000080ec                moveLeg(SingleLeg*, SingleLeg*, float, float)
 .text._Z8initLegsP9SingleLegP11InitLegInfoS0_S2_P17ForwardKinematics
                0x00008118      0x27c ./LegFunctions.o
                0x00008118                initLegs(SingleLeg*, InitLegInfo*, SingleLeg*, InitLegInfo*, ForwardKinematics*)
 .text._Z8autoInitv
                0x00008394      0x354 ./LegFunctions.o
                0x00008394                autoInit()
 .text._ZN3PIDC2Ev
                0x000086e8       0x14 ./PID.o
                0x000086e8                PID::PID()
                0x000086e8                PID::PID()
 .text._ZN3PIDD2Ev
                0x000086fc       0x14 ./PID.o
                0x000086fc                PID::~PID()
                0x000086fc                PID::~PID()
 .text._ZN3PID9set_timerEPN4mbed5TimerE
                0x00008710       0x1c ./PID.o
                0x00008710                PID::set_timer(mbed::Timer*)
 .text._ZN3PID7set_PIDEfff
                0x0000872c       0x38 ./PID.o
                0x0000872c                PID::set_PID(float, float, float)
 .text._ZN3PID5startEff
                0x00008764       0x68 ./PID.o
                0x00008764                PID::start(float, float)
 .text._ZN3PID12param_updateEff
                0x000087cc       0xc4 ./PID.o
                0x000087cc                PID::param_update(float, float)
 .text._ZN3PID4calcEff
                0x00008890       0xe4 ./PID.o
                0x00008890                PID::calc(float, float)
 .text._ZN3PID6calc_PEv
                0x00008974       0x24 ./PID.o
                0x00008974                PID::calc_P()
 .text._ZN3PID6calc_IEv
                0x00008998       0x8c ./PID.o
                0x00008998                PID::calc_I()
 .text._ZN3PID6calc_DEv
                0x00008a24       0x88 ./PID.o
                0x00008a24                PID::calc_D()
 .text._ZN3PID15param_set_limitEff
                0x00008aac       0x24 ./PID.o
                0x00008aac                PID::param_set_limit(float, float)
 .text._ZN3PID11param_limitEv
                0x00008ad0       0x50 ./PID.o
                0x00008ad0                PID::param_limit()
 .text._ZN3PID11get_opr_nxtEv
                0x00008b20       0x18 ./PID.o
                0x00008b20                PID::get_opr_nxt()
 .text._ZN3PID13reset_opr_nxtEf
                0x00008b38       0x48 ./PID.o
                0x00008b38                PID::reset_opr_nxt(float)
 .text._ZN19PhotoelectricSensorC2E7PinName
                0x00008b80       0x50 ./PhotoelectricSensor.o
                0x00008b80                PhotoelectricSensor::PhotoelectricSensor(PinName)
                0x00008b80                PhotoelectricSensor::PhotoelectricSensor(PinName)
 .text._ZN19PhotoelectricSensor7sensingEv
                0x00008bd0       0x74 ./PhotoelectricSensor.o
                0x00008bd0                PhotoelectricSensor::sensing()
 .text._ZN19PhotoelectricSensor4readEv
                0x00008c44       0x1c ./PhotoelectricSensor.o
                0x00008c44                PhotoelectricSensor::read()
 .text._ZN19PhotoelectricSensor9is_risingEv
                0x00008c60       0x2c ./PhotoelectricSensor.o
                0x00008c60                PhotoelectricSensor::is_rising()
 .text._ZN4mbed6PwmOutC2E7PinName
                0x00008c8c       0x20 ./Pins.o
                0x00008c8c                mbed::PwmOut::PwmOut(PinName)
                0x00008c8c                mbed::PwmOut::PwmOut(PinName)
 .text._ZN4mbed6PwmOut9period_usEi
                0x00008cac       0x1c ./Pins.o
                0x00008cac                mbed::PwmOut::period_us(int)
 .text._ZN10InitSwitchC2E7PinNameb
                0x00008cc8       0x28 ./Pins.o
                0x00008cc8                InitSwitch::InitSwitch(PinName, bool)
                0x00008cc8                InitSwitch::InitSwitch(PinName, bool)
 .text._Z11AdjustCyclei
                0x00008cf0       0x80 ./Pins.o
                0x00008cf0                AdjustCycle(int)
 .text._Z9initPartsv
                0x00008d70       0x90 ./Pins.o
                0x00008d70                initParts()
 .text._ZN3QEID2Ev
                0x00008e00       0x30 ./Pins.o
                0x00008e00                QEI::~QEI()
                0x00008e00                QEI::~QEI()
 .text._ZN11QEI_freePinD2Ev
                0x00008e30       0x1c ./Pins.o
                0x00008e30                QEI_freePin::~QEI_freePin()
                0x00008e30                QEI_freePin::~QEI_freePin()
 .text._ZN12SingleLegQEID2Ev
                0x00008e4c       0x1c ./Pins.o
                0x00008e4c                SingleLegQEI::~SingleLegQEI()
                0x00008e4c                SingleLegQEI::~SingleLegQEI()
 .text._Z41__static_initialization_and_destruction_0ii
                0x00008e68      0x1d8 ./Pins.o
 .text._GLOBAL__sub_I_can
                0x00009040       0x10 ./Pins.o
 .text._Z5limitddd
                0x00009050       0x4c ./functions.o
                0x00009050                limit(double, double, double)
 .text._Z5sqrt2ff
                0x0000909c       0x54 ./functions.o
                0x0000909c                sqrt2(float, float)
 .text._Z11cos_formulafff
                0x000090f0       0x6c ./functions.o
                0x000090f0                cos_formula(float, float, float)
 .text._ZN4mbed10CANMessageC2Ev
                0x0000915c       0x40 ./main.o
                0x0000915c                mbed::CANMessage::CANMessage()
                0x0000915c                mbed::CANMessage::CANMessage()
 .text._ZN4mbed15LocalFileSystemC2EPKc
                0x0000919c       0x28 ./main.o
                0x0000919c                mbed::LocalFileSystem::LocalFileSystem(char const*)
                0x0000919c                mbed::LocalFileSystem::LocalFileSystem(char const*)
 .text.main     0x000091c4      0x2e8 ./main.o
                0x000091c4                main
 .text._Z17CANsnd_TimerResetv
                0x000094ac       0x28 ./main.o
                0x000094ac                CANsnd_TimerReset()
 .text._Z9set_cyclePfS_
                0x000094d4       0xa8 ./main.o
                0x000094d4                set_cycle(float*, float*)
 .text._Z13send_movedistfN5CANID8DataTypeENS_4FromE
                0x0000957c       0x68 ./main.o
                0x0000957c                send_movedist(float, CANID::DataType, CANID::From)
 .text._Z6CANrcvv
                0x000095e4       0x58 ./main.o
                0x000095e4                CANrcv()
 .text._ZN6LegPIDD2Ev
                0x0000963c       0x1c ./main.o
                0x0000963c                LegPID::~LegPID()
                0x0000963c                LegPID::~LegPID()
 .text._ZN9SingleLegD2Ev
                0x00009658       0x1c ./main.o
                0x00009658                SingleLeg::~SingleLeg()
                0x00009658                SingleLeg::~SingleLeg()
 .text._ZN15CANSynchronizerD2Ev
                0x00009674       0x20 ./main.o
                0x00009674                CANSynchronizer::~CANSynchronizer()
                0x00009674                CANSynchronizer::~CANSynchronizer()
 .text._Z41__static_initialization_and_destruction_0ii
                0x00009694      0x1dc ./main.o
 .text._GLOBAL__sub_I_local
                0x00009870       0x10 ./main.o
 .text          0x00009880      0x370 c:/nxp/lpcxpresso_8.2.2_650/lpcxpresso/tools/bin/../lib/gcc/arm-none-eabi/5.4.1/armv7-m\libgcc.a(_arm_addsubdf3.o)
                0x00009880                __aeabi_drsub
                0x00009888                __aeabi_dsub
                0x00009888                __subdf3
                0x0000988c                __aeabi_dadd
                0x0000988c                __adddf3
                0x00009b04                __floatunsidf
                0x00009b04                __aeabi_ui2d
                0x00009b24                __floatsidf
                0x00009b24                __aeabi_i2d
                0x00009b48                __aeabi_f2d
                0x00009b48                __extendsfdf2
                0x00009b84                __floatundidf
                0x00009b84                __aeabi_ul2d
                0x00009b94                __floatdidf
                0x00009b94                __aeabi_l2d
 .text          0x00009bf0      0x424 c:/nxp/lpcxpresso_8.2.2_650/lpcxpresso/tools/bin/../lib/gcc/arm-none-eabi/5.4.1/armv7-m\libgcc.a(_arm_muldivdf3.o)
                0x00009bf0                __aeabi_dmul
                0x00009bf0                __muldf3
                0x00009e44                __divdf3
                0x00009e44                __aeabi_ddiv
 .text          0x0000a014      0x110 c:/nxp/lpcxpresso_8.2.2_650/lpcxpresso/tools/bin/../lib/gcc/arm-none-eabi/5.4.1/armv7-m\libgcc.a(_arm_cmpdf2.o)
                0x0000a014                __gtdf2
                0x0000a014                __gedf2
                0x0000a01c                __ltdf2
                0x0000a01c                __ledf2
                0x0000a024                __nedf2
                0x0000a024                __eqdf2
                0x0000a024                __cmpdf2
                0x0000a0a0                __aeabi_cdrcmple
                0x0000a0b0                __aeabi_cdcmpeq
                0x0000a0b0                __aeabi_cdcmple
                0x0000a0c0                __aeabi_dcmpeq
                0x0000a0d4                __aeabi_dcmplt
                0x0000a0e8                __aeabi_dcmple
                0x0000a0fc                __aeabi_dcmpge
                0x0000a110                __aeabi_dcmpgt
 .text          0x0000a124       0x50 c:/nxp/lpcxpresso_8.2.2_650/lpcxpresso/tools/bin/../lib/gcc/arm-none-eabi/5.4.1/armv7-m\libgcc.a(_arm_fixdfsi.o)
                0x0000a124                __aeabi_d2iz
                0x0000a124                __fixdfsi
 .text          0x0000a174       0xa0 c:/nxp/lpcxpresso_8.2.2_650/lpcxpresso/tools/bin/../lib/gcc/arm-none-eabi/5.4.1/armv7-m\libgcc.a(_arm_truncdfsf2.o)
                0x0000a174                __truncdfsf2
                0x0000a174                __aeabi_d2f
 .text          0x0000a214      0x21c c:/nxp/lpcxpresso_8.2.2_650/lpcxpresso/tools/bin/../lib/gcc/arm-none-eabi/5.4.1/armv7-m\libgcc.a(_arm_addsubsf3.o)
                0x0000a214                __aeabi_frsub
                0x0000a21c                __subsf3
                0x0000a21c                __aeabi_fsub
                0x0000a220                __aeabi_fadd
                0x0000a220                __addsf3
                0x0000a380                __aeabi_ui2f
                0x0000a380                __floatunsisf
                0x0000a388                __aeabi_i2f
                0x0000a388                __floatsisf
                0x0000a3a4                __aeabi_ul2f
                0x0000a3a4                __floatundisf
                0x0000a3b4                __aeabi_l2f
                0x0000a3b4                __floatdisf
 .text          0x0000a430      0x2a0 c:/nxp/lpcxpresso_8.2.2_650/lpcxpresso/tools/bin/../lib/gcc/arm-none-eabi/5.4.1/armv7-m\libgcc.a(_arm_muldivsf3.o)
                0x0000a430                __mulsf3
                0x0000a430                __aeabi_fmul
                0x0000a598                __aeabi_fdiv
                0x0000a598                __divsf3
 .text          0x0000a6d0       0xec c:/nxp/lpcxpresso_8.2.2_650/lpcxpresso/tools/bin/../lib/gcc/arm-none-eabi/5.4.1/armv7-m\libgcc.a(_arm_cmpsf2.o)
                0x0000a6d0                __gesf2
                0x0000a6d0                __gtsf2
                0x0000a6d8                __lesf2
                0x0000a6d8                __ltsf2
                0x0000a6e0                __nesf2
                0x0000a6e0                __eqsf2
                0x0000a6e0                __cmpsf2
                0x0000a740                __aeabi_cfrcmple
                0x0000a748                __aeabi_cfcmpeq
                0x0000a748                __aeabi_cfcmple
                0x0000a758                __aeabi_fcmpeq
                0x0000a76c                __aeabi_fcmplt
                0x0000a780                __aeabi_fcmple
                0x0000a794                __aeabi_fcmpge
                0x0000a7a8                __aeabi_fcmpgt
 .text          0x0000a7bc       0x4c c:/nxp/lpcxpresso_8.2.2_650/lpcxpresso/tools/bin/../lib/gcc/arm-none-eabi/5.4.1/armv7-m\libgcc.a(_arm_fixsfsi.o)
                0x0000a7bc                __aeabi_f2iz
                0x0000a7bc                __fixsfsi
 .text          0x0000a808       0x40 c:/nxp/lpcxpresso_8.2.2_650/lpcxpresso/tools/bin/../lib/gcc/arm-none-eabi/5.4.1/armv7-m\libgcc.a(_arm_fixunssfsi.o)
                0x0000a808                __fixunssfsi
                0x0000a808                __aeabi_f2uiz
 .text          0x0000a848       0x30 c:/nxp/lpcxpresso_8.2.2_650/lpcxpresso/tools/bin/../lib/gcc/arm-none-eabi/5.4.1/armv7-m\libgcc.a(_aeabi_uldivmod.o)
                0x0000a848                __aeabi_uldivmod
 .text          0x0000a878      0x2ec c:/nxp/lpcxpresso_8.2.2_650/lpcxpresso/tools/bin/../lib/gcc/arm-none-eabi/5.4.1/armv7-m\libgcc.a(_udivmoddi4.o)
                0x0000a878                __udivmoddi4
 .text          0x0000ab64        0x4 c:/nxp/lpcxpresso_8.2.2_650/lpcxpresso/tools/bin/../lib/gcc/arm-none-eabi/5.4.1/armv7-m\libgcc.a(_dvmd_tls.o)
                0x0000ab64                __aeabi_idiv0
                0x0000ab64                __aeabi_ldiv0
 .text.__errno  0x0000ab68        0xc c:/nxp/lpcxpresso_8.2.2_650/lpcxpresso/tools/bin/../lib/gcc/arm-none-eabi/5.4.1/../../../../arm-none-eabi/lib/armv7-m\libc.a(lib_a-errno.o)
                0x0000ab68                __errno
 .text._fclose_r
                0x0000ab74       0x84 c:/nxp/lpcxpresso_8.2.2_650/lpcxpresso/tools/bin/../lib/gcc/arm-none-eabi/5.4.1/../../../../arm-none-eabi/lib/armv7-m\libc.a(lib_a-fclose.o)
                0x0000ab74                _fclose_r
 .text.fclose   0x0000abf8       0x10 c:/nxp/lpcxpresso_8.2.2_650/lpcxpresso/tools/bin/../lib/gcc/arm-none-eabi/5.4.1/../../../../arm-none-eabi/lib/armv7-m\libc.a(lib_a-fclose.o)
                0x0000abf8                fclose
 .text.__sflush_r
                0x0000ac08      0x148 c:/nxp/lpcxpresso_8.2.2_650/lpcxpresso/tools/bin/../lib/gcc/arm-none-eabi/5.4.1/../../../../arm-none-eabi/lib/armv7-m\libc.a(lib_a-fflush.o)
                0x0000ac08                __sflush_r
 .text._fflush_r
                0x0000ad50       0x2c c:/nxp/lpcxpresso_8.2.2_650/lpcxpresso/tools/bin/../lib/gcc/arm-none-eabi/5.4.1/../../../../arm-none-eabi/lib/armv7-m\libc.a(lib_a-fflush.o)
                0x0000ad50                _fflush_r
 .text.fflush   0x0000ad7c       0x24 c:/nxp/lpcxpresso_8.2.2_650/lpcxpresso/tools/bin/../lib/gcc/arm-none-eabi/5.4.1/../../../../arm-none-eabi/lib/armv7-m\libc.a(lib_a-fflush.o)
                0x0000ad7c                fflush
 .text.fgetc    0x0000ada0       0x3c c:/nxp/lpcxpresso_8.2.2_650/lpcxpresso/tools/bin/../lib/gcc/arm-none-eabi/5.4.1/../../../../arm-none-eabi/lib/armv7-m\libc.a(lib_a-fgetc.o)
                0x0000ada0                fgetc
 .text._cleanup_r
                0x0000addc        0xc c:/nxp/lpcxpresso_8.2.2_650/lpcxpresso/tools/bin/../lib/gcc/arm-none-eabi/5.4.1/../../../../arm-none-eabi/lib/armv7-m\libc.a(lib_a-findfp.o)
                0x0000addc                _cleanup_r
 .text.__sinit.part.1
                0x0000ade8       0xf0 c:/nxp/lpcxpresso_8.2.2_650/lpcxpresso/tools/bin/../lib/gcc/arm-none-eabi/5.4.1/../../../../arm-none-eabi/lib/armv7-m\libc.a(lib_a-findfp.o)
 .text.__sfmoreglue
                0x0000aed8       0x30 c:/nxp/lpcxpresso_8.2.2_650/lpcxpresso/tools/bin/../lib/gcc/arm-none-eabi/5.4.1/../../../../arm-none-eabi/lib/armv7-m\libc.a(lib_a-findfp.o)
                0x0000aed8                __sfmoreglue
 .text.__sfp    0x0000af08       0x88 c:/nxp/lpcxpresso_8.2.2_650/lpcxpresso/tools/bin/../lib/gcc/arm-none-eabi/5.4.1/../../../../arm-none-eabi/lib/armv7-m\libc.a(lib_a-findfp.o)
                0x0000af08                __sfp
 .text.__sinit  0x0000af90        0xc c:/nxp/lpcxpresso_8.2.2_650/lpcxpresso/tools/bin/../lib/gcc/arm-none-eabi/5.4.1/../../../../arm-none-eabi/lib/armv7-m\libc.a(lib_a-findfp.o)
                0x0000af90                __sinit
 .text.__sfp_lock_acquire
                0x0000af9c        0x4 c:/nxp/lpcxpresso_8.2.2_650/lpcxpresso/tools/bin/../lib/gcc/arm-none-eabi/5.4.1/../../../../arm-none-eabi/lib/armv7-m\libc.a(lib_a-findfp.o)
                0x0000af9c                __sfp_lock_acquire
 .text.__sfp_lock_release
                0x0000afa0        0x4 c:/nxp/lpcxpresso_8.2.2_650/lpcxpresso/tools/bin/../lib/gcc/arm-none-eabi/5.4.1/../../../../arm-none-eabi/lib/armv7-m\libc.a(lib_a-findfp.o)
                0x0000afa0                __sfp_lock_release
 .text._fopen_r
                0x0000afa4       0x8c c:/nxp/lpcxpresso_8.2.2_650/lpcxpresso/tools/bin/../lib/gcc/arm-none-eabi/5.4.1/../../../../arm-none-eabi/lib/armv7-m\libc.a(lib_a-fopen.o)
                0x0000afa4                _fopen_r
 .text.fopen    0x0000b030       0x10 c:/nxp/lpcxpresso_8.2.2_650/lpcxpresso/tools/bin/../lib/gcc/arm-none-eabi/5.4.1/../../../../arm-none-eabi/lib/armv7-m\libc.a(lib_a-fopen.o)
                0x0000b030                fopen
 .text.fprintf  0x0000b040       0x28 c:/nxp/lpcxpresso_8.2.2_650/lpcxpresso/tools/bin/../lib/gcc/arm-none-eabi/5.4.1/../../../../arm-none-eabi/lib/armv7-m\libc.a(lib_a-fprintf.o)
                0x0000b040                fprintf
 .text._malloc_trim_r
                0x0000b068       0x9c c:/nxp/lpcxpresso_8.2.2_650/lpcxpresso/tools/bin/../lib/gcc/arm-none-eabi/5.4.1/../../../../arm-none-eabi/lib/armv7-m\libc.a(lib_a-freer.o)
                0x0000b068                _malloc_trim_r
 .text._free_r  0x0000b104      0x1d0 c:/nxp/lpcxpresso_8.2.2_650/lpcxpresso/tools/bin/../lib/gcc/arm-none-eabi/5.4.1/../../../../arm-none-eabi/lib/armv7-m\libc.a(lib_a-freer.o)
                0x0000b104                _free_r
 .text.fscanf   0x0000b2d4       0x28 c:/nxp/lpcxpresso_8.2.2_650/lpcxpresso/tools/bin/../lib/gcc/arm-none-eabi/5.4.1/../../../../arm-none-eabi/lib/armv7-m\libc.a(lib_a-fscanf.o)
                0x0000b2d4                fscanf
 .text._fseek_r
                0x0000b2fc        0x4 c:/nxp/lpcxpresso_8.2.2_650/lpcxpresso/tools/bin/../lib/gcc/arm-none-eabi/5.4.1/../../../../arm-none-eabi/lib/armv7-m\libc.a(lib_a-fseek.o)
                0x0000b2fc                _fseek_r
 .text._fseeko_r
                0x0000b300      0x2c4 c:/nxp/lpcxpresso_8.2.2_650/lpcxpresso/tools/bin/../lib/gcc/arm-none-eabi/5.4.1/../../../../arm-none-eabi/lib/armv7-m\libc.a(lib_a-fseeko.o)
                0x0000b300                _fseeko_r
 .text._fstat_r
                0x0000b5c4       0x28 c:/nxp/lpcxpresso_8.2.2_650/lpcxpresso/tools/bin/../lib/gcc/arm-none-eabi/5.4.1/../../../../arm-none-eabi/lib/armv7-m\libc.a(lib_a-fstatr.o)
                0x0000b5c4                _fstat_r
 .text.__sfvwrite_r
                0x0000b5ec      0x308 c:/nxp/lpcxpresso_8.2.2_650/lpcxpresso/tools/bin/../lib/gcc/arm-none-eabi/5.4.1/../../../../arm-none-eabi/lib/armv7-m\libc.a(lib_a-fvwrite.o)
                0x0000b5ec                __sfvwrite_r
 .text._fwalk   0x0000b8f4       0x48 c:/nxp/lpcxpresso_8.2.2_650/lpcxpresso/tools/bin/../lib/gcc/arm-none-eabi/5.4.1/../../../../arm-none-eabi/lib/armv7-m\libc.a(lib_a-fwalk.o)
                0x0000b8f4                _fwalk
 .text._fwalk_reent
                0x0000b93c       0x50 c:/nxp/lpcxpresso_8.2.2_650/lpcxpresso/tools/bin/../lib/gcc/arm-none-eabi/5.4.1/../../../../arm-none-eabi/lib/armv7-m\libc.a(lib_a-fwalk.o)
                0x0000b93c                _fwalk_reent
 .text.__libc_init_array
                0x0000b98c       0x50 c:/nxp/lpcxpresso_8.2.2_650/lpcxpresso/tools/bin/../lib/gcc/arm-none-eabi/5.4.1/../../../../arm-none-eabi/lib/armv7-m\libc.a(lib_a-init.o)
                0x0000b98c                __libc_init_array
 .text.__swhatbuf_r
                0x0000b9dc       0x60 c:/nxp/lpcxpresso_8.2.2_650/lpcxpresso/tools/bin/../lib/gcc/arm-none-eabi/5.4.1/../../../../arm-none-eabi/lib/armv7-m\libc.a(lib_a-makebuf.o)
                0x0000b9dc                __swhatbuf_r
 .text.__smakebuf_r
                0x0000ba3c       0x88 c:/nxp/lpcxpresso_8.2.2_650/lpcxpresso/tools/bin/../lib/gcc/arm-none-eabi/5.4.1/../../../../arm-none-eabi/lib/armv7-m\libc.a(lib_a-makebuf.o)
                0x0000ba3c                __smakebuf_r
 .text.malloc   0x0000bac4       0x10 c:/nxp/lpcxpresso_8.2.2_650/lpcxpresso/tools/bin/../lib/gcc/arm-none-eabi/5.4.1/../../../../arm-none-eabi/lib/armv7-m\libc.a(lib_a-malloc.o)
                0x0000bac4                malloc
 .text.free     0x0000bad4       0x10 c:/nxp/lpcxpresso_8.2.2_650/lpcxpresso/tools/bin/../lib/gcc/arm-none-eabi/5.4.1/../../../../arm-none-eabi/lib/armv7-m\libc.a(lib_a-malloc.o)
                0x0000bad4                free
 .text._malloc_r
                0x0000bae4      0x558 c:/nxp/lpcxpresso_8.2.2_650/lpcxpresso/tools/bin/../lib/gcc/arm-none-eabi/5.4.1/../../../../arm-none-eabi/lib/armv7-m\libc.a(lib_a-mallocr.o)
                0x0000bae4                _malloc_r
 .text.memchr   0x0000c03c       0x8c c:/nxp/lpcxpresso_8.2.2_650/lpcxpresso/tools/bin/../lib/gcc/arm-none-eabi/5.4.1/../../../../arm-none-eabi/lib/armv7-m\libc.a(lib_a-memchr-stub.o)
                0x0000c03c                memchr
 .text          0x0000c0c8       0xec c:/nxp/lpcxpresso_8.2.2_650/lpcxpresso/tools/bin/../lib/gcc/arm-none-eabi/5.4.1/../../../../arm-none-eabi/lib/armv7-m\libc.a(lib_a-memcpy.o)
                0x0000c0c8                memcpy
 .text.memmove  0x0000c1b4       0xc8 c:/nxp/lpcxpresso_8.2.2_650/lpcxpresso/tools/bin/../lib/gcc/arm-none-eabi/5.4.1/../../../../arm-none-eabi/lib/armv7-m\libc.a(lib_a-memmove.o)